Archive member included to satisfy reference by file (symbol)

c:/program files (x86)/gnu arm embedded toolchain/10 2021.07/bin/../lib/gcc/arm-none-eabi/10.3.1/../../../../arm-none-eabi/lib/thumb/v7e-m+fp/hard\libc_nano.a(lib_a-exit.o)
                              c:/program files (x86)/gnu arm embedded toolchain/10 2021.07/bin/../lib/gcc/arm-none-eabi/10.3.1/../../../../arm-none-eabi/lib/thumb/v7e-m+fp/hard/crt0.o (exit)
c:/program files (x86)/gnu arm embedded toolchain/10 2021.07/bin/../lib/gcc/arm-none-eabi/10.3.1/../../../../arm-none-eabi/lib/thumb/v7e-m+fp/hard\libc_nano.a(lib_a-impure.o)
                              c:/program files (x86)/gnu arm embedded toolchain/10 2021.07/bin/../lib/gcc/arm-none-eabi/10.3.1/../../../../arm-none-eabi/lib/thumb/v7e-m+fp/hard\libc_nano.a(lib_a-exit.o) (_global_impure_ptr)
c:/program files (x86)/gnu arm embedded toolchain/10 2021.07/bin/../lib/gcc/arm-none-eabi/10.3.1/../../../../arm-none-eabi/lib/thumb/v7e-m+fp/hard\libc_nano.a(lib_a-init.o)
                              c:/program files (x86)/gnu arm embedded toolchain/10 2021.07/bin/../lib/gcc/arm-none-eabi/10.3.1/../../../../arm-none-eabi/lib/thumb/v7e-m+fp/hard/crt0.o (__libc_init_array)
c:/program files (x86)/gnu arm embedded toolchain/10 2021.07/bin/../lib/gcc/arm-none-eabi/10.3.1/../../../../arm-none-eabi/lib/thumb/v7e-m+fp/hard\libc_nano.a(lib_a-memset.o)
                              c:/program files (x86)/gnu arm embedded toolchain/10 2021.07/bin/../lib/gcc/arm-none-eabi/10.3.1/../../../../arm-none-eabi/lib/thumb/v7e-m+fp/hard/crt0.o (memset)
c:/program files (x86)/gnu arm embedded toolchain/10 2021.07/bin/../lib/gcc/arm-none-eabi/10.3.1/../../../../arm-none-eabi/lib/thumb/v7e-m+fp/hard\libnosys.a(_exit.o)
                              c:/program files (x86)/gnu arm embedded toolchain/10 2021.07/bin/../lib/gcc/arm-none-eabi/10.3.1/../../../../arm-none-eabi/lib/thumb/v7e-m+fp/hard\libc_nano.a(lib_a-exit.o) (_exit)
c:/program files (x86)/gnu arm embedded toolchain/10 2021.07/bin/../lib/gcc/arm-none-eabi/10.3.1/thumb/v7e-m+fp/hard\libgcc.a(_aeabi_uldivmod.o)
                              build/stm32l4xx_hal_uart.o (__aeabi_uldivmod)
c:/program files (x86)/gnu arm embedded toolchain/10 2021.07/bin/../lib/gcc/arm-none-eabi/10.3.1/thumb/v7e-m+fp/hard\libgcc.a(_udivmoddi4.o)
                              c:/program files (x86)/gnu arm embedded toolchain/10 2021.07/bin/../lib/gcc/arm-none-eabi/10.3.1/thumb/v7e-m+fp/hard\libgcc.a(_aeabi_uldivmod.o) (__udivmoddi4)
c:/program files (x86)/gnu arm embedded toolchain/10 2021.07/bin/../lib/gcc/arm-none-eabi/10.3.1/thumb/v7e-m+fp/hard\libgcc.a(_dvmd_tls.o)
                              c:/program files (x86)/gnu arm embedded toolchain/10 2021.07/bin/../lib/gcc/arm-none-eabi/10.3.1/thumb/v7e-m+fp/hard\libgcc.a(_aeabi_uldivmod.o) (__aeabi_ldiv0)

Discarded input sections

 .text          0x00000000        0x0 c:/program files (x86)/gnu arm embedded toolchain/10 2021.07/bin/../lib/gcc/arm-none-eabi/10.3.1/thumb/v7e-m+fp/hard/crti.o
 .data          0x00000000        0x0 c:/program files (x86)/gnu arm embedded toolchain/10 2021.07/bin/../lib/gcc/arm-none-eabi/10.3.1/thumb/v7e-m+fp/hard/crti.o
 .bss           0x00000000        0x0 c:/program files (x86)/gnu arm embedded toolchain/10 2021.07/bin/../lib/gcc/arm-none-eabi/10.3.1/thumb/v7e-m+fp/hard/crti.o
 .data          0x00000000        0x4 c:/program files (x86)/gnu arm embedded toolchain/10 2021.07/bin/../lib/gcc/arm-none-eabi/10.3.1/thumb/v7e-m+fp/hard/crtbegin.o
 .rodata        0x00000000       0x24 c:/program files (x86)/gnu arm embedded toolchain/10 2021.07/bin/../lib/gcc/arm-none-eabi/10.3.1/thumb/v7e-m+fp/hard/crtbegin.o
 .text          0x00000000       0x7c c:/program files (x86)/gnu arm embedded toolchain/10 2021.07/bin/../lib/gcc/arm-none-eabi/10.3.1/../../../../arm-none-eabi/lib/thumb/v7e-m+fp/hard/crt0.o
 .data          0x00000000        0x0 c:/program files (x86)/gnu arm embedded toolchain/10 2021.07/bin/../lib/gcc/arm-none-eabi/10.3.1/../../../../arm-none-eabi/lib/thumb/v7e-m+fp/hard/crt0.o
 .bss           0x00000000        0x0 c:/program files (x86)/gnu arm embedded toolchain/10 2021.07/bin/../lib/gcc/arm-none-eabi/10.3.1/../../../../arm-none-eabi/lib/thumb/v7e-m+fp/hard/crt0.o
 .ARM.extab     0x00000000        0x0 c:/program files (x86)/gnu arm embedded toolchain/10 2021.07/bin/../lib/gcc/arm-none-eabi/10.3.1/../../../../arm-none-eabi/lib/thumb/v7e-m+fp/hard/crt0.o
 .ARM.exidx     0x00000000       0x10 c:/program files (x86)/gnu arm embedded toolchain/10 2021.07/bin/../lib/gcc/arm-none-eabi/10.3.1/../../../../arm-none-eabi/lib/thumb/v7e-m+fp/hard/crt0.o
 .ARM.attributes
                0x00000000       0x1c c:/program files (x86)/gnu arm embedded toolchain/10 2021.07/bin/../lib/gcc/arm-none-eabi/10.3.1/../../../../arm-none-eabi/lib/thumb/v7e-m+fp/hard/crt0.o
 .text          0x00000000        0x0 build/AT.o
 .data          0x00000000        0x0 build/AT.o
 .bss           0x00000000        0x0 build/AT.o
[...]
Memory Configuration

Name             Origin             Length             Attributes
RAM              0x20000000         0x00028000         xrw
RAM2             0x10000000         0x00008000         xrw
FLASH            0x08000000         0x00080000         xr
*default*        0x00000000         0xffffffff

Linker script and memory map

LOAD c:/program files (x86)/gnu arm embedded toolchain/10 2021.07/bin/../lib/gcc/arm-none-eabi/10.3.1/thumb/v7e-m+fp/hard/crti.o
LOAD c:/program files (x86)/gnu arm embedded toolchain/10 2021.07/bin/../lib/gcc/arm-none-eabi/10.3.1/thumb/v7e-m+fp/hard/crtbegin.o
LOAD c:/program files (x86)/gnu arm embedded toolchain/10 2021.07/bin/../lib/gcc/arm-none-eabi/10.3.1/../../../../arm-none-eabi/lib/thumb/v7e-m+fp/hard/crt0.o
LOAD build/AT.o
LOAD build/rtc.o
LOAD build/timer.o
LOAD build/main.o
LOAD build/stm32l4xx_it.o
LOAD build/stm32l4xx_hal_msp.o
LOAD build/stm32l4xx_hal_rtc.o
LOAD build/stm32l4xx_hal_rtc_ex.o
LOAD build/stm32l4xx_hal.o
LOAD build/stm32l4xx_hal_i2c.o
LOAD build/stm32l4xx_hal_i2c_ex.o
LOAD build/stm32l4xx_hal_rcc.o
LOAD build/stm32l4xx_hal_rcc_ex.o
LOAD build/stm32l4xx_hal_flash.o
LOAD build/stm32l4xx_hal_flash_ex.o
LOAD build/stm32l4xx_hal_flash_ramfunc.o
LOAD build/stm32l4xx_hal_gpio.o
LOAD build/stm32l4xx_hal_dma.o
LOAD build/stm32l4xx_hal_dma_ex.o
LOAD build/stm32l4xx_hal_pwr.o
LOAD build/stm32l4xx_hal_pwr_ex.o
LOAD build/stm32l4xx_hal_cortex.o
LOAD build/stm32l4xx_hal_exti.o
LOAD build/stm32l4xx_hal_tim.o
LOAD build/stm32l4xx_hal_tim_ex.o
LOAD build/stm32l4xx_hal_uart.o
LOAD build/stm32l4xx_hal_uart_ex.o
LOAD build/system_stm32l4xx.o
LOAD build/startup_stm32l452xx.o
LOAD c:/program files (x86)/gnu arm embedded toolchain/10 2021.07/bin/../lib/gcc/arm-none-eabi/10.3.1/../../../../arm-none-eabi/lib/thumb/v7e-m+fp/hard\libc_nano.a
LOAD c:/program files (x86)/gnu arm embedded toolchain/10 2021.07/bin/../lib/gcc/arm-none-eabi/10.3.1/../../../../arm-none-eabi/lib/thumb/v7e-m+fp/hard\libm.a
LOAD c:/program files (x86)/gnu arm embedded toolchain/10 2021.07/bin/../lib/gcc/arm-none-eabi/10.3.1/../../../../arm-none-eabi/lib/thumb/v7e-m+fp/hard\libnosys.a
START GROUP
LOAD c:/program files (x86)/gnu arm embedded toolchain/10 2021.07/bin/../lib/gcc/arm-none-eabi/10.3.1/thumb/v7e-m+fp/hard\libgcc.a
LOAD c:/program files (x86)/gnu arm embedded toolchain/10 2021.07/bin/../lib/gcc/arm-none-eabi/10.3.1/../../../../arm-none-eabi/lib/thumb/v7e-m+fp/hard\libc_nano.a
END GROUP
START GROUP
LOAD c:/program files (x86)/gnu arm embedded toolchain/10 2021.07/bin/../lib/gcc/arm-none-eabi/10.3.1/thumb/v7e-m+fp/hard\libgcc.a
LOAD c:/program files (x86)/gnu arm embedded toolchain/10 2021.07/bin/../lib/gcc/arm-none-eabi/10.3.1/../../../../arm-none-eabi/lib/thumb/v7e-m+fp/hard\libc_nano.a
END GROUP
LOAD c:/program files (x86)/gnu arm embedded toolchain/10 2021.07/bin/../lib/gcc/arm-none-eabi/10.3.1/thumb/v7e-m+fp/hard/crtend.o
LOAD c:/program files (x86)/gnu arm embedded toolchain/10 2021.07/bin/../lib/gcc/arm-none-eabi/10.3.1/thumb/v7e-m+fp/hard/crtn.o
                0x20028000                _estack = (ORIGIN (RAM) + LENGTH (RAM))
                0x00000200                _Min_Heap_Size = 0x200
                0x00000400                _Min_Stack_Size = 0x400

.isr_vector     0x08000000      0x198
                0x08000000                . = ALIGN (0x8)
 *(.isr_vector)
 .isr_vector    0x08000000      0x194 build/startup_stm32l452xx.o
                0x08000000                g_pfnVectors
                0x08000198                . = ALIGN (0x8)
 *fill*         0x08000194        0x4 

.text           0x08000198     0x30a0
                0x08000198                . = ALIGN (0x8)
 *(.text)
 .text          0x08000198       0x40 c:/program files (x86)/gnu arm embedded toolchain/10 2021.07/bin/../lib/gcc/arm-none-eabi/10.3.1/thumb/v7e-m+fp/hard/crtbegin.o
 .text          0x080001d8       0x30 c:/program files (x86)/gnu arm embedded toolchain/10 2021.07/bin/../lib/gcc/arm-none-eabi/10.3.1/thumb/v7e-m+fp/hard\libgcc.a(_aeabi_uldivmod.o)
                0x080001d8                __aeabi_uldivmod
 .text          0x08000208      0x2d0 c:/program files (x86)/gnu arm embedded toolchain/10 2021.07/bin/../lib/gcc/arm-none-eabi/10.3.1/thumb/v7e-m+fp/hard\libgcc.a(_udivmoddi4.o)
                0x08000208                __udivmoddi4
 .text          0x080004d8        0x4 c:/program files (x86)/gnu arm embedded toolchain/10 2021.07/bin/../lib/gcc/arm-none-eabi/10.3.1/thumb/v7e-m+fp/hard\libgcc.a(_dvmd_tls.o)
                0x080004d8                __aeabi_idiv0
                0x080004d8                __aeabi_ldiv0
 *(.text*)
 .text.MX_RTC_Init
                0x080004dc       0xd8 build/rtc.o
                0x080004dc                MX_RTC_Init
 .text.MX_TIM2_Init
                0x080005b4       0x70 build/timer.o
                0x080005b4                MX_TIM2_Init
 .text.HAL_TIM_PeriodElapsedCallback
                0x08000624        0x2 build/timer.o
                0x08000624                HAL_TIM_PeriodElapsedCallback
 *fill*         0x08000626        0x2 
 .text.MX_GPIO_Init
                0x08000628       0xac build/main.o
 .text.wait_Enable_Sim
                0x080006d4       0x80 build/main.o
                0x080006d4                wait_Enable_Sim
 .text.Error_Handler
                0x08000754        0x4 build/main.o
                0x08000754                Error_Handler
 .text.MX_UART4_Init
                0x08000758       0x38 build/main.o
 .text.MX_USART1_UART_Init
                0x08000790       0x38 build/main.o
 .text.MX_USART3_UART_Init
                0x080007c8       0x38 build/main.o
 .text.SystemClock_Config
                0x08000800       0x98 build/main.o
                0x08000800                SystemClock_Config
 .text.main     0x08000898       0x34 build/main.o
                0x08000898                main
 .text.NMI_Handler
                0x080008cc        0x2 build/stm32l4xx_it.o
                0x080008cc                NMI_Handler
 .text.HardFault_Handler
                0x080008ce        0x2 build/stm32l4xx_it.o
                0x080008ce                HardFault_Handler
 .text.MemManage_Handler
                0x080008d0        0x2 build/stm32l4xx_it.o
                0x080008d0                MemManage_Handler
 .text.BusFault_Handler
                0x080008d2        0x2 build/stm32l4xx_it.o
                0x080008d2                BusFault_Handler
 .text.UsageFault_Handler
                0x080008d4        0x2 build/stm32l4xx_it.o
                0x080008d4                UsageFault_Handler
 .text.SVC_Handler
                0x080008d6        0x2 build/stm32l4xx_it.o
                0x080008d6                SVC_Handler
 .text.DebugMon_Handler
                0x080008d8        0x2 build/stm32l4xx_it.o
                0x080008d8                DebugMon_Handler
 .text.PendSV_Handler
                0x080008da        0x2 build/stm32l4xx_it.o
                0x080008da                PendSV_Handler
 .text.SysTick_Handler
                0x080008dc        0x8 build/stm32l4xx_it.o
                0x080008dc                SysTick_Handler
 .text.TIM2_IRQHandler
                0x080008e4       0x10 build/stm32l4xx_it.o
                0x080008e4                TIM2_IRQHandler
 .text.USART1_IRQHandler
                0x080008f4       0x10 build/stm32l4xx_it.o
                0x080008f4                USART1_IRQHandler
 .text.USART3_IRQHandler
                0x08000904       0x10 build/stm32l4xx_it.o
                0x08000904                USART3_IRQHandler
 .text.RTC_Alarm_IRQHandler
                0x08000914       0x10 build/stm32l4xx_it.o
                0x08000914                RTC_Alarm_IRQHandler
 .text.HAL_MspInit
                0x08000924       0x30 build/stm32l4xx_hal_msp.o
                0x08000924                HAL_MspInit
 .text.HAL_RTC_MspInit
                0x08000954       0x60 build/stm32l4xx_hal_msp.o
                0x08000954                HAL_RTC_MspInit
 .text.HAL_TIM_Base_MspInit
                0x080009b4       0x3a build/stm32l4xx_hal_msp.o
                0x080009b4                HAL_TIM_Base_MspInit
 *fill*         0x080009ee        0x2 
 .text.HAL_UART_MspInit
                0x080009f0      0x174 build/stm32l4xx_hal_msp.o
                0x080009f0                HAL_UART_MspInit
 .text.HAL_RTC_AlarmAEventCallback
                0x08000b64        0x2 build/stm32l4xx_hal_rtc.o
                0x08000b64                HAL_RTC_AlarmAEventCallback
 *fill*         0x08000b66        0x2 
 .text.HAL_RTC_AlarmIRQHandler
                0x08000b68       0x60 build/stm32l4xx_hal_rtc.o
                0x08000b68                HAL_RTC_AlarmIRQHandler
 .text.HAL_RTC_WaitForSynchro
                0x08000bc8       0x32 build/stm32l4xx_hal_rtc.o
                0x08000bc8                HAL_RTC_WaitForSynchro
 .text.RTC_EnterInitMode
                0x08000bfa       0x44 build/stm32l4xx_hal_rtc.o
                0x08000bfa                RTC_EnterInitMode
 *fill*         0x08000c3e        0x2 
 .text.RTC_ExitInitMode
                0x08000c40       0x50 build/stm32l4xx_hal_rtc.o
                0x08000c40                RTC_ExitInitMode
 .text.HAL_RTC_Init
                0x08000c90       0x9a build/stm32l4xx_hal_rtc.o
                0x08000c90                HAL_RTC_Init
 .text.RTC_ByteToBcd2
                0x08000d2a       0x16 build/stm32l4xx_hal_rtc.o
                0x08000d2a                RTC_ByteToBcd2
 .text.HAL_RTC_SetTime
                0x08000d40       0xc8 build/stm32l4xx_hal_rtc.o
                0x08000d40                HAL_RTC_SetTime
 .text.HAL_RTC_SetDate
                0x08000e08       0xa6 build/stm32l4xx_hal_rtc.o
                0x08000e08                HAL_RTC_SetDate
 *fill*         0x08000eae        0x2 
 .text.HAL_RTC_SetAlarm_IT
                0x08000eb0      0x1a0 build/stm32l4xx_hal_rtc.o
                0x08000eb0                HAL_RTC_SetAlarm_IT
 .text.HAL_RTCEx_AlarmBEventCallback
                0x08001050        0x2 build/stm32l4xx_hal_rtc_ex.o
                0x08001050                HAL_RTCEx_AlarmBEventCallback
 *fill*         0x08001052        0x2 
 .text.HAL_InitTick
                0x08001054       0x50 build/stm32l4xx_hal.o
                0x08001054                HAL_InitTick
 .text.HAL_Init
                0x080010a4       0x1e build/stm32l4xx_hal.o
                0x080010a4                HAL_Init
 *fill*         0x080010c2        0x2 
 .text.HAL_IncTick
                0x080010c4       0x18 build/stm32l4xx_hal.o
                0x080010c4                HAL_IncTick
 .text.HAL_GetTick
                0x080010dc        0xc build/stm32l4xx_hal.o
                0x080010dc                HAL_GetTick
 .text.HAL_Delay
                0x080010e8       0x28 build/stm32l4xx_hal.o
                0x080010e8                HAL_Delay
 .text.RCC_SetFlashLatencyFromMSIRange
                0x08001110       0x90 build/stm32l4xx_hal_rcc.o
 .text.HAL_RCC_GetSysClockFreq
                0x080011a0       0xb4 build/stm32l4xx_hal_rcc.o
                0x080011a0                HAL_RCC_GetSysClockFreq
 .text.HAL_RCC_OscConfig
                0x08001254      0x66c build/stm32l4xx_hal_rcc.o
                0x08001254                HAL_RCC_OscConfig
 .text.HAL_RCC_ClockConfig
                0x080018c0      0x188 build/stm32l4xx_hal_rcc.o
                0x080018c0                HAL_RCC_ClockConfig
 .text.HAL_RCC_GetHCLKFreq
                0x08001a48        0xc build/stm32l4xx_hal_rcc.o
                0x08001a48                HAL_RCC_GetHCLKFreq
 .text.HAL_RCC_GetPCLK1Freq
                0x08001a54       0x24 build/stm32l4xx_hal_rcc.o
                0x08001a54                HAL_RCC_GetPCLK1Freq
 .text.HAL_RCC_GetPCLK2Freq
                0x08001a78       0x24 build/stm32l4xx_hal_rcc.o
                0x08001a78                HAL_RCC_GetPCLK2Freq
 .text.RCCEx_PLLSAI1_Config
                0x08001a9c      0x16c build/stm32l4xx_hal_rcc_ex.o
 .text.HAL_RCCEx_PeriphCLKConfig
                0x08001c08      0x398 build/stm32l4xx_hal_rcc_ex.o
                0x08001c08                HAL_RCCEx_PeriphCLKConfig
 .text.HAL_GPIO_Init
                0x08001fa0      0x1c8 build/stm32l4xx_hal_gpio.o
                0x08001fa0                HAL_GPIO_Init
 .text.HAL_GPIO_WritePin
                0x08002168        0xa build/stm32l4xx_hal_gpio.o
                0x08002168                HAL_GPIO_WritePin
 .text.HAL_GPIO_TogglePin
                0x08002172       0x12 build/stm32l4xx_hal_gpio.o
                0x08002172                HAL_GPIO_TogglePin
 .text.HAL_DMA_Abort
                0x08002184       0x4a build/stm32l4xx_hal_dma.o
                0x08002184                HAL_DMA_Abort
 .text.HAL_DMA_Abort_IT
                0x080021ce       0x50 build/stm32l4xx_hal_dma.o
                0x080021ce                HAL_DMA_Abort_IT
 *fill*         0x0800221e        0x2 
 .text.HAL_PWR_EnableBkUpAccess
                0x08002220       0x10 build/stm32l4xx_hal_pwr.o
                0x08002220                HAL_PWR_EnableBkUpAccess
 .text.HAL_PWREx_GetVoltageRange
                0x08002230       0x10 build/stm32l4xx_hal_pwr_ex.o
                0x08002230                HAL_PWREx_GetVoltageRange
 .text.HAL_PWREx_ControlVoltageScaling
                0x08002240       0x90 build/stm32l4xx_hal_pwr_ex.o
                0x08002240                HAL_PWREx_ControlVoltageScaling
 .text.HAL_NVIC_SetPriorityGrouping
                0x080022d0       0x24 build/stm32l4xx_hal_cortex.o
                0x080022d0                HAL_NVIC_SetPriorityGrouping
 .text.HAL_NVIC_SetPriority
                0x080022f4       0x70 build/stm32l4xx_hal_cortex.o
                0x080022f4                HAL_NVIC_SetPriority
 .text.HAL_NVIC_EnableIRQ
                0x08002364       0x1c build/stm32l4xx_hal_cortex.o
                0x08002364                HAL_NVIC_EnableIRQ
 .text.HAL_SYSTICK_Config
                0x08002380       0x28 build/stm32l4xx_hal_cortex.o
                0x08002380                HAL_SYSTICK_Config
 .text.TIM_TI1_ConfigInputStage
                0x080023a8       0x26 build/stm32l4xx_hal_tim.o
 .text.TIM_TI2_ConfigInputStage
                0x080023ce       0x28 build/stm32l4xx_hal_tim.o
 .text.TIM_ITRx_SetConfig
                0x080023f6       0x10 build/stm32l4xx_hal_tim.o
 *fill*         0x08002406        0x2 
 .text.HAL_TIM_Base_Start_IT
                0x08002408       0x74 build/stm32l4xx_hal_tim.o
                0x08002408                HAL_TIM_Base_Start_IT
 .text.HAL_TIM_OC_DelayElapsedCallback
                0x0800247c        0x2 build/stm32l4xx_hal_tim.o
                0x0800247c                HAL_TIM_OC_DelayElapsedCallback
 .text.HAL_TIM_IC_CaptureCallback
                0x0800247e        0x2 build/stm32l4xx_hal_tim.o
                0x0800247e                HAL_TIM_IC_CaptureCallback
 .text.HAL_TIM_PWM_PulseFinishedCallback
                0x08002480        0x2 build/stm32l4xx_hal_tim.o
                0x08002480                HAL_TIM_PWM_PulseFinishedCallback
 .text.HAL_TIM_TriggerCallback
                0x08002482        0x2 build/stm32l4xx_hal_tim.o
                0x08002482                HAL_TIM_TriggerCallback
 .text.HAL_TIM_IRQHandler
                0x08002484      0x19a build/stm32l4xx_hal_tim.o
                0x08002484                HAL_TIM_IRQHandler
 *fill*         0x0800261e        0x2 
 .text.TIM_Base_SetConfig
                0x08002620       0x80 build/stm32l4xx_hal_tim.o
                0x08002620                TIM_Base_SetConfig
 .text.HAL_TIM_Base_Init
                0x080026a0       0x60 build/stm32l4xx_hal_tim.o
                0x080026a0                HAL_TIM_Base_Init
 .text.TIM_ETR_SetConfig
                0x08002700       0x1a build/stm32l4xx_hal_tim.o
                0x08002700                TIM_ETR_SetConfig
 *fill*         0x0800271a        0x2 
 .text.HAL_TIM_ConfigClockSource
                0x0800271c      0x100 build/stm32l4xx_hal_tim.o
                0x0800271c                HAL_TIM_ConfigClockSource
 .text.HAL_TIMEx_MasterConfigSynchronization
                0x0800281c       0x78 build/stm32l4xx_hal_tim_ex.o
                0x0800281c                HAL_TIMEx_MasterConfigSynchronization
 .text.HAL_TIMEx_CommutCallback
                0x08002894        0x2 build/stm32l4xx_hal_tim_ex.o
                0x08002894                HAL_TIMEx_CommutCallback
 .text.HAL_TIMEx_BreakCallback
                0x08002896        0x2 build/stm32l4xx_hal_tim_ex.o
                0x08002896                HAL_TIMEx_BreakCallback
 .text.HAL_TIMEx_Break2Callback
                0x08002898        0x2 build/stm32l4xx_hal_tim_ex.o
                0x08002898                HAL_TIMEx_Break2Callback
 .text.UART_EndRxTransfer
                0x0800289a       0x50 build/stm32l4xx_hal_uart.o
 .text.HAL_UART_TxCpltCallback
                0x080028ea        0x2 build/stm32l4xx_hal_uart.o
                0x080028ea                HAL_UART_TxCpltCallback
 .text.UART_EndTransmit_IT
                0x080028ec       0x22 build/stm32l4xx_hal_uart.o
 .text.HAL_UART_ErrorCallback
                0x0800290e        0x2 build/stm32l4xx_hal_uart.o
                0x0800290e                HAL_UART_ErrorCallback
 .text.UART_DMAAbortOnError
                0x08002910       0x14 build/stm32l4xx_hal_uart.o
 .text.HAL_UARTEx_RxEventCallback
                0x08002924        0x2 build/stm32l4xx_hal_uart.o
                0x08002924                HAL_UARTEx_RxEventCallback
 *fill*         0x08002926        0x2 
 .text.HAL_UART_IRQHandler
                0x08002928      0x2e4 build/stm32l4xx_hal_uart.o
                0x08002928                HAL_UART_IRQHandler
 .text.UART_SetConfig
                0x08002c0c      0x2e0 build/stm32l4xx_hal_uart.o
                0x08002c0c                UART_SetConfig
 .text.UART_AdvFeatureConfig
                0x08002eec       0xca build/stm32l4xx_hal_uart.o
                0x08002eec                UART_AdvFeatureConfig
 .text.UART_WaitOnFlagUntilTimeout
                0x08002fb6       0xd4 build/stm32l4xx_hal_uart.o
                0x08002fb6                UART_WaitOnFlagUntilTimeout
 .text.UART_CheckIdleState
                0x0800308a       0x70 build/stm32l4xx_hal_uart.o
                0x0800308a                UART_CheckIdleState
 .text.HAL_UART_Init
                0x080030fa       0x62 build/stm32l4xx_hal_uart.o
                0x080030fa                HAL_UART_Init
 .text.HAL_UARTEx_WakeupCallback
                0x0800315c        0x2 build/stm32l4xx_hal_uart_ex.o
                0x0800315c                HAL_UARTEx_WakeupCallback
 *fill*         0x0800315e        0x2 
 .text.SystemInit
                0x08003160       0x14 build/system_stm32l4xx.o
                0x08003160                SystemInit
 .text.Reset_Handler
                0x08003174       0x50 build/startup_stm32l452xx.o
                0x08003174                Reset_Handler
 .text.Default_Handler
                0x080031c4        0x2 build/startup_stm32l452xx.o
                0x080031c4                EXTI2_IRQHandler
                0x080031c4                TIM1_CC_IRQHandler
                0x080031c4                TSC_IRQHandler
                0x080031c4                TAMP_STAMP_IRQHandler
                0x080031c4                EXTI3_IRQHandler
                0x080031c4                LPTIM2_IRQHandler
                0x080031c4                DFSDM1_FLT1_IRQHandler
                0x080031c4                I2C3_ER_IRQHandler
                0x080031c4                EXTI0_IRQHandler
                0x080031c4                I2C2_EV_IRQHandler
                0x080031c4                CAN1_RX0_IRQHandler
                0x080031c4                FPU_IRQHandler
                0x080031c4                TIM1_UP_TIM16_IRQHandler
                0x080031c4                SPI1_IRQHandler
                0x080031c4                TIM6_DAC_IRQHandler
                0x080031c4                DMA2_Channel2_IRQHandler
                0x080031c4                DMA1_Channel4_IRQHandler
                0x080031c4                ADC1_IRQHandler
                0x080031c4                DMA1_Channel7_IRQHandler
                0x080031c4                CAN1_RX1_IRQHandler
                0x080031c4                DMA2_Channel1_IRQHandler
                0x080031c4                QUADSPI_IRQHandler
                0x080031c4                I2C1_EV_IRQHandler
                0x080031c4                DMA1_Channel6_IRQHandler
                0x080031c4                UART4_IRQHandler
                0x080031c4                DMA2_Channel4_IRQHandler
                0x080031c4                TIM3_IRQHandler
                0x080031c4                RCC_IRQHandler
                0x080031c4                TIM1_TRG_COM_IRQHandler
                0x080031c4                DMA1_Channel1_IRQHandler
                0x080031c4                Default_Handler
                0x080031c4                DMA2_Channel7_IRQHandler
                0x080031c4                EXTI15_10_IRQHandler
                0x080031c4                SDMMC1_IRQHandler
                0x080031c4                I2C3_EV_IRQHandler
                0x080031c4                USB_IRQHandler
                0x080031c4                EXTI9_5_IRQHandler
                0x080031c4                RTC_WKUP_IRQHandler
                0x080031c4                PVD_PVM_IRQHandler
                0x080031c4                SPI2_IRQHandler
                0x080031c4                CAN1_TX_IRQHandler
                0x080031c4                DMA2_Channel5_IRQHandler
                0x080031c4                CRS_IRQHandler
                0x080031c4                DMA1_Channel5_IRQHandler
                0x080031c4                EXTI4_IRQHandler
                0x080031c4                RNG_IRQHandler
                0x080031c4                DMA1_Channel3_IRQHandler
                0x080031c4                COMP_IRQHandler
                0x080031c4                WWDG_IRQHandler
                0x080031c4                I2C4_EV_IRQHandler
                0x080031c4                LPUART1_IRQHandler
                0x080031c4                DMA2_Channel6_IRQHandler
                0x080031c4                EXTI1_IRQHandler
                0x080031c4                USART2_IRQHandler
                0x080031c4                DFSDM1_FLT0_IRQHandler
                0x080031c4                I2C2_ER_IRQHandler
                0x080031c4                DMA1_Channel2_IRQHandler
                0x080031c4                CAN1_SCE_IRQHandler
                0x080031c4                FLASH_IRQHandler
                0x080031c4                SPI3_IRQHandler
                0x080031c4                I2C1_ER_IRQHandler
                0x080031c4                LPTIM1_IRQHandler
                0x080031c4                I2C4_ER_IRQHandler
                0x080031c4                SAI1_IRQHandler
                0x080031c4                DMA2_Channel3_IRQHandler
                0x080031c4                TIM1_BRK_TIM15_IRQHandler
 *fill*         0x080031c6        0x2 
 .text.__libc_init_array
                0x080031c8       0x48 c:/program files (x86)/gnu arm embedded toolchain/10 2021.07/bin/../lib/gcc/arm-none-eabi/10.3.1/../../../../arm-none-eabi/lib/thumb/v7e-m+fp/hard\libc_nano.a(lib_a-init.o)
                0x080031c8                __libc_init_array
 .text.memset   0x08003210       0x10 c:/program files (x86)/gnu arm embedded toolchain/10 2021.07/bin/../lib/gcc/arm-none-eabi/10.3.1/../../../../arm-none-eabi/lib/thumb/v7e-m+fp/hard\libc_nano.a(lib_a-memset.o)
                0x08003210                memset
 *(.glue_7)
 .glue_7        0x08003220        0x0 linker stubs
 *(.glue_7t)
 .glue_7t       0x08003220        0x0 linker stubs
 *(.eh_frame)
 .eh_frame      0x08003220        0x0 c:/program files (x86)/gnu arm embedded toolchain/10 2021.07/bin/../lib/gcc/arm-none-eabi/10.3.1/thumb/v7e-m+fp/hard/crtbegin.o
 *(.init)
 .init          0x08003220        0x4 c:/program files (x86)/gnu arm embedded toolchain/10 2021.07/bin/../lib/gcc/arm-none-eabi/10.3.1/thumb/v7e-m+fp/hard/crti.o
                0x08003220                _init
 .init          0x08003224        0x8 c:/program files (x86)/gnu arm embedded toolchain/10 2021.07/bin/../lib/gcc/arm-none-eabi/10.3.1/thumb/v7e-m+fp/hard/crtn.o
 *(.fini)
 .fini          0x0800322c        0x4 c:/program files (x86)/gnu arm embedded toolchain/10 2021.07/bin/../lib/gcc/arm-none-eabi/10.3.1/thumb/v7e-m+fp/hard/crti.o
                0x0800322c                _fini
 .fini          0x08003230        0x8 c:/program files (x86)/gnu arm embedded toolchain/10 2021.07/bin/../lib/gcc/arm-none-eabi/10.3.1/thumb/v7e-m+fp/hard/crtn.o
                0x08003238                . = ALIGN (0x8)
                0x08003238                _etext = .

.vfp11_veneer   0x08003238        0x0
 .vfp11_veneer  0x08003238        0x0 linker stubs

.v4_bx          0x08003238        0x0
 .v4_bx         0x08003238        0x0 linker stubs

.iplt           0x08003238        0x0
 .iplt          0x08003238        0x0 c:/program files (x86)/gnu arm embedded toolchain/10 2021.07/bin/../lib/gcc/arm-none-eabi/10.3.1/thumb/v7e-m+fp/hard/crtbegin.o

.rodata         0x08003238       0x48
                0x08003238                . = ALIGN (0x8)
 *(.rodata)
 *(.rodata*)
 .rodata.AHBPrescTable
                0x08003238       0x10 build/system_stm32l4xx.o
                0x08003238                AHBPrescTable
 .rodata.APBPrescTable
                0x08003248        0x8 build/system_stm32l4xx.o
                0x08003248                APBPrescTable
 .rodata.MSIRangeTable
                0x08003250       0x30 build/system_stm32l4xx.o
                0x08003250                MSIRangeTable
                0x08003280                . = ALIGN (0x8)

.ARM.extab      0x08003280        0x0
                0x08003280                . = ALIGN (0x8)
 *(.ARM.extab* .gnu.linkonce.armextab.*)
                0x08003280                . = ALIGN (0x8)

.ARM            0x08003280        0x8
                0x08003280                . = ALIGN (0x8)
                0x08003280                __exidx_start = .
 *(.ARM.exidx*)
 .ARM.exidx     0x08003280        0x8 c:/program files (x86)/gnu arm embedded toolchain/10 2021.07/bin/../lib/gcc/arm-none-eabi/10.3.1/thumb/v7e-m+fp/hard\libgcc.a(_udivmoddi4.o)
                0x08003288                __exidx_end = .
                0x08003288                . = ALIGN (0x8)

.rel.dyn        0x08003288        0x0
 .rel.iplt      0x08003288        0x0 c:/program files (x86)/gnu arm embedded toolchain/10 2021.07/bin/../lib/gcc/arm-none-eabi/10.3.1/thumb/v7e-m+fp/hard/crtbegin.o

.preinit_array  0x08003288        0x0
                0x08003288                . = ALIGN (0x8)
                0x08003288                PROVIDE (__preinit_array_start = .)
 *(.preinit_array*)
                0x08003288                PROVIDE (__preinit_array_end = .)
                0x08003288                . = ALIGN (0x8)

.init_array     0x08003288        0x8
                0x08003288                . = ALIGN (0x8)
                0x08003288                PROVIDE (__init_array_start = .)
 *(SORT_BY_NAME(.init_array.*))
 *(.init_array*)
 .init_array    0x08003288        0x4 c:/program files (x86)/gnu arm embedded toolchain/10 2021.07/bin/../lib/gcc/arm-none-eabi/10.3.1/thumb/v7e-m+fp/hard/crtbegin.o
                0x0800328c                PROVIDE (__init_array_end = .)
                0x08003290                . = ALIGN (0x8)
 *fill*         0x0800328c        0x4 

.fini_array     0x08003290        0x8
                0x08003290                . = ALIGN (0x8)
                [!provide]                PROVIDE (__fini_array_start = .)
 *(SORT_BY_NAME(.fini_array.*))
 *(.fini_array*)
 .fini_array    0x08003290        0x4 c:/program files (x86)/gnu arm embedded toolchain/10 2021.07/bin/../lib/gcc/arm-none-eabi/10.3.1/thumb/v7e-m+fp/hard/crtbegin.o
                [!provide]                PROVIDE (__fini_array_end = .)
                0x08003298                . = ALIGN (0x8)
 *fill*         0x08003294        0x4 
                0x08003298                _sidata = LOADADDR (.data)

.data           0x20000000       0x10 load address 0x08003298
                0x20000000                . = ALIGN (0x8)
                0x20000000                _sdata = .
 *(.data)
 *(.data*)
 .data.uwTickFreq
                0x20000000        0x1 build/stm32l4xx_hal.o
                0x20000000                uwTickFreq
 *fill*         0x20000001        0x3 
 .data.uwTickPrio
                0x20000004        0x4 build/stm32l4xx_hal.o
                0x20000004                uwTickPrio
 .data.SystemCoreClock
                0x20000008        0x4 build/system_stm32l4xx.o
                0x20000008                SystemCoreClock
                0x20000010                . = ALIGN (0x8)
 *fill*         0x2000000c        0x4 
                0x20000010                _edata = .

.igot.plt       0x20000010        0x0 load address 0x080032a8
 .igot.plt      0x20000010        0x0 c:/program files (x86)/gnu arm embedded toolchain/10 2021.07/bin/../lib/gcc/arm-none-eabi/10.3.1/thumb/v7e-m+fp/hard/crtbegin.o
                0x20000010                . = ALIGN (0x4)

.bss            0x20000010      0x21c load address 0x080032a8
                0x20000010                _sbss = .
                0x20000010                __bss_start__ = _sbss
 *(.bss)
 .bss           0x20000010       0x1c c:/program files (x86)/gnu arm embedded toolchain/10 2021.07/bin/../lib/gcc/arm-none-eabi/10.3.1/thumb/v7e-m+fp/hard/crtbegin.o
 *(.bss*)
 .bss.hrtc      0x2000002c       0x24 build/rtc.o
                0x2000002c                hrtc
 .bss.htim2     0x20000050       0x4c build/timer.o
                0x20000050                htim2
 .bss.huart1    0x2000009c       0x84 build/main.o
                0x2000009c                huart1
 .bss.huart3    0x20000120       0x84 build/main.o
                0x20000120                huart3
 .bss.huart4    0x200001a4       0x84 build/main.o
                0x200001a4                huart4
 .bss.uwTick    0x20000228        0x4 build/stm32l4xx_hal.o
                0x20000228                uwTick
 *(COMMON)
                0x2000022c                . = ALIGN (0x4)
                0x2000022c                _ebss = .
                0x2000022c                __bss_end__ = _ebss

._user_heap_stack
                0x2000022c      0x604 load address 0x080032a8
                0x20000230                . = ALIGN (0x8)
 *fill*         0x2000022c        0x4 
                [!provide]                PROVIDE (end = .)
                [!provide]                PROVIDE (_end = .)
                0x20000430                . = (. + _Min_Heap_Size)
 *fill*         0x20000230      0x200 
                0x20000830                . = (. + _Min_Stack_Size)
 *fill*         0x20000430      0x400 
                0x20000830                . = ALIGN (0x8)

/DISCARD/
 libc.a(*)
 libm.a(*)
 libgcc.a(*)

.ARM.attributes
                0x00000000       0x30
 *(.ARM.attributes)
 .ARM.attributes
                0x00000000       0x1e c:/program files (x86)/gnu arm embedded toolchain/10 2021.07/bin/../lib/gcc/arm-none-eabi/10.3.1/thumb/v7e-m+fp/hard/crti.o
 .ARM.attributes
                0x0000001e       0x34 c:/program files (x86)/gnu arm embedded toolchain/10 2021.07/bin/../lib/gcc/arm-none-eabi/10.3.1/thumb/v7e-m+fp/hard/crtbegin.o
 .ARM.attributes
                0x00000052       0x34 build/rtc.o
 .ARM.attributes
                0x00000086       0x34 build/timer.o
 .ARM.attributes
                0x000000ba       0x34 build/main.o
 .ARM.attributes
                0x000000ee       0x34 build/stm32l4xx_it.o
 .ARM.attributes
                0x00000122       0x34 build/stm32l4xx_hal_msp.o
 .ARM.attributes
                0x00000156       0x34 build/stm32l4xx_hal_rtc.o
 .ARM.attributes
                0x0000018a       0x34 build/stm32l4xx_hal_rtc_ex.o
 .ARM.attributes
                0x000001be       0x34 build/stm32l4xx_hal.o
 .ARM.attributes
                0x000001f2       0x34 build/stm32l4xx_hal_rcc.o
 .ARM.attributes
                0x00000226       0x34 build/stm32l4xx_hal_rcc_ex.o
 .ARM.attributes
                0x0000025a       0x34 build/stm32l4xx_hal_gpio.o
 .ARM.attributes
                0x0000028e       0x34 build/stm32l4xx_hal_dma.o
 .ARM.attributes
                0x000002c2       0x34 build/stm32l4xx_hal_pwr.o
 .ARM.attributes
                0x000002f6       0x34 build/stm32l4xx_hal_pwr_ex.o
 .ARM.attributes
                0x0000032a       0x34 build/stm32l4xx_hal_cortex.o
 .ARM.attributes
                0x0000035e       0x34 build/stm32l4xx_hal_tim.o
 .ARM.attributes
                0x00000392       0x34 build/stm32l4xx_hal_tim_ex.o
 .ARM.attributes
                0x000003c6       0x34 build/stm32l4xx_hal_uart.o
 .ARM.attributes
                0x000003fa       0x34 build/stm32l4xx_hal_uart_ex.o
 .ARM.attributes
                0x0000042e       0x34 build/system_stm32l4xx.o
 .ARM.attributes
                0x00000462       0x21 build/startup_stm32l452xx.o
 .ARM.attributes
                0x00000483       0x34 c:/program files (x86)/gnu arm embedded toolchain/10 2021.07/bin/../lib/gcc/arm-none-eabi/10.3.1/../../../../arm-none-eabi/lib/thumb/v7e-m+fp/hard\libc_nano.a(lib_a-init.o)
 .ARM.attributes
                0x000004b7       0x34 c:/program files (x86)/gnu arm embedded toolchain/10 2021.07/bin/../lib/gcc/arm-none-eabi/10.3.1/../../../../arm-none-eabi/lib/thumb/v7e-m+fp/hard\libc_nano.a(lib_a-memset.o)
 .ARM.attributes
                0x000004eb       0x1e c:/program files (x86)/gnu arm embedded toolchain/10 2021.07/bin/../lib/gcc/arm-none-eabi/10.3.1/thumb/v7e-m+fp/hard\libgcc.a(_aeabi_uldivmod.o)
 .ARM.attributes
                0x00000509       0x34 c:/program files (x86)/gnu arm embedded toolchain/10 2021.07/bin/../lib/gcc/arm-none-eabi/10.3.1/thumb/v7e-m+fp/hard\libgcc.a(_udivmoddi4.o)
 .ARM.attributes
                0x0000053d       0x1e c:/program files (x86)/gnu arm embedded toolchain/10 2021.07/bin/../lib/gcc/arm-none-eabi/10.3.1/thumb/v7e-m+fp/hard\libgcc.a(_dvmd_tls.o)
 .ARM.attributes
                0x0000055b       0x1e c:/program files (x86)/gnu arm embedded toolchain/10 2021.07/bin/../lib/gcc/arm-none-eabi/10.3.1/thumb/v7e-m+fp/hard/crtn.o
OUTPUT(build/usart_sim.elf elf32-littlearm)
LOAD linker stubs
LOAD c:/program files (x86)/gnu arm embedded toolchain/10 2021.07/bin/../lib/gcc/arm-none-eabi/10.3.1/../../../../arm-none-eabi/lib/thumb/v7e-m+fp/hard\libc.a
LOAD c:/program files (x86)/gnu arm embedded toolchain/10 2021.07/bin/../lib/gcc/arm-none-eabi/10.3.1/../../../../arm-none-eabi/lib/thumb/v7e-m+fp/hard\libm.a
LOAD c:/program files (x86)/gnu arm embedded toolchain/10 2021.07/bin/../lib/gcc/arm-none-eabi/10.3.1/thumb/v7e-m+fp/hard\libgcc.a

.debug_info     0x00000000    0x1b786
 .debug_info    0x00000000      0x912 build/rtc.o
 .debug_info    0x00000912      0x8f8 build/timer.o
 .debug_info    0x0000120a     0x16e9 build/main.o
 .debug_info    0x000028f3     0x116d build/stm32l4xx_it.o
 .debug_info    0x00003a60     0x1c91 build/stm32l4xx_hal_msp.o
 .debug_info    0x000056f1     0x13b9 build/stm32l4xx_hal_rtc.o
 .debug_info    0x00006aaa     0x1587 build/stm32l4xx_hal_rtc_ex.o
 .debug_info    0x00008031      0xcba build/stm32l4xx_hal.o
 .debug_info    0x00008ceb     0x1062 build/stm32l4xx_hal_rcc.o
 .debug_info    0x00009d4d     0x145d build/stm32l4xx_hal_rcc_ex.o
 .debug_info    0x0000b1aa      0x92d build/stm32l4xx_hal_gpio.o
 .debug_info    0x0000bad7      0x8ea build/stm32l4xx_hal_dma.o
 .debug_info    0x0000c3c1      0xac8 build/stm32l4xx_hal_pwr.o
 .debug_info    0x0000ce89      0xb22 build/stm32l4xx_hal_pwr_ex.o
 .debug_info    0x0000d9ab     0x1132 build/stm32l4xx_hal_cortex.o
 .debug_info    0x0000eadd     0x4203 build/stm32l4xx_hal_tim.o
 .debug_info    0x00012ce0     0x1ed2 build/stm32l4xx_hal_tim_ex.o
 .debug_info    0x00014bb2     0x53ff build/stm32l4xx_hal_uart.o
 .debug_info    0x00019fb1     0x1120 build/stm32l4xx_hal_uart_ex.o
 .debug_info    0x0001b0d1      0x693 build/system_stm32l4xx.o
 .debug_info    0x0001b764       0x22 build/startup_stm32l452xx.o

.debug_abbrev   0x00000000     0x2dcf
 .debug_abbrev  0x00000000      0x17f build/rtc.o
 .debug_abbrev  0x0000017f      0x1dc build/timer.o
 .debug_abbrev  0x0000035b      0x2ee build/main.o
 .debug_abbrev  0x00000649      0x183 build/stm32l4xx_it.o
 .debug_abbrev  0x000007cc      0x234 build/stm32l4xx_hal_msp.o
 .debug_abbrev  0x00000a00      0x22e build/stm32l4xx_hal_rtc.o
 .debug_abbrev  0x00000c2e      0x222 build/stm32l4xx_hal_rtc_ex.o
 .debug_abbrev  0x00000e50      0x249 build/stm32l4xx_hal.o
 .debug_abbrev  0x00001099      0x28e build/stm32l4xx_hal_rcc.o
 .debug_abbrev  0x00001327      0x2b0 build/stm32l4xx_hal_rcc_ex.o
 .debug_abbrev  0x000015d7      0x222 build/stm32l4xx_hal_gpio.o
 .debug_abbrev  0x000017f9      0x23b build/stm32l4xx_hal_dma.o
 .debug_abbrev  0x00001a34      0x1a6 build/stm32l4xx_hal_pwr.o
 .debug_abbrev  0x00001bda      0x234 build/stm32l4xx_hal_pwr_ex.o
 .debug_abbrev  0x00001e0e      0x382 build/stm32l4xx_hal_cortex.o
 .debug_abbrev  0x00002190      0x289 build/stm32l4xx_hal_tim.o
 .debug_abbrev  0x00002419      0x29f build/stm32l4xx_hal_tim_ex.o
 .debug_abbrev  0x000026b8      0x316 build/stm32l4xx_hal_uart.o
 .debug_abbrev  0x000029ce      0x2d4 build/stm32l4xx_hal_uart_ex.o
 .debug_abbrev  0x00002ca2      0x11b build/system_stm32l4xx.o
 .debug_abbrev  0x00002dbd       0x12 build/startup_stm32l452xx.o

.debug_loc      0x00000000    0x15c51
 .debug_loc     0x00000000       0x66 build/rtc.o
 .debug_loc     0x00000066       0x44 build/timer.o
 .debug_loc     0x000000aa      0x173 build/main.o
 .debug_loc     0x0000021d       0xa0 build/stm32l4xx_it.o
 .debug_loc     0x000002bd      0x310 build/stm32l4xx_hal_msp.o
 .debug_loc     0x000005cd      0xf87 build/stm32l4xx_hal_rtc.o
 .debug_loc     0x00001554     0x1320 build/stm32l4xx_hal_rtc_ex.o
 .debug_loc     0x00002874      0x2af build/stm32l4xx_hal.o
 .debug_loc     0x00002b23      0x9e0 build/stm32l4xx_hal_rcc.o
 .debug_loc     0x00003503     0x1a62 build/stm32l4xx_hal_rcc_ex.o
 .debug_loc     0x00004f65      0x46f build/stm32l4xx_hal_gpio.o
 .debug_loc     0x000053d4      0x94e build/stm32l4xx_hal_dma.o
 .debug_loc     0x00005d22      0x1f1 build/stm32l4xx_hal_pwr.o
 .debug_loc     0x00005f13      0x93f build/stm32l4xx_hal_pwr_ex.o
 .debug_loc     0x00006852      0x7a4 build/stm32l4xx_hal_cortex.o
 .debug_loc     0x00006ff6     0x616b build/stm32l4xx_hal_tim.o
 .debug_loc     0x0000d161     0x2974 build/stm32l4xx_hal_tim_ex.o
 .debug_loc     0x0000fad5     0x52ef build/stm32l4xx_hal_uart.o
 .debug_loc     0x00014dc4      0xd66 build/stm32l4xx_hal_uart_ex.o
 .debug_loc     0x00015b2a      0x127 build/system_stm32l4xx.o

.debug_aranges  0x00000000     0x11f0
 .debug_aranges
                0x00000000       0x28 build/rtc.o
 .debug_aranges
                0x00000028       0x28 build/timer.o
 .debug_aranges
                0x00000050       0x68 build/main.o
 .debug_aranges
                0x000000b8       0x80 build/stm32l4xx_it.o
 .debug_aranges
                0x00000138       0x50 build/stm32l4xx_hal_msp.o
 .debug_aranges
                0x00000188       0xe8 build/stm32l4xx_hal_rtc.o
 .debug_aranges
                0x00000270      0x140 build/stm32l4xx_hal_rtc_ex.o
 .debug_aranges
                0x000003b0      0x130 build/stm32l4xx_hal.o
 .debug_aranges
                0x000004e0       0x90 build/stm32l4xx_hal_rcc.o
 .debug_aranges
                0x00000570       0xf0 build/stm32l4xx_hal_rcc_ex.o
 .debug_aranges
                0x00000660       0x58 build/stm32l4xx_hal_gpio.o
 .debug_aranges
                0x000006b8       0x80 build/stm32l4xx_hal_dma.o
 .debug_aranges
                0x00000738       0x98 build/stm32l4xx_hal_pwr.o
 .debug_aranges
                0x000007d0      0x128 build/stm32l4xx_hal_pwr_ex.o
 .debug_aranges
                0x000008f8       0xa8 build/stm32l4xx_hal_cortex.o
 .debug_aranges
                0x000009a0      0x3e0 build/stm32l4xx_hal_tim.o
 .debug_aranges
                0x00000d80      0x180 build/stm32l4xx_hal_tim_ex.o
 .debug_aranges
                0x00000f00      0x228 build/stm32l4xx_hal_uart.o
 .debug_aranges
                0x00001128       0x78 build/stm32l4xx_hal_uart_ex.o
 .debug_aranges
                0x000011a0       0x28 build/system_stm32l4xx.o
 .debug_aranges
                0x000011c8       0x28 build/startup_stm32l452xx.o

.debug_ranges   0x00000000     0x1180
 .debug_ranges  0x00000000       0x18 build/rtc.o
 .debug_ranges  0x00000018       0x18 build/timer.o
 .debug_ranges  0x00000030       0x58 build/main.o
 .debug_ranges  0x00000088       0x70 build/stm32l4xx_it.o
 .debug_ranges  0x000000f8       0x40 build/stm32l4xx_hal_msp.o
 .debug_ranges  0x00000138      0x108 build/stm32l4xx_hal_rtc.o
 .debug_ranges  0x00000240      0x130 build/stm32l4xx_hal_rtc_ex.o
 .debug_ranges  0x00000370      0x120 build/stm32l4xx_hal.o
 .debug_ranges  0x00000490       0x98 build/stm32l4xx_hal_rcc.o
 .debug_ranges  0x00000528       0xf8 build/stm32l4xx_hal_rcc_ex.o
 .debug_ranges  0x00000620       0x48 build/stm32l4xx_hal_gpio.o
 .debug_ranges  0x00000668       0x70 build/stm32l4xx_hal_dma.o
 .debug_ranges  0x000006d8       0x88 build/stm32l4xx_hal_pwr.o
 .debug_ranges  0x00000760      0x118 build/stm32l4xx_hal_pwr_ex.o
 .debug_ranges  0x00000878       0xf8 build/stm32l4xx_hal_cortex.o
 .debug_ranges  0x00000970      0x3d0 build/stm32l4xx_hal_tim.o
 .debug_ranges  0x00000d40      0x170 build/stm32l4xx_hal_tim_ex.o
 .debug_ranges  0x00000eb0      0x230 build/stm32l4xx_hal_uart.o
 .debug_ranges  0x000010e0       0x68 build/stm32l4xx_hal_uart_ex.o
 .debug_ranges  0x00001148       0x18 build/system_stm32l4xx.o
 .debug_ranges  0x00001160       0x20 build/startup_stm32l452xx.o

.debug_line     0x00000000    0x15be6
 .debug_line    0x00000000      0x319 build/rtc.o
 .debug_line    0x00000319      0x28a build/timer.o
 .debug_line    0x000005a3      0x649 build/main.o
 .debug_line    0x00000bec      0x35d build/stm32l4xx_it.o
 .debug_line    0x00000f49      0x4fd build/stm32l4xx_hal_msp.o
 .debug_line    0x00001446     0x10be build/stm32l4xx_hal_rtc.o
 .debug_line    0x00002504     0x1637 build/stm32l4xx_hal_rtc_ex.o
 .debug_line    0x00003b3b      0x6a6 build/stm32l4xx_hal.o
 .debug_line    0x000041e1      0xf62 build/stm32l4xx_hal_rcc.o
 .debug_line    0x00005143     0x1470 build/stm32l4xx_hal_rcc_ex.o
 .debug_line    0x000065b3      0x686 build/stm32l4xx_hal_gpio.o
 .debug_line    0x00006c39      0xa31 build/stm32l4xx_hal_dma.o
 .debug_line    0x0000766a      0x428 build/stm32l4xx_hal_pwr.o
 .debug_line    0x00007a92      0x963 build/stm32l4xx_hal_pwr_ex.o
 .debug_line    0x000083f5      0x781 build/stm32l4xx_hal_cortex.o
 .debug_line    0x00008b76     0x5079 build/stm32l4xx_hal_tim.o
 .debug_line    0x0000dbef     0x1edd build/stm32l4xx_hal_tim_ex.o
 .debug_line    0x0000facc     0x5269 build/stm32l4xx_hal_uart.o
 .debug_line    0x00014d35      0xb95 build/stm32l4xx_hal_uart_ex.o
 .debug_line    0x000158ca      0x2a6 build/system_stm32l4xx.o
 .debug_line    0x00015b70       0x76 build/startup_stm32l452xx.o

.debug_str      0x00000000     0x591e
 .debug_str     0x00000000      0x527 build/rtc.o
                                0x5b4 (size before relaxing)
 .debug_str     0x00000527      0x598 build/timer.o
                                0x7ea (size before relaxing)
 .debug_str     0x00000abf      0x69f build/main.o
                                0xdcf (size before relaxing)
 .debug_str     0x0000115e      0x13c build/stm32l4xx_it.o
                                0xc2b (size before relaxing)
 .debug_str     0x0000129a      0x745 build/stm32l4xx_hal_msp.o
                               0x142c (size before relaxing)
 .debug_str     0x000019df      0x255 build/stm32l4xx_hal_rtc.o
                                0x835 (size before relaxing)
 .debug_str     0x00001c34      0x59b build/stm32l4xx_hal_rtc_ex.o
                                0xb50 (size before relaxing)
 .debug_str     0x000021cf      0x481 build/stm32l4xx_hal.o
                                0xc2a (size before relaxing)
 .debug_str     0x00002650      0x2d6 build/stm32l4xx_hal_rcc.o
                                0x831 (size before relaxing)
 .debug_str     0x00002926      0x45c build/stm32l4xx_hal_rcc_ex.o
                                0xb9b (size before relaxing)
 .debug_str     0x00002d82       0xc2 build/stm32l4xx_hal_gpio.o
                                0x516 (size before relaxing)
 .debug_str     0x00002e44      0x264 build/stm32l4xx_hal_dma.o
                                0x614 (size before relaxing)
 .debug_str     0x000030a8      0x292 build/stm32l4xx_hal_pwr.o
                                0x668 (size before relaxing)
 .debug_str     0x0000333a      0x3a6 build/stm32l4xx_hal_pwr_ex.o
                                0x770 (size before relaxing)
 .debug_str     0x000036e0      0x424 build/stm32l4xx_hal_cortex.o
                                0xb52 (size before relaxing)
 .debug_str     0x00003b04      0xe4f build/stm32l4xx_hal_tim.o
                               0x16a4 (size before relaxing)
 .debug_str     0x00004953      0x610 build/stm32l4xx_hal_tim_ex.o
                                0xfad (size before relaxing)
 .debug_str     0x00004f63      0x780 build/stm32l4xx_hal_uart.o
                                0xfc7 (size before relaxing)
 .debug_str     0x000056e3      0x1da build/stm32l4xx_hal_uart_ex.o
                                0x8e1 (size before relaxing)
 .debug_str     0x000058bd       0x3d build/system_stm32l4xx.o
                                0x3b4 (size before relaxing)
 .debug_str     0x000058fa       0x24 build/startup_stm32l452xx.o
                                 0x3b (size before relaxing)

.comment        0x00000000       0x49
 .comment       0x00000000       0x49 build/rtc.o
                                 0x4a (size before relaxing)
 .comment       0x00000049       0x4a build/timer.o
 .comment       0x00000049       0x4a build/main.o
 .comment       0x00000049       0x4a build/stm32l4xx_it.o
 .comment       0x00000049       0x4a build/stm32l4xx_hal_msp.o
 .comment       0x00000049       0x4a build/stm32l4xx_hal_rtc.o
 .comment       0x00000049       0x4a build/stm32l4xx_hal_rtc_ex.o
 .comment       0x00000049       0x4a build/stm32l4xx_hal.o
 .comment       0x00000049       0x4a build/stm32l4xx_hal_rcc.o
 .comment       0x00000049       0x4a build/stm32l4xx_hal_rcc_ex.o
 .comment       0x00000049       0x4a build/stm32l4xx_hal_gpio.o
 .comment       0x00000049       0x4a build/stm32l4xx_hal_dma.o
 .comment       0x00000049       0x4a build/stm32l4xx_hal_pwr.o
 .comment       0x00000049       0x4a build/stm32l4xx_hal_pwr_ex.o
 .comment       0x00000049       0x4a build/stm32l4xx_hal_cortex.o
 .comment       0x00000049       0x4a build/stm32l4xx_hal_tim.o
 .comment       0x00000049       0x4a build/stm32l4xx_hal_tim_ex.o
 .comment       0x00000049       0x4a build/stm32l4xx_hal_uart.o
 .comment       0x00000049       0x4a build/stm32l4xx_hal_uart_ex.o
 .comment       0x00000049       0x4a build/system_stm32l4xx.o

.debug_frame    0x00000000     0x2e80
 .debug_frame   0x00000000       0x4c build/rtc.o
 .debug_frame   0x0000004c       0x40 build/timer.o
 .debug_frame   0x0000008c      0x100 build/main.o
 .debug_frame   0x0000018c      0x108 build/stm32l4xx_it.o
 .debug_frame   0x00000294       0xd0 build/stm32l4xx_hal_msp.o
 .debug_frame   0x00000364      0x278 build/stm32l4xx_hal_rtc.o
 .debug_frame   0x000005dc      0x394 build/stm32l4xx_hal_rtc_ex.o
 .debug_frame   0x00000970      0x274 build/stm32l4xx_hal.o
 .debug_frame   0x00000be4      0x19c build/stm32l4xx_hal_rcc.o
 .debug_frame   0x00000d80      0x248 build/stm32l4xx_hal_rcc_ex.o
 .debug_frame   0x00000fc8       0xd0 build/stm32l4xx_hal_gpio.o
 .debug_frame   0x00001098      0x150 build/stm32l4xx_hal_dma.o
 .debug_frame   0x000011e8      0x120 build/stm32l4xx_hal_pwr.o
 .debug_frame   0x00001308      0x248 build/stm32l4xx_hal_pwr_ex.o
 .debug_frame   0x00001550      0x148 build/stm32l4xx_hal_cortex.o
 .debug_frame   0x00001698      0xb4c build/stm32l4xx_hal_tim.o
 .debug_frame   0x000021e4      0x478 build/stm32l4xx_hal_tim_ex.o
 .debug_frame   0x0000265c      0x600 build/stm32l4xx_hal_uart.o
 .debug_frame   0x00002c5c      0x148 build/stm32l4xx_hal_uart_ex.o
 .debug_frame   0x00002da4       0x30 build/system_stm32l4xx.o
 .debug_frame   0x00002dd4       0x2c c:/program files (x86)/gnu arm embedded toolchain/10 2021.07/bin/../lib/gcc/arm-none-eabi/10.3.1/../../../../arm-none-eabi/lib/thumb/v7e-m+fp/hard\libc_nano.a(lib_a-init.o)
 .debug_frame   0x00002e00       0x20 c:/program files (x86)/gnu arm embedded toolchain/10 2021.07/bin/../lib/gcc/arm-none-eabi/10.3.1/../../../../arm-none-eabi/lib/thumb/v7e-m+fp/hard\libc_nano.a(lib_a-memset.o)
 .debug_frame   0x00002e20       0x2c c:/program files (x86)/gnu arm embedded toolchain/10 2021.07/bin/../lib/gcc/arm-none-eabi/10.3.1/thumb/v7e-m+fp/hard\libgcc.a(_aeabi_uldivmod.o)
 .debug_frame   0x00002e4c       0x34 c:/program files (x86)/gnu arm embedded toolchain/10 2021.07/bin/../lib/gcc/arm-none-eabi/10.3.1/thumb/v7e-m+fp/hard\libgcc.a(_udivmoddi4.o)

Cross Reference Table

Symbol                                            File
ADC1_IRQHandler                                   build/startup_stm32l452xx.o
AHBPrescTable                                     build/system_stm32l4xx.o
                                                  build/stm32l4xx_hal_rcc.o
APBPrescTable                                     build/system_stm32l4xx.o
                                                  build/stm32l4xx_hal_rcc.o
AT_CheckList                                      build/AT.o
BusFault_Handler                                  build/stm32l4xx_it.o
CAN1_RX0_IRQHandler                               build/startup_stm32l452xx.o
CAN1_RX1_IRQHandler                               build/startup_stm32l452xx.o
CAN1_SCE_IRQHandler                               build/startup_stm32l452xx.o
CAN1_TX_IRQHandler                                build/startup_stm32l452xx.o
COMP_IRQHandler                                   build/startup_stm32l452xx.o
CRS_IRQHandler                                    build/startup_stm32l452xx.o
DFSDM1_FLT0_IRQHandler                            build/startup_stm32l452xx.o
DFSDM1_FLT1_IRQHandler                            build/startup_stm32l452xx.o
DMA1_Channel1_IRQHandler                          build/startup_stm32l452xx.o
DMA1_Channel2_IRQHandler                          build/startup_stm32l452xx.o
DMA1_Channel3_IRQHandler                          build/startup_stm32l452xx.o
DMA1_Channel4_IRQHandler                          build/startup_stm32l452xx.o
DMA1_Channel5_IRQHandler                          build/startup_stm32l452xx.o
DMA1_Channel6_IRQHandler                          build/startup_stm32l452xx.o
DMA1_Channel7_IRQHandler                          build/startup_stm32l452xx.o
DMA2_Channel1_IRQHandler                          build/startup_stm32l452xx.o
DMA2_Channel2_IRQHandler                          build/startup_stm32l452xx.o
DMA2_Channel3_IRQHandler                          build/startup_stm32l452xx.o
DMA2_Channel4_IRQHandler                          build/startup_stm32l452xx.o
DMA2_Channel5_IRQHandler                          build/startup_stm32l452xx.o
DMA2_Channel6_IRQHandler                          build/startup_stm32l452xx.o
DMA2_Channel7_IRQHandler                          build/startup_stm32l452xx.o
DebugMon_Handler                                  build/stm32l4xx_it.o
Default_Handler                                   build/startup_stm32l452xx.o
EXTI0_IRQHandler                                  build/startup_stm32l452xx.o
EXTI15_10_IRQHandler                              build/startup_stm32l452xx.o
EXTI1_IRQHandler                                  build/startup_stm32l452xx.o
EXTI2_IRQHandler                                  build/startup_stm32l452xx.o
EXTI3_IRQHandler                                  build/startup_stm32l452xx.o
EXTI4_IRQHandler                                  build/startup_stm32l452xx.o
EXTI9_5_IRQHandler                                build/startup_stm32l452xx.o
Error_Handler                                     build/main.o
                                                  build/stm32l4xx_hal_msp.o
                                                  build/timer.o
                                                  build/rtc.o
FLASH_FlushCaches                                 build/stm32l4xx_hal_flash_ex.o
                                                  build/stm32l4xx_hal_flash.o
FLASH_IRQHandler                                  build/startup_stm32l452xx.o
FLASH_PageErase                                   build/stm32l4xx_hal_flash_ex.o
                                                  build/stm32l4xx_hal_flash.o
FLASH_WaitForLastOperation                        build/stm32l4xx_hal_flash.o
                                                  build/stm32l4xx_hal_flash_ex.o
FPU_IRQHandler                                    build/startup_stm32l452xx.o
HAL_DBGMCU_DisableDBGSleepMode                    build/stm32l4xx_hal.o
HAL_DBGMCU_DisableDBGStandbyMode                  build/stm32l4xx_hal.o
HAL_DBGMCU_DisableDBGStopMode                     build/stm32l4xx_hal.o
HAL_DBGMCU_EnableDBGSleepMode                     build/stm32l4xx_hal.o
HAL_DBGMCU_EnableDBGStandbyMode                   build/stm32l4xx_hal.o
HAL_DBGMCU_EnableDBGStopMode                      build/stm32l4xx_hal.o
HAL_DMA_Abort                                     build/stm32l4xx_hal_dma.o
                                                  build/stm32l4xx_hal_uart.o
HAL_DMA_Abort_IT                                  build/stm32l4xx_hal_dma.o
                                                  build/stm32l4xx_hal_uart.o
                                                  build/stm32l4xx_hal_tim_ex.o
                                                  build/stm32l4xx_hal_tim.o
                                                  build/stm32l4xx_hal_i2c.o
HAL_DMA_DeInit                                    build/stm32l4xx_hal_dma.o
HAL_DMA_GetError                                  build/stm32l4xx_hal_dma.o
                                                  build/stm32l4xx_hal_uart.o
HAL_DMA_GetState                                  build/stm32l4xx_hal_dma.o
                                                  build/stm32l4xx_hal_i2c.o
HAL_DMA_IRQHandler                                build/stm32l4xx_hal_dma.o
HAL_DMA_Init                                      build/stm32l4xx_hal_dma.o
HAL_DMA_PollForTransfer                           build/stm32l4xx_hal_dma.o
HAL_DMA_RegisterCallback                          build/stm32l4xx_hal_dma.o
HAL_DMA_Start                                     build/stm32l4xx_hal_dma.o
HAL_DMA_Start_IT                                  build/stm32l4xx_hal_dma.o
                                                  build/stm32l4xx_hal_uart.o
                                                  build/stm32l4xx_hal_tim_ex.o
                                                  build/stm32l4xx_hal_tim.o
                                                  build/stm32l4xx_hal_i2c.o
HAL_DMA_UnRegisterCallback                        build/stm32l4xx_hal_dma.o
HAL_DeInit                                        build/stm32l4xx_hal.o
HAL_Delay                                         build/stm32l4xx_hal.o
                                                  build/main.o
HAL_EXTI_ClearConfigLine                          build/stm32l4xx_hal_exti.o
HAL_EXTI_ClearPending                             build/stm32l4xx_hal_exti.o
HAL_EXTI_GenerateSWI                              build/stm32l4xx_hal_exti.o
HAL_EXTI_GetConfigLine                            build/stm32l4xx_hal_exti.o
HAL_EXTI_GetHandle                                build/stm32l4xx_hal_exti.o
HAL_EXTI_GetPending                               build/stm32l4xx_hal_exti.o
HAL_EXTI_IRQHandler                               build/stm32l4xx_hal_exti.o
HAL_EXTI_RegisterCallback                         build/stm32l4xx_hal_exti.o
HAL_EXTI_SetConfigLine                            build/stm32l4xx_hal_exti.o
HAL_FLASHEx_DisableRunPowerDown                   build/stm32l4xx_hal_flash_ramfunc.o
HAL_FLASHEx_EnableRunPowerDown                    build/stm32l4xx_hal_flash_ramfunc.o
HAL_FLASHEx_Erase                                 build/stm32l4xx_hal_flash_ex.o
HAL_FLASHEx_Erase_IT                              build/stm32l4xx_hal_flash_ex.o
HAL_FLASHEx_OBGetConfig                           build/stm32l4xx_hal_flash_ex.o
HAL_FLASHEx_OBProgram                             build/stm32l4xx_hal_flash_ex.o
HAL_FLASH_EndOfOperationCallback                  build/stm32l4xx_hal_flash.o
HAL_FLASH_GetError                                build/stm32l4xx_hal_flash.o
HAL_FLASH_IRQHandler                              build/stm32l4xx_hal_flash.o
HAL_FLASH_Lock                                    build/stm32l4xx_hal_flash.o
HAL_FLASH_OB_Launch                               build/stm32l4xx_hal_flash.o
HAL_FLASH_OB_Lock                                 build/stm32l4xx_hal_flash.o
HAL_FLASH_OB_Unlock                               build/stm32l4xx_hal_flash.o
HAL_FLASH_OperationErrorCallback                  build/stm32l4xx_hal_flash.o
HAL_FLASH_Program                                 build/stm32l4xx_hal_flash.o
HAL_FLASH_Program_IT                              build/stm32l4xx_hal_flash.o
HAL_FLASH_Unlock                                  build/stm32l4xx_hal_flash.o
HAL_GPIO_DeInit                                   build/stm32l4xx_hal_gpio.o
                                                  build/stm32l4xx_hal_msp.o
HAL_GPIO_EXTI_Callback                            build/stm32l4xx_hal_gpio.o
HAL_GPIO_EXTI_IRQHandler                          build/stm32l4xx_hal_gpio.o
HAL_GPIO_Init                                     build/stm32l4xx_hal_gpio.o
                                                  build/stm32l4xx_hal_rcc_ex.o
                                                  build/stm32l4xx_hal_rcc.o
                                                  build/stm32l4xx_hal_msp.o
                                                  build/main.o
HAL_GPIO_LockPin                                  build/stm32l4xx_hal_gpio.o
HAL_GPIO_ReadPin                                  build/stm32l4xx_hal_gpio.o
HAL_GPIO_TogglePin                                build/stm32l4xx_hal_gpio.o
                                                  build/main.o
HAL_GPIO_WritePin                                 build/stm32l4xx_hal_gpio.o
                                                  build/main.o
HAL_GetDEVID                                      build/stm32l4xx_hal.o
HAL_GetHalVersion                                 build/stm32l4xx_hal.o
HAL_GetREVID                                      build/stm32l4xx_hal.o
HAL_GetTick                                       build/stm32l4xx_hal.o
                                                  build/stm32l4xx_hal_uart_ex.o
                                                  build/stm32l4xx_hal_uart.o
                                                  build/stm32l4xx_hal_dma.o
                                                  build/stm32l4xx_hal_flash.o
                                                  build/stm32l4xx_hal_rcc_ex.o
                                                  build/stm32l4xx_hal_rcc.o
                                                  build/stm32l4xx_hal_i2c.o
                                                  build/stm32l4xx_hal_rtc_ex.o
                                                  build/stm32l4xx_hal_rtc.o
HAL_GetTickFreq                                   build/stm32l4xx_hal.o
HAL_GetTickPrio                                   build/stm32l4xx_hal.o
HAL_GetUIDw0                                      build/stm32l4xx_hal.o
HAL_GetUIDw1                                      build/stm32l4xx_hal.o
HAL_GetUIDw2                                      build/stm32l4xx_hal.o
HAL_HalfDuplex_EnableReceiver                     build/stm32l4xx_hal_uart.o
HAL_HalfDuplex_EnableTransmitter                  build/stm32l4xx_hal_uart.o
HAL_HalfDuplex_Init                               build/stm32l4xx_hal_uart.o
HAL_I2CEx_ConfigAnalogFilter                      build/stm32l4xx_hal_i2c_ex.o
HAL_I2CEx_ConfigDigitalFilter                     build/stm32l4xx_hal_i2c_ex.o
HAL_I2CEx_DisableFastModePlus                     build/stm32l4xx_hal_i2c_ex.o
HAL_I2CEx_DisableWakeUp                           build/stm32l4xx_hal_i2c_ex.o
HAL_I2CEx_EnableFastModePlus                      build/stm32l4xx_hal_i2c_ex.o
HAL_I2CEx_EnableWakeUp                            build/stm32l4xx_hal_i2c_ex.o
HAL_I2C_AbortCpltCallback                         build/stm32l4xx_hal_i2c.o
HAL_I2C_AddrCallback                              build/stm32l4xx_hal_i2c.o
HAL_I2C_DeInit                                    build/stm32l4xx_hal_i2c.o
HAL_I2C_DisableListen_IT                          build/stm32l4xx_hal_i2c.o
HAL_I2C_ER_IRQHandler                             build/stm32l4xx_hal_i2c.o
HAL_I2C_EV_IRQHandler                             build/stm32l4xx_hal_i2c.o
HAL_I2C_EnableListen_IT                           build/stm32l4xx_hal_i2c.o
HAL_I2C_ErrorCallback                             build/stm32l4xx_hal_i2c.o
HAL_I2C_GetError                                  build/stm32l4xx_hal_i2c.o
HAL_I2C_GetMode                                   build/stm32l4xx_hal_i2c.o
HAL_I2C_GetState                                  build/stm32l4xx_hal_i2c.o
HAL_I2C_Init                                      build/stm32l4xx_hal_i2c.o
HAL_I2C_IsDeviceReady                             build/stm32l4xx_hal_i2c.o
HAL_I2C_ListenCpltCallback                        build/stm32l4xx_hal_i2c.o
HAL_I2C_MasterRxCpltCallback                      build/stm32l4xx_hal_i2c.o
HAL_I2C_MasterTxCpltCallback                      build/stm32l4xx_hal_i2c.o
HAL_I2C_Master_Abort_IT                           build/stm32l4xx_hal_i2c.o
HAL_I2C_Master_Receive                            build/stm32l4xx_hal_i2c.o
HAL_I2C_Master_Receive_DMA                        build/stm32l4xx_hal_i2c.o
HAL_I2C_Master_Receive_IT                         build/stm32l4xx_hal_i2c.o
HAL_I2C_Master_Seq_Receive_DMA                    build/stm32l4xx_hal_i2c.o
HAL_I2C_Master_Seq_Receive_IT                     build/stm32l4xx_hal_i2c.o
HAL_I2C_Master_Seq_Transmit_DMA                   build/stm32l4xx_hal_i2c.o
HAL_I2C_Master_Seq_Transmit_IT                    build/stm32l4xx_hal_i2c.o
HAL_I2C_Master_Transmit                           build/stm32l4xx_hal_i2c.o
HAL_I2C_Master_Transmit_DMA                       build/stm32l4xx_hal_i2c.o
HAL_I2C_Master_Transmit_IT                        build/stm32l4xx_hal_i2c.o
HAL_I2C_MemRxCpltCallback                         build/stm32l4xx_hal_i2c.o
HAL_I2C_MemTxCpltCallback                         build/stm32l4xx_hal_i2c.o
HAL_I2C_Mem_Read                                  build/stm32l4xx_hal_i2c.o
HAL_I2C_Mem_Read_DMA                              build/stm32l4xx_hal_i2c.o
HAL_I2C_Mem_Read_IT                               build/stm32l4xx_hal_i2c.o
HAL_I2C_Mem_Write                                 build/stm32l4xx_hal_i2c.o
HAL_I2C_Mem_Write_DMA                             build/stm32l4xx_hal_i2c.o
HAL_I2C_Mem_Write_IT                              build/stm32l4xx_hal_i2c.o
HAL_I2C_MspDeInit                                 build/stm32l4xx_hal_i2c.o
HAL_I2C_MspInit                                   build/stm32l4xx_hal_i2c.o
HAL_I2C_SlaveRxCpltCallback                       build/stm32l4xx_hal_i2c.o
HAL_I2C_SlaveTxCpltCallback                       build/stm32l4xx_hal_i2c.o
HAL_I2C_Slave_Receive                             build/stm32l4xx_hal_i2c.o
HAL_I2C_Slave_Receive_DMA                         build/stm32l4xx_hal_i2c.o
HAL_I2C_Slave_Receive_IT                          build/stm32l4xx_hal_i2c.o
HAL_I2C_Slave_Seq_Receive_DMA                     build/stm32l4xx_hal_i2c.o
HAL_I2C_Slave_Seq_Receive_IT                      build/stm32l4xx_hal_i2c.o
HAL_I2C_Slave_Seq_Transmit_DMA                    build/stm32l4xx_hal_i2c.o
HAL_I2C_Slave_Seq_Transmit_IT                     build/stm32l4xx_hal_i2c.o
HAL_I2C_Slave_Transmit                            build/stm32l4xx_hal_i2c.o
HAL_I2C_Slave_Transmit_DMA                        build/stm32l4xx_hal_i2c.o
HAL_I2C_Slave_Transmit_IT                         build/stm32l4xx_hal_i2c.o
HAL_IncTick                                       build/stm32l4xx_hal.o
                                                  build/stm32l4xx_it.o
HAL_Init                                          build/stm32l4xx_hal.o
                                                  build/main.o
HAL_InitTick                                      build/stm32l4xx_hal.o
                                                  build/stm32l4xx_hal_rcc.o
HAL_LIN_Init                                      build/stm32l4xx_hal_uart.o
HAL_LIN_SendBreak                                 build/stm32l4xx_hal_uart.o
HAL_MPU_ConfigRegion                              build/stm32l4xx_hal_cortex.o
HAL_MPU_Disable                                   build/stm32l4xx_hal_cortex.o
HAL_MPU_Enable                                    build/stm32l4xx_hal_cortex.o
HAL_MspDeInit                                     build/stm32l4xx_hal.o
HAL_MspInit                                       build/stm32l4xx_hal_msp.o
HAL_MultiProcessorEx_AddressLength_Set            build/stm32l4xx_hal_uart_ex.o
HAL_MultiProcessor_DisableMuteMode                build/stm32l4xx_hal_uart.o
HAL_MultiProcessor_EnableMuteMode                 build/stm32l4xx_hal_uart.o
HAL_MultiProcessor_EnterMuteMode                  build/stm32l4xx_hal_uart.o
HAL_MultiProcessor_Init                           build/stm32l4xx_hal_uart.o
HAL_NVIC_ClearPendingIRQ                          build/stm32l4xx_hal_cortex.o
HAL_NVIC_DisableIRQ                               build/stm32l4xx_hal_cortex.o
                                                  build/stm32l4xx_hal_msp.o
HAL_NVIC_EnableIRQ                                build/stm32l4xx_hal_cortex.o
                                                  build/stm32l4xx_hal_msp.o
HAL_NVIC_GetActive                                build/stm32l4xx_hal_cortex.o
HAL_NVIC_GetPendingIRQ                            build/stm32l4xx_hal_cortex.o
HAL_NVIC_GetPriority                              build/stm32l4xx_hal_cortex.o
HAL_NVIC_GetPriorityGrouping                      build/stm32l4xx_hal_cortex.o
HAL_NVIC_SetPendingIRQ                            build/stm32l4xx_hal_cortex.o
HAL_NVIC_SetPriority                              build/stm32l4xx_hal_cortex.o
                                                  build/stm32l4xx_hal.o
                                                  build/stm32l4xx_hal_msp.o
HAL_NVIC_SetPriorityGrouping                      build/stm32l4xx_hal_cortex.o
                                                  build/stm32l4xx_hal.o
HAL_NVIC_SystemReset                              build/stm32l4xx_hal_cortex.o
HAL_PWREx_ConfigPVM                               build/stm32l4xx_hal_pwr_ex.o
HAL_PWREx_ControlVoltageScaling                   build/stm32l4xx_hal_pwr_ex.o
                                                  build/main.o
HAL_PWREx_DisableBatteryCharging                  build/stm32l4xx_hal_pwr_ex.o
HAL_PWREx_DisableGPIOPullDown                     build/stm32l4xx_hal_pwr_ex.o
HAL_PWREx_DisableGPIOPullUp                       build/stm32l4xx_hal_pwr_ex.o
HAL_PWREx_DisableInternalWakeUpLine               build/stm32l4xx_hal_pwr_ex.o
HAL_PWREx_DisableLowPowerRunMode                  build/stm32l4xx_hal_pwr_ex.o
                                                  build/stm32l4xx_hal_pwr.o
HAL_PWREx_DisablePVM1                             build/stm32l4xx_hal_pwr_ex.o
HAL_PWREx_DisablePVM3                             build/stm32l4xx_hal_pwr_ex.o
HAL_PWREx_DisablePVM4                             build/stm32l4xx_hal_pwr_ex.o
HAL_PWREx_DisablePullUpPullDownConfig             build/stm32l4xx_hal_pwr_ex.o
HAL_PWREx_DisableSRAM2ContentRetention            build/stm32l4xx_hal_pwr_ex.o
HAL_PWREx_DisableVddUSB                           build/stm32l4xx_hal_pwr_ex.o
HAL_PWREx_EnableBatteryCharging                   build/stm32l4xx_hal_pwr_ex.o
HAL_PWREx_EnableGPIOPullDown                      build/stm32l4xx_hal_pwr_ex.o
HAL_PWREx_EnableGPIOPullUp                        build/stm32l4xx_hal_pwr_ex.o
HAL_PWREx_EnableInternalWakeUpLine                build/stm32l4xx_hal_pwr_ex.o
HAL_PWREx_EnableLowPowerRunMode                   build/stm32l4xx_hal_pwr_ex.o
                                                  build/stm32l4xx_hal_pwr.o
HAL_PWREx_EnablePVM1                              build/stm32l4xx_hal_pwr_ex.o
HAL_PWREx_EnablePVM3                              build/stm32l4xx_hal_pwr_ex.o
HAL_PWREx_EnablePVM4                              build/stm32l4xx_hal_pwr_ex.o
HAL_PWREx_EnablePullUpPullDownConfig              build/stm32l4xx_hal_pwr_ex.o
HAL_PWREx_EnableSRAM2ContentRetention             build/stm32l4xx_hal_pwr_ex.o
HAL_PWREx_EnableVddUSB                            build/stm32l4xx_hal_pwr_ex.o
HAL_PWREx_EnterSHUTDOWNMode                       build/stm32l4xx_hal_pwr_ex.o
HAL_PWREx_EnterSTOP0Mode                          build/stm32l4xx_hal_pwr_ex.o
                                                  build/stm32l4xx_hal_pwr.o
HAL_PWREx_EnterSTOP1Mode                          build/stm32l4xx_hal_pwr_ex.o
                                                  build/stm32l4xx_hal_pwr.o
HAL_PWREx_EnterSTOP2Mode                          build/stm32l4xx_hal_pwr_ex.o
HAL_PWREx_GetVoltageRange                         build/stm32l4xx_hal_pwr_ex.o
                                                  build/stm32l4xx_hal_rcc.o
HAL_PWREx_PVD_PVM_IRQHandler                      build/stm32l4xx_hal_pwr_ex.o
HAL_PWREx_PVM1Callback                            build/stm32l4xx_hal_pwr_ex.o
HAL_PWREx_PVM3Callback                            build/stm32l4xx_hal_pwr_ex.o
HAL_PWREx_PVM4Callback                            build/stm32l4xx_hal_pwr_ex.o
HAL_PWREx_SetSRAM2ContentRetention                build/stm32l4xx_hal_pwr_ex.o
HAL_PWR_ConfigPVD                                 build/stm32l4xx_hal_pwr.o
HAL_PWR_DeInit                                    build/stm32l4xx_hal_pwr.o
HAL_PWR_DisableBkUpAccess                         build/stm32l4xx_hal_pwr.o
                                                  build/stm32l4xx_hal_rcc_ex.o
HAL_PWR_DisablePVD                                build/stm32l4xx_hal_pwr.o
HAL_PWR_DisableSEVOnPend                          build/stm32l4xx_hal_pwr.o
HAL_PWR_DisableSleepOnExit                        build/stm32l4xx_hal_pwr.o
HAL_PWR_DisableWakeUpPin                          build/stm32l4xx_hal_pwr.o
HAL_PWR_EnableBkUpAccess                          build/stm32l4xx_hal_pwr.o
                                                  build/stm32l4xx_hal_rcc_ex.o
                                                  build/main.o
HAL_PWR_EnablePVD                                 build/stm32l4xx_hal_pwr.o
HAL_PWR_EnableSEVOnPend                           build/stm32l4xx_hal_pwr.o
HAL_PWR_EnableSleepOnExit                         build/stm32l4xx_hal_pwr.o
HAL_PWR_EnableWakeUpPin                           build/stm32l4xx_hal_pwr.o
HAL_PWR_EnterSLEEPMode                            build/stm32l4xx_hal_pwr.o
HAL_PWR_EnterSTANDBYMode                          build/stm32l4xx_hal_pwr.o
HAL_PWR_EnterSTOPMode                             build/stm32l4xx_hal_pwr.o
HAL_PWR_PVDCallback                               build/stm32l4xx_hal_pwr.o
                                                  build/stm32l4xx_hal_pwr_ex.o
HAL_RCCEx_CRSConfig                               build/stm32l4xx_hal_rcc_ex.o
HAL_RCCEx_CRSGetSynchronizationInfo               build/stm32l4xx_hal_rcc_ex.o
HAL_RCCEx_CRSSoftwareSynchronizationGenerate      build/stm32l4xx_hal_rcc_ex.o
HAL_RCCEx_CRSWaitSynchronization                  build/stm32l4xx_hal_rcc_ex.o
HAL_RCCEx_CRS_ErrorCallback                       build/stm32l4xx_hal_rcc_ex.o
HAL_RCCEx_CRS_ExpectedSyncCallback                build/stm32l4xx_hal_rcc_ex.o
HAL_RCCEx_CRS_IRQHandler                          build/stm32l4xx_hal_rcc_ex.o
HAL_RCCEx_CRS_SyncOkCallback                      build/stm32l4xx_hal_rcc_ex.o
HAL_RCCEx_CRS_SyncWarnCallback                    build/stm32l4xx_hal_rcc_ex.o
HAL_RCCEx_DisableLSCO                             build/stm32l4xx_hal_rcc_ex.o
HAL_RCCEx_DisableLSECSS                           build/stm32l4xx_hal_rcc_ex.o
HAL_RCCEx_DisableMSIPLLMode                       build/stm32l4xx_hal_rcc_ex.o
HAL_RCCEx_DisablePLLSAI1                          build/stm32l4xx_hal_rcc_ex.o
HAL_RCCEx_EnableLSCO                              build/stm32l4xx_hal_rcc_ex.o
HAL_RCCEx_EnableLSECSS                            build/stm32l4xx_hal_rcc_ex.o
HAL_RCCEx_EnableLSECSS_IT                         build/stm32l4xx_hal_rcc_ex.o
HAL_RCCEx_EnableMSIPLLMode                        build/stm32l4xx_hal_rcc_ex.o
HAL_RCCEx_EnablePLLSAI1                           build/stm32l4xx_hal_rcc_ex.o
HAL_RCCEx_GetPeriphCLKConfig                      build/stm32l4xx_hal_rcc_ex.o
HAL_RCCEx_GetPeriphCLKFreq                        build/stm32l4xx_hal_rcc_ex.o
HAL_RCCEx_LSECSS_Callback                         build/stm32l4xx_hal_rcc_ex.o
HAL_RCCEx_LSECSS_IRQHandler                       build/stm32l4xx_hal_rcc_ex.o
HAL_RCCEx_PeriphCLKConfig                         build/stm32l4xx_hal_rcc_ex.o
                                                  build/stm32l4xx_hal_msp.o
HAL_RCCEx_StandbyMSIRangeConfig                   build/stm32l4xx_hal_rcc_ex.o
HAL_RCCEx_WakeUpStopCLKConfig                     build/stm32l4xx_hal_rcc_ex.o
HAL_RCC_CSSCallback                               build/stm32l4xx_hal_rcc.o
HAL_RCC_ClockConfig                               build/stm32l4xx_hal_rcc.o
                                                  build/main.o
HAL_RCC_DeInit                                    build/stm32l4xx_hal_rcc.o
HAL_RCC_EnableCSS                                 build/stm32l4xx_hal_rcc.o
HAL_RCC_GetClockConfig                            build/stm32l4xx_hal_rcc.o
HAL_RCC_GetHCLKFreq                               build/stm32l4xx_hal_rcc.o
HAL_RCC_GetOscConfig                              build/stm32l4xx_hal_rcc.o
HAL_RCC_GetPCLK1Freq                              build/stm32l4xx_hal_rcc.o
                                                  build/stm32l4xx_hal_uart.o
                                                  build/stm32l4xx_hal_rcc_ex.o
HAL_RCC_GetPCLK2Freq                              build/stm32l4xx_hal_rcc.o
                                                  build/stm32l4xx_hal_uart.o
                                                  build/stm32l4xx_hal_rcc_ex.o
HAL_RCC_GetResetSource                            build/stm32l4xx_hal_rcc.o
HAL_RCC_GetSysClockFreq                           build/stm32l4xx_hal_rcc.o
                                                  build/stm32l4xx_hal_uart.o
                                                  build/stm32l4xx_hal_rcc_ex.o
HAL_RCC_MCOConfig                                 build/stm32l4xx_hal_rcc.o
HAL_RCC_NMI_IRQHandler                            build/stm32l4xx_hal_rcc.o
HAL_RCC_OscConfig                                 build/stm32l4xx_hal_rcc.o
                                                  build/main.o
HAL_RS485Ex_Init                                  build/stm32l4xx_hal_uart_ex.o
HAL_RTCEx_AlarmBEventCallback                     build/stm32l4xx_hal_rtc_ex.o
                                                  build/stm32l4xx_hal_rtc.o
HAL_RTCEx_BKUPRead                                build/stm32l4xx_hal_rtc_ex.o
HAL_RTCEx_BKUPWrite                               build/stm32l4xx_hal_rtc_ex.o
HAL_RTCEx_DeactivateCalibrationOutPut             build/stm32l4xx_hal_rtc_ex.o
HAL_RTCEx_DeactivateInternalTimeStamp             build/stm32l4xx_hal_rtc_ex.o
HAL_RTCEx_DeactivateRefClock                      build/stm32l4xx_hal_rtc_ex.o
HAL_RTCEx_DeactivateTamper                        build/stm32l4xx_hal_rtc_ex.o
HAL_RTCEx_DeactivateTimeStamp                     build/stm32l4xx_hal_rtc_ex.o
HAL_RTCEx_DeactivateWakeUpTimer                   build/stm32l4xx_hal_rtc_ex.o
HAL_RTCEx_DisableBypassShadow                     build/stm32l4xx_hal_rtc_ex.o
HAL_RTCEx_EnableBypassShadow                      build/stm32l4xx_hal_rtc_ex.o
HAL_RTCEx_GetTimeStamp                            build/stm32l4xx_hal_rtc_ex.o
HAL_RTCEx_GetWakeUpTimer                          build/stm32l4xx_hal_rtc_ex.o
HAL_RTCEx_PollForAlarmBEvent                      build/stm32l4xx_hal_rtc_ex.o
HAL_RTCEx_PollForTamper1Event                     build/stm32l4xx_hal_rtc_ex.o
HAL_RTCEx_PollForTamper2Event                     build/stm32l4xx_hal_rtc_ex.o
HAL_RTCEx_PollForTamper3Event                     build/stm32l4xx_hal_rtc_ex.o
HAL_RTCEx_PollForTimeStampEvent                   build/stm32l4xx_hal_rtc_ex.o
HAL_RTCEx_PollForWakeUpTimerEvent                 build/stm32l4xx_hal_rtc_ex.o
HAL_RTCEx_SetCalibrationOutPut                    build/stm32l4xx_hal_rtc_ex.o
HAL_RTCEx_SetInternalTimeStamp                    build/stm32l4xx_hal_rtc_ex.o
HAL_RTCEx_SetRefClock                             build/stm32l4xx_hal_rtc_ex.o
HAL_RTCEx_SetSmoothCalib                          build/stm32l4xx_hal_rtc_ex.o
HAL_RTCEx_SetSynchroShift                         build/stm32l4xx_hal_rtc_ex.o
HAL_RTCEx_SetTamper                               build/stm32l4xx_hal_rtc_ex.o
HAL_RTCEx_SetTamper_IT                            build/stm32l4xx_hal_rtc_ex.o
HAL_RTCEx_SetTimeStamp                            build/stm32l4xx_hal_rtc_ex.o
HAL_RTCEx_SetTimeStamp_IT                         build/stm32l4xx_hal_rtc_ex.o
HAL_RTCEx_SetWakeUpTimer                          build/stm32l4xx_hal_rtc_ex.o
HAL_RTCEx_SetWakeUpTimer_IT                       build/stm32l4xx_hal_rtc_ex.o
HAL_RTCEx_Tamper1EventCallback                    build/stm32l4xx_hal_rtc_ex.o
HAL_RTCEx_Tamper2EventCallback                    build/stm32l4xx_hal_rtc_ex.o
HAL_RTCEx_Tamper3EventCallback                    build/stm32l4xx_hal_rtc_ex.o
HAL_RTCEx_TamperTimeStampIRQHandler               build/stm32l4xx_hal_rtc_ex.o
HAL_RTCEx_TimeStampEventCallback                  build/stm32l4xx_hal_rtc_ex.o
HAL_RTCEx_WakeUpTimerEventCallback                build/stm32l4xx_hal_rtc_ex.o
HAL_RTCEx_WakeUpTimerIRQHandler                   build/stm32l4xx_hal_rtc_ex.o
HAL_RTC_AlarmAEventCallback                       build/stm32l4xx_hal_rtc.o
HAL_RTC_AlarmIRQHandler                           build/stm32l4xx_hal_rtc.o
                                                  build/stm32l4xx_it.o
HAL_RTC_DST_Add1Hour                              build/stm32l4xx_hal_rtc.o
HAL_RTC_DST_ClearStoreOperation                   build/stm32l4xx_hal_rtc.o
HAL_RTC_DST_ReadStoreOperation                    build/stm32l4xx_hal_rtc.o
HAL_RTC_DST_SetStoreOperation                     build/stm32l4xx_hal_rtc.o
HAL_RTC_DST_Sub1Hour                              build/stm32l4xx_hal_rtc.o
HAL_RTC_DeInit                                    build/stm32l4xx_hal_rtc.o
HAL_RTC_DeactivateAlarm                           build/stm32l4xx_hal_rtc.o
HAL_RTC_GetAlarm                                  build/stm32l4xx_hal_rtc.o
HAL_RTC_GetDate                                   build/stm32l4xx_hal_rtc.o
                                                  build/rtc.o
HAL_RTC_GetState                                  build/stm32l4xx_hal_rtc.o
HAL_RTC_GetTime                                   build/stm32l4xx_hal_rtc.o
                                                  build/rtc.o
HAL_RTC_Init                                      build/stm32l4xx_hal_rtc.o
                                                  build/rtc.o
HAL_RTC_MspDeInit                                 build/stm32l4xx_hal_msp.o
HAL_RTC_MspInit                                   build/stm32l4xx_hal_msp.o
HAL_RTC_PollForAlarmAEvent                        build/stm32l4xx_hal_rtc.o
HAL_RTC_SetAlarm                                  build/stm32l4xx_hal_rtc.o
HAL_RTC_SetAlarm_IT                               build/stm32l4xx_hal_rtc.o
                                                  build/rtc.o
HAL_RTC_SetDate                                   build/stm32l4xx_hal_rtc.o
                                                  build/rtc.o
HAL_RTC_SetTime                                   build/stm32l4xx_hal_rtc.o
                                                  build/rtc.o
HAL_RTC_WaitForSynchro                            build/stm32l4xx_hal_rtc.o
                                                  build/stm32l4xx_hal_rtc_ex.o
HAL_ResumeTick                                    build/stm32l4xx_hal.o
HAL_SYSCFG_DisableIOAnalogSwitchBooster           build/stm32l4xx_hal.o
HAL_SYSCFG_DisableMemorySwappingBank              build/stm32l4xx_hal.o
HAL_SYSCFG_DisableVREFBUF                         build/stm32l4xx_hal.o
HAL_SYSCFG_EnableIOAnalogSwitchBooster            build/stm32l4xx_hal.o
HAL_SYSCFG_EnableMemorySwappingBank               build/stm32l4xx_hal.o
HAL_SYSCFG_EnableVREFBUF                          build/stm32l4xx_hal.o
HAL_SYSCFG_SRAM2Erase                             build/stm32l4xx_hal.o
HAL_SYSCFG_VREFBUF_HighImpedanceConfig            build/stm32l4xx_hal.o
HAL_SYSCFG_VREFBUF_TrimmingConfig                 build/stm32l4xx_hal.o
HAL_SYSCFG_VREFBUF_VoltageScalingConfig           build/stm32l4xx_hal.o
HAL_SYSTICK_CLKSourceConfig                       build/stm32l4xx_hal_cortex.o
HAL_SYSTICK_Callback                              build/stm32l4xx_hal_cortex.o
HAL_SYSTICK_Config                                build/stm32l4xx_hal_cortex.o
                                                  build/stm32l4xx_hal.o
HAL_SYSTICK_IRQHandler                            build/stm32l4xx_hal_cortex.o
HAL_SetTickFreq                                   build/stm32l4xx_hal.o
HAL_SuspendTick                                   build/stm32l4xx_hal.o
HAL_TIMEx_Break2Callback                          build/stm32l4xx_hal_tim_ex.o
                                                  build/stm32l4xx_hal_tim.o
HAL_TIMEx_BreakCallback                           build/stm32l4xx_hal_tim_ex.o
                                                  build/stm32l4xx_hal_tim.o
HAL_TIMEx_CommutCallback                          build/stm32l4xx_hal_tim_ex.o
                                                  build/stm32l4xx_hal_tim.o
HAL_TIMEx_CommutHalfCpltCallback                  build/stm32l4xx_hal_tim_ex.o
HAL_TIMEx_ConfigBreakDeadTime                     build/stm32l4xx_hal_tim_ex.o
HAL_TIMEx_ConfigBreakInput                        build/stm32l4xx_hal_tim_ex.o
HAL_TIMEx_ConfigCommutEvent                       build/stm32l4xx_hal_tim_ex.o
HAL_TIMEx_ConfigCommutEvent_DMA                   build/stm32l4xx_hal_tim_ex.o
HAL_TIMEx_ConfigCommutEvent_IT                    build/stm32l4xx_hal_tim_ex.o
HAL_TIMEx_GetChannelNState                        build/stm32l4xx_hal_tim_ex.o
HAL_TIMEx_GroupChannel5                           build/stm32l4xx_hal_tim_ex.o
HAL_TIMEx_HallSensor_DeInit                       build/stm32l4xx_hal_tim_ex.o
HAL_TIMEx_HallSensor_GetState                     build/stm32l4xx_hal_tim_ex.o
HAL_TIMEx_HallSensor_Init                         build/stm32l4xx_hal_tim_ex.o
HAL_TIMEx_HallSensor_MspDeInit                    build/stm32l4xx_hal_tim_ex.o
HAL_TIMEx_HallSensor_MspInit                      build/stm32l4xx_hal_tim_ex.o
HAL_TIMEx_HallSensor_Start                        build/stm32l4xx_hal_tim_ex.o
HAL_TIMEx_HallSensor_Start_DMA                    build/stm32l4xx_hal_tim_ex.o
HAL_TIMEx_HallSensor_Start_IT                     build/stm32l4xx_hal_tim_ex.o
HAL_TIMEx_HallSensor_Stop                         build/stm32l4xx_hal_tim_ex.o
HAL_TIMEx_HallSensor_Stop_DMA                     build/stm32l4xx_hal_tim_ex.o
HAL_TIMEx_HallSensor_Stop_IT                      build/stm32l4xx_hal_tim_ex.o
HAL_TIMEx_MasterConfigSynchronization             build/stm32l4xx_hal_tim_ex.o
                                                  build/timer.o
HAL_TIMEx_OCN_Start                               build/stm32l4xx_hal_tim_ex.o
HAL_TIMEx_OCN_Start_DMA                           build/stm32l4xx_hal_tim_ex.o
HAL_TIMEx_OCN_Start_IT                            build/stm32l4xx_hal_tim_ex.o
HAL_TIMEx_OCN_Stop                                build/stm32l4xx_hal_tim_ex.o
HAL_TIMEx_OCN_Stop_DMA                            build/stm32l4xx_hal_tim_ex.o
HAL_TIMEx_OCN_Stop_IT                             build/stm32l4xx_hal_tim_ex.o
HAL_TIMEx_OnePulseN_Start                         build/stm32l4xx_hal_tim_ex.o
HAL_TIMEx_OnePulseN_Start_IT                      build/stm32l4xx_hal_tim_ex.o
HAL_TIMEx_OnePulseN_Stop                          build/stm32l4xx_hal_tim_ex.o
HAL_TIMEx_OnePulseN_Stop_IT                       build/stm32l4xx_hal_tim_ex.o
HAL_TIMEx_PWMN_Start                              build/stm32l4xx_hal_tim_ex.o
HAL_TIMEx_PWMN_Start_DMA                          build/stm32l4xx_hal_tim_ex.o
HAL_TIMEx_PWMN_Start_IT                           build/stm32l4xx_hal_tim_ex.o
HAL_TIMEx_PWMN_Stop                               build/stm32l4xx_hal_tim_ex.o
HAL_TIMEx_PWMN_Stop_DMA                           build/stm32l4xx_hal_tim_ex.o
HAL_TIMEx_PWMN_Stop_IT                            build/stm32l4xx_hal_tim_ex.o
HAL_TIMEx_RemapConfig                             build/stm32l4xx_hal_tim_ex.o
HAL_TIM_Base_DeInit                               build/stm32l4xx_hal_tim.o
HAL_TIM_Base_GetState                             build/stm32l4xx_hal_tim.o
HAL_TIM_Base_Init                                 build/stm32l4xx_hal_tim.o
                                                  build/timer.o
HAL_TIM_Base_MspDeInit                            build/stm32l4xx_hal_msp.o
HAL_TIM_Base_MspInit                              build/stm32l4xx_hal_msp.o
HAL_TIM_Base_Start                                build/stm32l4xx_hal_tim.o
HAL_TIM_Base_Start_DMA                            build/stm32l4xx_hal_tim.o
HAL_TIM_Base_Start_IT                             build/stm32l4xx_hal_tim.o
                                                  build/main.o
HAL_TIM_Base_Stop                                 build/stm32l4xx_hal_tim.o
HAL_TIM_Base_Stop_DMA                             build/stm32l4xx_hal_tim.o
HAL_TIM_Base_Stop_IT                              build/stm32l4xx_hal_tim.o
HAL_TIM_ConfigClockSource                         build/stm32l4xx_hal_tim.o
                                                  build/timer.o
HAL_TIM_ConfigOCrefClear                          build/stm32l4xx_hal_tim.o
HAL_TIM_ConfigTI1Input                            build/stm32l4xx_hal_tim.o
HAL_TIM_DMABurstState                             build/stm32l4xx_hal_tim.o
HAL_TIM_DMABurst_MultiReadStart                   build/stm32l4xx_hal_tim.o
HAL_TIM_DMABurst_MultiWriteStart                  build/stm32l4xx_hal_tim.o
HAL_TIM_DMABurst_ReadStart                        build/stm32l4xx_hal_tim.o
HAL_TIM_DMABurst_ReadStop                         build/stm32l4xx_hal_tim.o
HAL_TIM_DMABurst_WriteStart                       build/stm32l4xx_hal_tim.o
HAL_TIM_DMABurst_WriteStop                        build/stm32l4xx_hal_tim.o
HAL_TIM_Encoder_DeInit                            build/stm32l4xx_hal_tim.o
HAL_TIM_Encoder_GetState                          build/stm32l4xx_hal_tim.o
HAL_TIM_Encoder_Init                              build/stm32l4xx_hal_tim.o
HAL_TIM_Encoder_MspDeInit                         build/stm32l4xx_hal_tim.o
HAL_TIM_Encoder_MspInit                           build/stm32l4xx_hal_tim.o
HAL_TIM_Encoder_Start                             build/stm32l4xx_hal_tim.o
HAL_TIM_Encoder_Start_DMA                         build/stm32l4xx_hal_tim.o
HAL_TIM_Encoder_Start_IT                          build/stm32l4xx_hal_tim.o
HAL_TIM_Encoder_Stop                              build/stm32l4xx_hal_tim.o
HAL_TIM_Encoder_Stop_DMA                          build/stm32l4xx_hal_tim.o
HAL_TIM_Encoder_Stop_IT                           build/stm32l4xx_hal_tim.o
HAL_TIM_ErrorCallback                             build/stm32l4xx_hal_tim.o
                                                  build/stm32l4xx_hal_tim_ex.o
HAL_TIM_GenerateEvent                             build/stm32l4xx_hal_tim.o
HAL_TIM_GetActiveChannel                          build/stm32l4xx_hal_tim.o
HAL_TIM_GetChannelState                           build/stm32l4xx_hal_tim.o
HAL_TIM_IC_CaptureCallback                        build/stm32l4xx_hal_tim.o
HAL_TIM_IC_CaptureHalfCpltCallback                build/stm32l4xx_hal_tim.o
HAL_TIM_IC_ConfigChannel                          build/stm32l4xx_hal_tim.o
HAL_TIM_IC_DeInit                                 build/stm32l4xx_hal_tim.o
HAL_TIM_IC_GetState                               build/stm32l4xx_hal_tim.o
HAL_TIM_IC_Init                                   build/stm32l4xx_hal_tim.o
HAL_TIM_IC_MspDeInit                              build/stm32l4xx_hal_tim.o
HAL_TIM_IC_MspInit                                build/stm32l4xx_hal_tim.o
HAL_TIM_IC_Start                                  build/stm32l4xx_hal_tim.o
HAL_TIM_IC_Start_DMA                              build/stm32l4xx_hal_tim.o
HAL_TIM_IC_Start_IT                               build/stm32l4xx_hal_tim.o
HAL_TIM_IC_Stop                                   build/stm32l4xx_hal_tim.o
HAL_TIM_IC_Stop_DMA                               build/stm32l4xx_hal_tim.o
HAL_TIM_IC_Stop_IT                                build/stm32l4xx_hal_tim.o
HAL_TIM_IRQHandler                                build/stm32l4xx_hal_tim.o
                                                  build/stm32l4xx_it.o
HAL_TIM_OC_ConfigChannel                          build/stm32l4xx_hal_tim.o
HAL_TIM_OC_DeInit                                 build/stm32l4xx_hal_tim.o
HAL_TIM_OC_DelayElapsedCallback                   build/stm32l4xx_hal_tim.o
HAL_TIM_OC_GetState                               build/stm32l4xx_hal_tim.o
HAL_TIM_OC_Init                                   build/stm32l4xx_hal_tim.o
HAL_TIM_OC_MspDeInit                              build/stm32l4xx_hal_tim.o
HAL_TIM_OC_MspInit                                build/stm32l4xx_hal_tim.o
HAL_TIM_OC_Start                                  build/stm32l4xx_hal_tim.o
HAL_TIM_OC_Start_DMA                              build/stm32l4xx_hal_tim.o
HAL_TIM_OC_Start_IT                               build/stm32l4xx_hal_tim.o
HAL_TIM_OC_Stop                                   build/stm32l4xx_hal_tim.o
HAL_TIM_OC_Stop_DMA                               build/stm32l4xx_hal_tim.o
HAL_TIM_OC_Stop_IT                                build/stm32l4xx_hal_tim.o
HAL_TIM_OnePulse_ConfigChannel                    build/stm32l4xx_hal_tim.o
HAL_TIM_OnePulse_DeInit                           build/stm32l4xx_hal_tim.o
HAL_TIM_OnePulse_GetState                         build/stm32l4xx_hal_tim.o
HAL_TIM_OnePulse_Init                             build/stm32l4xx_hal_tim.o
HAL_TIM_OnePulse_MspDeInit                        build/stm32l4xx_hal_tim.o
HAL_TIM_OnePulse_MspInit                          build/stm32l4xx_hal_tim.o
HAL_TIM_OnePulse_Start                            build/stm32l4xx_hal_tim.o
HAL_TIM_OnePulse_Start_IT                         build/stm32l4xx_hal_tim.o
HAL_TIM_OnePulse_Stop                             build/stm32l4xx_hal_tim.o
HAL_TIM_OnePulse_Stop_IT                          build/stm32l4xx_hal_tim.o
HAL_TIM_PWM_ConfigChannel                         build/stm32l4xx_hal_tim.o
HAL_TIM_PWM_DeInit                                build/stm32l4xx_hal_tim.o
HAL_TIM_PWM_GetState                              build/stm32l4xx_hal_tim.o
HAL_TIM_PWM_Init                                  build/stm32l4xx_hal_tim.o
HAL_TIM_PWM_MspDeInit                             build/stm32l4xx_hal_tim.o
HAL_TIM_PWM_MspInit                               build/stm32l4xx_hal_tim.o
HAL_TIM_PWM_PulseFinishedCallback                 build/stm32l4xx_hal_tim.o
                                                  build/stm32l4xx_hal_tim_ex.o
HAL_TIM_PWM_PulseFinishedHalfCpltCallback         build/stm32l4xx_hal_tim.o
HAL_TIM_PWM_Start                                 build/stm32l4xx_hal_tim.o
HAL_TIM_PWM_Start_DMA                             build/stm32l4xx_hal_tim.o
HAL_TIM_PWM_Start_IT                              build/stm32l4xx_hal_tim.o
HAL_TIM_PWM_Stop                                  build/stm32l4xx_hal_tim.o
HAL_TIM_PWM_Stop_DMA                              build/stm32l4xx_hal_tim.o
HAL_TIM_PWM_Stop_IT                               build/stm32l4xx_hal_tim.o
HAL_TIM_PeriodElapsedCallback                     build/timer.o
HAL_TIM_PeriodElapsedHalfCpltCallback             build/stm32l4xx_hal_tim.o
HAL_TIM_ReadCapturedValue                         build/stm32l4xx_hal_tim.o
HAL_TIM_SlaveConfigSynchro                        build/stm32l4xx_hal_tim.o
HAL_TIM_SlaveConfigSynchro_IT                     build/stm32l4xx_hal_tim.o
HAL_TIM_TriggerCallback                           build/stm32l4xx_hal_tim.o
HAL_TIM_TriggerHalfCpltCallback                   build/stm32l4xx_hal_tim.o
HAL_UARTEx_DisableClockStopMode                   build/stm32l4xx_hal_uart_ex.o
HAL_UARTEx_DisableStopMode                        build/stm32l4xx_hal_uart_ex.o
HAL_UARTEx_EnableClockStopMode                    build/stm32l4xx_hal_uart_ex.o
HAL_UARTEx_EnableStopMode                         build/stm32l4xx_hal_uart_ex.o
HAL_UARTEx_ReceiveToIdle                          build/stm32l4xx_hal_uart_ex.o
HAL_UARTEx_ReceiveToIdle_DMA                      build/stm32l4xx_hal_uart_ex.o
HAL_UARTEx_ReceiveToIdle_IT                       build/stm32l4xx_hal_uart_ex.o
HAL_UARTEx_RxEventCallback                        build/stm32l4xx_hal_uart.o
HAL_UARTEx_StopModeWakeUpSourceConfig             build/stm32l4xx_hal_uart_ex.o
HAL_UARTEx_WakeupCallback                         build/stm32l4xx_hal_uart_ex.o
                                                  build/stm32l4xx_hal_uart.o
HAL_UART_Abort                                    build/stm32l4xx_hal_uart.o
HAL_UART_AbortCpltCallback                        build/stm32l4xx_hal_uart.o
HAL_UART_AbortReceive                             build/stm32l4xx_hal_uart.o
HAL_UART_AbortReceiveCpltCallback                 build/stm32l4xx_hal_uart.o
HAL_UART_AbortReceive_IT                          build/stm32l4xx_hal_uart.o
HAL_UART_AbortTransmit                            build/stm32l4xx_hal_uart.o
HAL_UART_AbortTransmitCpltCallback                build/stm32l4xx_hal_uart.o
HAL_UART_AbortTransmit_IT                         build/stm32l4xx_hal_uart.o
HAL_UART_Abort_IT                                 build/stm32l4xx_hal_uart.o
HAL_UART_DMAPause                                 build/stm32l4xx_hal_uart.o