Archive member included to satisfy reference by file (symbol)

c:/program files (x86)/gnu arm embedded toolchain/10 2021.07/bin/../lib/gcc/arm-none-eabi/10.3.1/../../../../arm-none-eabi/lib/thumb/v7e-m+fp/hard\libc_nano.a(lib_a-exit.o)
                              c:/program files (x86)/gnu arm embedded toolchain/10 2021.07/bin/../lib/gcc/arm-none-eabi/10.3.1/../../../../arm-none-eabi/lib/thumb/v7e-m+fp/hard/crt0.o (exit)
c:/program files (x86)/gnu arm embedded toolchain/10 2021.07/bin/../lib/gcc/arm-none-eabi/10.3.1/../../../../arm-none-eabi/lib/thumb/v7e-m+fp/hard\libc_nano.a(lib_a-impure.o)
                              c:/program files (x86)/gnu arm embedded toolchain/10 2021.07/bin/../lib/gcc/arm-none-eabi/10.3.1/../../../../arm-none-eabi/lib/thumb/v7e-m+fp/hard\libc_nano.a(lib_a-exit.o) (_global_impure_ptr)
c:/program files (x86)/gnu arm embedded toolchain/10 2021.07/bin/../lib/gcc/arm-none-eabi/10.3.1/../../../../arm-none-eabi/lib/thumb/v7e-m+fp/hard\libc_nano.a(lib_a-init.o)
                              c:/program files (x86)/gnu arm embedded toolchain/10 2021.07/bin/../lib/gcc/arm-none-eabi/10.3.1/../../../../arm-none-eabi/lib/thumb/v7e-m+fp/hard/crt0.o (__libc_init_array)
c:/program files (x86)/gnu arm embedded toolchain/10 2021.07/bin/../lib/gcc/arm-none-eabi/10.3.1/../../../../arm-none-eabi/lib/thumb/v7e-m+fp/hard\libc_nano.a(lib_a-memcpy-stub.o)
                              build/main.o (memcpy)
c:/program files (x86)/gnu arm embedded toolchain/10 2021.07/bin/../lib/gcc/arm-none-eabi/10.3.1/../../../../arm-none-eabi/lib/thumb/v7e-m+fp/hard\libc_nano.a(lib_a-memset.o)
                              c:/program files (x86)/gnu arm embedded toolchain/10 2021.07/bin/../lib/gcc/arm-none-eabi/10.3.1/../../../../arm-none-eabi/lib/thumb/v7e-m+fp/hard/crt0.o (memset)
c:/program files (x86)/gnu arm embedded toolchain/10 2021.07/bin/../lib/gcc/arm-none-eabi/10.3.1/../../../../arm-none-eabi/lib/thumb/v7e-m+fp/hard\libc_nano.a(lib_a-strcmp.o)
                              build/main.o (strcmp)
c:/program files (x86)/gnu arm embedded toolchain/10 2021.07/bin/../lib/gcc/arm-none-eabi/10.3.1/../../../../arm-none-eabi/lib/thumb/v7e-m+fp/hard\libc_nano.a(lib_a-strlen.o)
                              build/main.o (strlen)
c:/program files (x86)/gnu arm embedded toolchain/10 2021.07/bin/../lib/gcc/arm-none-eabi/10.3.1/../../../../arm-none-eabi/lib/thumb/v7e-m+fp/hard\libnosys.a(_exit.o)
                              c:/program files (x86)/gnu arm embedded toolchain/10 2021.07/bin/../lib/gcc/arm-none-eabi/10.3.1/../../../../arm-none-eabi/lib/thumb/v7e-m+fp/hard\libc_nano.a(lib_a-exit.o) (_exit)
c:/program files (x86)/gnu arm embedded toolchain/10 2021.07/bin/../lib/gcc/arm-none-eabi/10.3.1/thumb/v7e-m+fp/hard\libgcc.a(_arm_addsubdf3.o)
                              build/main.o (__aeabi_ui2d)
c:/program files (x86)/gnu arm embedded toolchain/10 2021.07/bin/../lib/gcc/arm-none-eabi/10.3.1/thumb/v7e-m+fp/hard\libgcc.a(_arm_muldivdf3.o)
                              build/main.o (__aeabi_ddiv)
c:/program files (x86)/gnu arm embedded toolchain/10 2021.07/bin/../lib/gcc/arm-none-eabi/10.3.1/thumb/v7e-m+fp/hard\libgcc.a(_arm_cmpdf2.o)
                              build/main.o (__aeabi_dcmpge)
c:/program files (x86)/gnu arm embedded toolchain/10 2021.07/bin/../lib/gcc/arm-none-eabi/10.3.1/thumb/v7e-m+fp/hard\libgcc.a(_aeabi_uldivmod.o)
                              build/stm32l4xx_hal_uart.o (__aeabi_uldivmod)
c:/program files (x86)/gnu arm embedded toolchain/10 2021.07/bin/../lib/gcc/arm-none-eabi/10.3.1/thumb/v7e-m+fp/hard\libgcc.a(_udivmoddi4.o)
                              c:/program files (x86)/gnu arm embedded toolchain/10 2021.07/bin/../lib/gcc/arm-none-eabi/10.3.1/thumb/v7e-m+fp/hard\libgcc.a(_aeabi_uldivmod.o) (__udivmoddi4)
c:/program files (x86)/gnu arm embedded toolchain/10 2021.07/bin/../lib/gcc/arm-none-eabi/10.3.1/thumb/v7e-m+fp/hard\libgcc.a(_dvmd_tls.o)
                              c:/program files (x86)/gnu arm embedded toolchain/10 2021.07/bin/../lib/gcc/arm-none-eabi/10.3.1/thumb/v7e-m+fp/hard\libgcc.a(_aeabi_uldivmod.o) (__aeabi_ldiv0)

Discarded input sections

 .text          0x00000000        0x0 c:/program files (x86)/gnu arm embedded toolchain/10 2021.07/bin/../lib/gcc/arm-none-eabi/10.3.1/thumb/v7e-m+fp/hard/crti.o
 .data          0x00000000        0x0 c:/program files (x86)/gnu arm embedded toolchain/10 2021.07/bin/../lib/gcc/arm-none-eabi/10.3.1/thumb/v7e-m+fp/hard/crti.o
 .bss           0x00000000        0x0 c:/program files (x86)/gnu arm embedded toolchain/10 2021.07/bin/../lib/gcc/arm-none-eabi/10.3.1/thumb/v7e-m+fp/hard/crti.o
 .data          0x00000000        0x4 c:/program files (x86)/gnu arm embedded toolchain/10 2021.07/bin/../lib/gcc/arm-none-eabi/10.3.1/thumb/v7e-m+fp/hard/crtbegin.o
 .rodata        0x00000000       0x24 c:/program files (x86)/gnu arm embedded toolchain/10 2021.07/bin/../lib/gcc/arm-none-eabi/10.3.1/thumb/v7e-m+fp/hard/crtbegin.o
[...]
Memory Configuration

Name             Origin             Length             Attributes
RAM              0x20000000         0x00028000         xrw
RAM2             0x10000000         0x00008000         xrw
FLASH            0x08000000         0x00080000         xr
*default*        0x00000000         0xffffffff

Linker script and memory map

LOAD c:/program files (x86)/gnu arm embedded toolchain/10 2021.07/bin/../lib/gcc/arm-none-eabi/10.3.1/thumb/v7e-m+fp/hard/crti.o
LOAD c:/program files (x86)/gnu arm embedded toolchain/10 2021.07/bin/../lib/gcc/arm-none-eabi/10.3.1/thumb/v7e-m+fp/hard/crtbegin.o
LOAD c:/program files (x86)/gnu arm embedded toolchain/10 2021.07/bin/../lib/gcc/arm-none-eabi/10.3.1/../../../../arm-none-eabi/lib/thumb/v7e-m+fp/hard/crt0.o
LOAD build/main.o
LOAD build/AT_command.o
LOAD build/stm32l4xx_it.o
LOAD build/stm32l4xx_hal_msp.o
LOAD build/stm32l4xx_hal_rtc.o
LOAD build/stm32l4xx_hal_rtc_ex.o
LOAD build/stm32l4xx_hal.o
LOAD build/stm32l4xx_hal_i2c.o
LOAD build/stm32l4xx_hal_i2c_ex.o
LOAD build/stm32l4xx_hal_rcc.o
LOAD build/stm32l4xx_hal_rcc_ex.o
LOAD build/stm32l4xx_hal_flash.o
LOAD build/stm32l4xx_hal_flash_ex.o
LOAD build/stm32l4xx_hal_flash_ramfunc.o
LOAD build/stm32l4xx_hal_gpio.o
LOAD build/stm32l4xx_hal_dma.o
LOAD build/stm32l4xx_hal_dma_ex.o
LOAD build/stm32l4xx_hal_pwr.o
LOAD build/stm32l4xx_hal_pwr_ex.o
LOAD build/stm32l4xx_hal_cortex.o
LOAD build/stm32l4xx_hal_exti.o
LOAD build/stm32l4xx_hal_tim.o
LOAD build/stm32l4xx_hal_tim_ex.o
LOAD build/stm32l4xx_hal_uart.o
LOAD build/stm32l4xx_hal_uart_ex.o
LOAD build/system_stm32l4xx.o
LOAD build/startup_stm32l452xx.o
LOAD c:/program files (x86)/gnu arm embedded toolchain/10 2021.07/bin/../lib/gcc/arm-none-eabi/10.3.1/../../../../arm-none-eabi/lib/thumb/v7e-m+fp/hard\libc_nano.a
LOAD c:/program files (x86)/gnu arm embedded toolchain/10 2021.07/bin/../lib/gcc/arm-none-eabi/10.3.1/../../../../arm-none-eabi/lib/thumb/v7e-m+fp/hard\libm.a
LOAD c:/program files (x86)/gnu arm embedded toolchain/10 2021.07/bin/../lib/gcc/arm-none-eabi/10.3.1/../../../../arm-none-eabi/lib/thumb/v7e-m+fp/hard\libnosys.a
START GROUP
LOAD c:/program files (x86)/gnu arm embedded toolchain/10 2021.07/bin/../lib/gcc/arm-none-eabi/10.3.1/thumb/v7e-m+fp/hard\libgcc.a
LOAD c:/program files (x86)/gnu arm embedded toolchain/10 2021.07/bin/../lib/gcc/arm-none-eabi/10.3.1/../../../../arm-none-eabi/lib/thumb/v7e-m+fp/hard\libc_nano.a
END GROUP
START GROUP
LOAD c:/program files (x86)/gnu arm embedded toolchain/10 2021.07/bin/../lib/gcc/arm-none-eabi/10.3.1/thumb/v7e-m+fp/hard\libgcc.a
LOAD c:/program files (x86)/gnu arm embedded toolchain/10 2021.07/bin/../lib/gcc/arm-none-eabi/10.3.1/../../../../arm-none-eabi/lib/thumb/v7e-m+fp/hard\libc_nano.a
END GROUP
LOAD c:/program files (x86)/gnu arm embedded toolchain/10 2021.07/bin/../lib/gcc/arm-none-eabi/10.3.1/thumb/v7e-m+fp/hard/crtend.o
LOAD c:/program files (x86)/gnu arm embedded toolchain/10 2021.07/bin/../lib/gcc/arm-none-eabi/10.3.1/thumb/v7e-m+fp/hard/crtn.o
                0x20028000                _estack = (ORIGIN (RAM) + LENGTH (RAM))
                0x00000200                _Min_Heap_Size = 0x200
                0x00000400                _Min_Stack_Size = 0x400

.isr_vector     0x08000000      0x198
                0x08000000                . = ALIGN (0x8)
 *(.isr_vector)
 .isr_vector    0x08000000      0x194 build/startup_stm32l452xx.o
                0x08000000                g_pfnVectors
                0x08000198                . = ALIGN (0x8)
 *fill*         0x08000194        0x4 

.text           0x08000198     0x4c00
                0x08000198                . = ALIGN (0x8)
 *(.text)
 .text          0x08000198       0x40 c:/program files (x86)/gnu arm embedded toolchain/10 2021.07/bin/../lib/gcc/arm-none-eabi/10.3.1/thumb/v7e-m+fp/hard/crtbegin.o
 .text          0x080001d8       0x14 c:/program files (x86)/gnu arm embedded toolchain/10 2021.07/bin/../lib/gcc/arm-none-eabi/10.3.1/../../../../arm-none-eabi/lib/thumb/v7e-m+fp/hard\libc_nano.a(lib_a-strcmp.o)
                0x080001d8                strcmp
 .text          0x080001ec       0x10 c:/program files (x86)/gnu arm embedded toolchain/10 2021.07/bin/../lib/gcc/arm-none-eabi/10.3.1/../../../../arm-none-eabi/lib/thumb/v7e-m+fp/hard\libc_nano.a(lib_a-strlen.o)
                0x080001ec                strlen
 .text          0x080001fc      0x378 c:/program files (x86)/gnu arm embedded toolchain/10 2021.07/bin/../lib/gcc/arm-none-eabi/10.3.1/thumb/v7e-m+fp/hard\libgcc.a(_arm_addsubdf3.o)
                0x080001fc                __aeabi_drsub
                0x08000204                __aeabi_dsub
                0x08000204                __subdf3
                0x08000208                __aeabi_dadd
                0x08000208                __adddf3
                0x08000480                __floatunsidf
                0x08000480                __aeabi_ui2d
                0x080004a0                __floatsidf
                0x080004a0                __aeabi_i2d
                0x080004c4                __aeabi_f2d
                0x080004c4                __extendsfdf2
                0x08000508                __floatundidf
                0x08000508                __aeabi_ul2d
                0x08000518                __floatdidf
                0x08000518                __aeabi_l2d
 .text          0x08000574      0x424 c:/program files (x86)/gnu arm embedded toolchain/10 2021.07/bin/../lib/gcc/arm-none-eabi/10.3.1/thumb/v7e-m+fp/hard\libgcc.a(_arm_muldivdf3.o)
                0x08000574                __aeabi_dmul
                0x08000574                __muldf3
                0x080007c8                __divdf3
                0x080007c8                __aeabi_ddiv
 .text          0x08000998      0x110 c:/program files (x86)/gnu arm embedded toolchain/10 2021.07/bin/../lib/gcc/arm-none-eabi/10.3.1/thumb/v7e-m+fp/hard\libgcc.a(_arm_cmpdf2.o)
                0x08000998                __gtdf2
                0x08000998                __gedf2
                0x080009a0                __ltdf2
                0x080009a0                __ledf2
                0x080009a8                __nedf2
                0x080009a8                __eqdf2
                0x080009a8                __cmpdf2
                0x08000a24                __aeabi_cdrcmple
                0x08000a34                __aeabi_cdcmpeq
                0x08000a34                __aeabi_cdcmple
                0x08000a44                __aeabi_dcmpeq
                0x08000a58                __aeabi_dcmplt
                0x08000a6c                __aeabi_dcmple
                0x08000a80                __aeabi_dcmpge
                0x08000a94                __aeabi_dcmpgt
 .text          0x08000aa8       0x30 c:/program files (x86)/gnu arm embedded toolchain/10 2021.07/bin/../lib/gcc/arm-none-eabi/10.3.1/thumb/v7e-m+fp/hard\libgcc.a(_aeabi_uldivmod.o)
                0x08000aa8                __aeabi_uldivmod
 .text          0x08000ad8      0x2d0 c:/program files (x86)/gnu arm embedded toolchain/10 2021.07/bin/../lib/gcc/arm-none-eabi/10.3.1/thumb/v7e-m+fp/hard\libgcc.a(_udivmoddi4.o)
                0x08000ad8                __udivmoddi4
 .text          0x08000da8        0x4 c:/program files (x86)/gnu arm embedded toolchain/10 2021.07/bin/../lib/gcc/arm-none-eabi/10.3.1/thumb/v7e-m+fp/hard\libgcc.a(_dvmd_tls.o)
                0x08000da8                __aeabi_idiv0
                0x08000da8                __aeabi_ldiv0
 *(.text*)
 .text.MX_GPIO_Init
                0x08000dac       0xac build/main.o
 .text.get_And_Send_Current_Time
                0x08000e58      0x27c build/main.o
                0x08000e58                get_And_Send_Current_Time
 .text.handle_Check_Data_Module
                0x080010d4      0x114 build/main.o
                0x080010d4                handle_Check_Data_Module
 .text.handle_Data_Module
                0x080011e8      0x29c build/main.o
                0x080011e8                handle_Data_Module
 .text.UART1_GetData
                0x08001484       0x74 build/main.o
                0x08001484                UART1_GetData
 .text.UART3_GetData
                0x080014f8       0x74 build/main.o
                0x080014f8                UART3_GetData
 .text.HAL_UART_RxCpltCallback
                0x0800156c       0x8c build/main.o
                0x0800156c                HAL_UART_RxCpltCallback
 .text.enable_Sim
                0x080015f8       0x50 build/main.o
                0x080015f8                enable_Sim
 .text.HAL_TIM_PeriodElapsedCallback
                0x08001648        0x2 build/main.o
                0x08001648                HAL_TIM_PeriodElapsedCallback
 .text.Error_Handler
                0x0800164a        0x4 build/main.o
                0x0800164a                Error_Handler
 *fill*         0x0800164e        0x2 
 .text.MX_UART4_Init
                0x08001650       0x38 build/main.o
 .text.MX_USART1_UART_Init
                0x08001688       0x38 build/main.o
 .text.MX_USART3_UART_Init
                0x080016c0       0x38 build/main.o
 .text.MX_RTC_Init
                0x080016f8       0xd0 build/main.o
 .text.MX_TIM2_Init
                0x080017c8       0x6c build/main.o
 .text.SystemClock_Config
                0x08001834       0x98 build/main.o
                0x08001834                SystemClock_Config
 .text.main     0x080018cc       0x78 build/main.o
                0x080018cc                main
 .text.AT_Init  0x08001944      0x75c build/AT_command.o
                0x08001944                AT_Init
 .text.NMI_Handler
                0x080020a0        0x2 build/stm32l4xx_it.o
                0x080020a0                NMI_Handler
 .text.HardFault_Handler
                0x080020a2        0x2 build/stm32l4xx_it.o
                0x080020a2                HardFault_Handler
 .text.MemManage_Handler
                0x080020a4        0x2 build/stm32l4xx_it.o
                0x080020a4                MemManage_Handler
 .text.BusFault_Handler
                0x080020a6        0x2 build/stm32l4xx_it.o
                0x080020a6                BusFault_Handler
 .text.UsageFault_Handler
                0x080020a8        0x2 build/stm32l4xx_it.o
                0x080020a8                UsageFault_Handler
 .text.SVC_Handler
                0x080020aa        0x2 build/stm32l4xx_it.o
                0x080020aa                SVC_Handler
 .text.DebugMon_Handler
                0x080020ac        0x2 build/stm32l4xx_it.o
                0x080020ac                DebugMon_Handler
 .text.PendSV_Handler
                0x080020ae        0x2 build/stm32l4xx_it.o
                0x080020ae                PendSV_Handler
 .text.SysTick_Handler
                0x080020b0        0x8 build/stm32l4xx_it.o
                0x080020b0                SysTick_Handler
 .text.TIM2_IRQHandler
                0x080020b8       0x10 build/stm32l4xx_it.o
                0x080020b8                TIM2_IRQHandler
 .text.USART1_IRQHandler
                0x080020c8       0x10 build/stm32l4xx_it.o
                0x080020c8                USART1_IRQHandler
 .text.USART3_IRQHandler
                0x080020d8       0x10 build/stm32l4xx_it.o
                0x080020d8                USART3_IRQHandler
 .text.RTC_Alarm_IRQHandler
                0x080020e8       0x10 build/stm32l4xx_it.o
                0x080020e8                RTC_Alarm_IRQHandler
 .text.HAL_MspInit
                0x080020f8       0x30 build/stm32l4xx_hal_msp.o
                0x080020f8                HAL_MspInit
 .text.HAL_RTC_MspInit
                0x08002128       0x60 build/stm32l4xx_hal_msp.o
                0x08002128                HAL_RTC_MspInit
 .text.HAL_TIM_Base_MspInit
                0x08002188       0x3a build/stm32l4xx_hal_msp.o
                0x08002188                HAL_TIM_Base_MspInit
 *fill*         0x080021c2        0x2 
 .text.HAL_UART_MspInit
                0x080021c4      0x174 build/stm32l4xx_hal_msp.o
                0x080021c4                HAL_UART_MspInit
 .text.HAL_RTC_AlarmAEventCallback
                0x08002338        0x2 build/stm32l4xx_hal_rtc.o
                0x08002338                HAL_RTC_AlarmAEventCallback
 *fill*         0x0800233a        0x2 
 .text.HAL_RTC_AlarmIRQHandler
                0x0800233c       0x60 build/stm32l4xx_hal_rtc.o
                0x0800233c                HAL_RTC_AlarmIRQHandler
 .text.HAL_RTC_WaitForSynchro
                0x0800239c       0x32 build/stm32l4xx_hal_rtc.o
                0x0800239c                HAL_RTC_WaitForSynchro
 .text.RTC_EnterInitMode
                0x080023ce       0x44 build/stm32l4xx_hal_rtc.o
                0x080023ce                RTC_EnterInitMode
 *fill*         0x08002412        0x2 
 .text.RTC_ExitInitMode
                0x08002414       0x50 build/stm32l4xx_hal_rtc.o
                0x08002414                RTC_ExitInitMode
 .text.HAL_RTC_Init
                0x08002464       0x9a build/stm32l4xx_hal_rtc.o
                0x08002464                HAL_RTC_Init
 .text.RTC_ByteToBcd2
                0x080024fe       0x16 build/stm32l4xx_hal_rtc.o
                0x080024fe                RTC_ByteToBcd2
 .text.HAL_RTC_SetTime
                0x08002514       0xc8 build/stm32l4xx_hal_rtc.o
                0x08002514                HAL_RTC_SetTime
 .text.HAL_RTC_SetDate
                0x080025dc       0xa6 build/stm32l4xx_hal_rtc.o
                0x080025dc                HAL_RTC_SetDate
 *fill*         0x08002682        0x2 
 .text.HAL_RTC_SetAlarm_IT
                0x08002684      0x1a0 build/stm32l4xx_hal_rtc.o
                0x08002684                HAL_RTC_SetAlarm_IT
 .text.HAL_RTCEx_AlarmBEventCallback
                0x08002824        0x2 build/stm32l4xx_hal_rtc_ex.o
                0x08002824                HAL_RTCEx_AlarmBEventCallback
 *fill*         0x08002826        0x2 
 .text.HAL_InitTick
                0x08002828       0x50 build/stm32l4xx_hal.o
                0x08002828                HAL_InitTick
 .text.HAL_Init
                0x08002878       0x1e build/stm32l4xx_hal.o
                0x08002878                HAL_Init
 *fill*         0x08002896        0x2 
 .text.HAL_IncTick
                0x08002898       0x18 build/stm32l4xx_hal.o
                0x08002898                HAL_IncTick
 .text.HAL_GetTick
                0x080028b0        0xc build/stm32l4xx_hal.o
                0x080028b0                HAL_GetTick
 .text.HAL_Delay
                0x080028bc       0x28 build/stm32l4xx_hal.o
                0x080028bc                HAL_Delay
 .text.RCC_SetFlashLatencyFromMSIRange
                0x080028e4       0x90 build/stm32l4xx_hal_rcc.o
 .text.HAL_RCC_GetSysClockFreq
                0x08002974       0xb4 build/stm32l4xx_hal_rcc.o
                0x08002974                HAL_RCC_GetSysClockFreq
 .text.HAL_RCC_OscConfig
                0x08002a28      0x66c build/stm32l4xx_hal_rcc.o
                0x08002a28                HAL_RCC_OscConfig
 .text.HAL_RCC_ClockConfig
                0x08003094      0x188 build/stm32l4xx_hal_rcc.o
                0x08003094                HAL_RCC_ClockConfig
 .text.HAL_RCC_GetHCLKFreq
                0x0800321c        0xc build/stm32l4xx_hal_rcc.o
                0x0800321c                HAL_RCC_GetHCLKFreq
 .text.HAL_RCC_GetPCLK1Freq
                0x08003228       0x24 build/stm32l4xx_hal_rcc.o
                0x08003228                HAL_RCC_GetPCLK1Freq
 .text.HAL_RCC_GetPCLK2Freq
                0x0800324c       0x24 build/stm32l4xx_hal_rcc.o
                0x0800324c                HAL_RCC_GetPCLK2Freq
 .text.RCCEx_PLLSAI1_Config
                0x08003270      0x16c build/stm32l4xx_hal_rcc_ex.o
 .text.HAL_RCCEx_PeriphCLKConfig
                0x080033dc      0x398 build/stm32l4xx_hal_rcc_ex.o
                0x080033dc                HAL_RCCEx_PeriphCLKConfig
 .text.HAL_GPIO_Init
                0x08003774      0x1c8 build/stm32l4xx_hal_gpio.o
                0x08003774                HAL_GPIO_Init
 .text.HAL_GPIO_WritePin
                0x0800393c        0xa build/stm32l4xx_hal_gpio.o
                0x0800393c                HAL_GPIO_WritePin
 .text.HAL_GPIO_TogglePin
                0x08003946       0x12 build/stm32l4xx_hal_gpio.o
                0x08003946                HAL_GPIO_TogglePin
 .text.HAL_DMA_Abort
                0x08003958       0x4a build/stm32l4xx_hal_dma.o
                0x08003958                HAL_DMA_Abort
 .text.HAL_DMA_Abort_IT
                0x080039a2       0x50 build/stm32l4xx_hal_dma.o
                0x080039a2                HAL_DMA_Abort_IT
 *fill*         0x080039f2        0x2 
 .text.HAL_PWR_EnableBkUpAccess
                0x080039f4       0x10 build/stm32l4xx_hal_pwr.o
                0x080039f4                HAL_PWR_EnableBkUpAccess
 .text.HAL_PWREx_GetVoltageRange
                0x08003a04       0x10 build/stm32l4xx_hal_pwr_ex.o
                0x08003a04                HAL_PWREx_GetVoltageRange
 .text.HAL_PWREx_ControlVoltageScaling
                0x08003a14       0x90 build/stm32l4xx_hal_pwr_ex.o
                0x08003a14                HAL_PWREx_ControlVoltageScaling
 .text.HAL_NVIC_SetPriorityGrouping
                0x08003aa4       0x24 build/stm32l4xx_hal_cortex.o
                0x08003aa4                HAL_NVIC_SetPriorityGrouping
 .text.HAL_NVIC_SetPriority
                0x08003ac8       0x70 build/stm32l4xx_hal_cortex.o
                0x08003ac8                HAL_NVIC_SetPriority
 .text.HAL_NVIC_EnableIRQ
                0x08003b38       0x1c build/stm32l4xx_hal_cortex.o
                0x08003b38                HAL_NVIC_EnableIRQ
 .text.HAL_SYSTICK_Config
                0x08003b54       0x28 build/stm32l4xx_hal_cortex.o
                0x08003b54                HAL_SYSTICK_Config
 .text.TIM_TI1_ConfigInputStage
                0x08003b7c       0x26 build/stm32l4xx_hal_tim.o
 .text.TIM_TI2_ConfigInputStage
                0x08003ba2       0x28 build/stm32l4xx_hal_tim.o
 .text.TIM_ITRx_SetConfig
                0x08003bca       0x10 build/stm32l4xx_hal_tim.o
 *fill*         0x08003bda        0x2 
 .text.HAL_TIM_Base_Start_IT
                0x08003bdc       0x74 build/stm32l4xx_hal_tim.o
                0x08003bdc                HAL_TIM_Base_Start_IT
 .text.HAL_TIM_OC_DelayElapsedCallback
                0x08003c50        0x2 build/stm32l4xx_hal_tim.o
                0x08003c50                HAL_TIM_OC_DelayElapsedCallback
 .text.HAL_TIM_IC_CaptureCallback
                0x08003c52        0x2 build/stm32l4xx_hal_tim.o
                0x08003c52                HAL_TIM_IC_CaptureCallback
 .text.HAL_TIM_PWM_PulseFinishedCallback
                0x08003c54        0x2 build/stm32l4xx_hal_tim.o
                0x08003c54                HAL_TIM_PWM_PulseFinishedCallback
 .text.HAL_TIM_TriggerCallback
                0x08003c56        0x2 build/stm32l4xx_hal_tim.o
                0x08003c56                HAL_TIM_TriggerCallback
 .text.HAL_TIM_IRQHandler
                0x08003c58      0x19a build/stm32l4xx_hal_tim.o
                0x08003c58                HAL_TIM_IRQHandler
 *fill*         0x08003df2        0x2 
 .text.TIM_Base_SetConfig
                0x08003df4       0x80 build/stm32l4xx_hal_tim.o
                0x08003df4                TIM_Base_SetConfig
 .text.HAL_TIM_Base_Init
                0x08003e74       0x60 build/stm32l4xx_hal_tim.o
                0x08003e74                HAL_TIM_Base_Init
 .text.TIM_ETR_SetConfig
                0x08003ed4       0x1a build/stm32l4xx_hal_tim.o
                0x08003ed4                TIM_ETR_SetConfig
 *fill*         0x08003eee        0x2 
 .text.HAL_TIM_ConfigClockSource
                0x08003ef0      0x100 build/stm32l4xx_hal_tim.o
                0x08003ef0                HAL_TIM_ConfigClockSource
 .text.HAL_TIMEx_MasterConfigSynchronization
                0x08003ff0       0x78 build/stm32l4xx_hal_tim_ex.o
                0x08003ff0                HAL_TIMEx_MasterConfigSynchronization
 .text.HAL_TIMEx_CommutCallback
                0x08004068        0x2 build/stm32l4xx_hal_tim_ex.o
                0x08004068                HAL_TIMEx_CommutCallback
 .text.HAL_TIMEx_BreakCallback
                0x0800406a        0x2 build/stm32l4xx_hal_tim_ex.o
                0x0800406a                HAL_TIMEx_BreakCallback
 .text.HAL_TIMEx_Break2Callback
                0x0800406c        0x2 build/stm32l4xx_hal_tim_ex.o
                0x0800406c                HAL_TIMEx_Break2Callback
 .text.UART_EndRxTransfer
                0x0800406e       0x50 build/stm32l4xx_hal_uart.o
 .text.HAL_UART_TxCpltCallback
                0x080040be        0x2 build/stm32l4xx_hal_uart.o
                0x080040be                HAL_UART_TxCpltCallback
 .text.UART_EndTransmit_IT
                0x080040c0       0x22 build/stm32l4xx_hal_uart.o
 .text.HAL_UART_ErrorCallback
                0x080040e2        0x2 build/stm32l4xx_hal_uart.o
                0x080040e2                HAL_UART_ErrorCallback
 .text.UART_DMAAbortOnError
                0x080040e4       0x14 build/stm32l4xx_hal_uart.o
 .text.HAL_UARTEx_RxEventCallback
                0x080040f8        0x2 build/stm32l4xx_hal_uart.o
                0x080040f8                HAL_UARTEx_RxEventCallback
 *fill*         0x080040fa        0x2 
 .text.HAL_UART_IRQHandler
                0x080040fc      0x2e4 build/stm32l4xx_hal_uart.o
                0x080040fc                HAL_UART_IRQHandler
 .text.UART_RxISR_8BIT
                0x080043e0       0xb0 build/stm32l4xx_hal_uart.o
 .text.UART_RxISR_16BIT
                0x08004490       0xae build/stm32l4xx_hal_uart.o
 *fill*         0x0800453e        0x2 
 .text.UART_SetConfig
                0x08004540      0x2e0 build/stm32l4xx_hal_uart.o
                0x08004540                UART_SetConfig
 .text.UART_AdvFeatureConfig
                0x08004820       0xca build/stm32l4xx_hal_uart.o
                0x08004820                UART_AdvFeatureConfig
 .text.UART_WaitOnFlagUntilTimeout
                0x080048ea       0xd4 build/stm32l4xx_hal_uart.o
                0x080048ea                UART_WaitOnFlagUntilTimeout
 .text.HAL_UART_Transmit
                0x080049be       0xd8 build/stm32l4xx_hal_uart.o
                0x080049be                HAL_UART_Transmit
 .text.UART_CheckIdleState
                0x08004a96       0x70 build/stm32l4xx_hal_uart.o
                0x08004a96                UART_CheckIdleState
 .text.HAL_UART_Init
                0x08004b06       0x62 build/stm32l4xx_hal_uart.o
                0x08004b06                HAL_UART_Init
 .text.UART_Start_Receive_IT
                0x08004b68       0xd8 build/stm32l4xx_hal_uart.o
                0x08004b68                UART_Start_Receive_IT
 .text.HAL_UART_Receive_IT
                0x08004c40       0x5c build/stm32l4xx_hal_uart.o
                0x08004c40                HAL_UART_Receive_IT
 .text.HAL_UARTEx_WakeupCallback
                0x08004c9c        0x2 build/stm32l4xx_hal_uart_ex.o
                0x08004c9c                HAL_UARTEx_WakeupCallback
 *fill*         0x08004c9e        0x2 
 .text.SystemInit
                0x08004ca0       0x14 build/system_stm32l4xx.o
                0x08004ca0                SystemInit
 .text.Reset_Handler
                0x08004cb4       0x50 build/startup_stm32l452xx.o
                0x08004cb4                Reset_Handler
 .text.Default_Handler
                0x08004d04        0x2 build/startup_stm32l452xx.o
                0x08004d04                EXTI2_IRQHandler
                0x08004d04                TIM1_CC_IRQHandler
                0x08004d04                TSC_IRQHandler
                0x08004d04                TAMP_STAMP_IRQHandler
                0x08004d04                EXTI3_IRQHandler
                0x08004d04                LPTIM2_IRQHandler
                0x08004d04                DFSDM1_FLT1_IRQHandler
                0x08004d04                I2C3_ER_IRQHandler
                0x08004d04                EXTI0_IRQHandler
                0x08004d04                I2C2_EV_IRQHandler
                0x08004d04                CAN1_RX0_IRQHandler
                0x08004d04                FPU_IRQHandler
                0x08004d04                TIM1_UP_TIM16_IRQHandler
                0x08004d04                SPI1_IRQHandler
                0x08004d04                TIM6_DAC_IRQHandler
                0x08004d04                DMA2_Channel2_IRQHandler
                0x08004d04                DMA1_Channel4_IRQHandler
                0x08004d04                ADC1_IRQHandler
                0x08004d04                DMA1_Channel7_IRQHandler
                0x08004d04                CAN1_RX1_IRQHandler
                0x08004d04                DMA2_Channel1_IRQHandler
                0x08004d04                QUADSPI_IRQHandler
                0x08004d04                I2C1_EV_IRQHandler
                0x08004d04                DMA1_Channel6_IRQHandler
                0x08004d04                UART4_IRQHandler
                0x08004d04                DMA2_Channel4_IRQHandler
                0x08004d04                TIM3_IRQHandler
                0x08004d04                RCC_IRQHandler
                0x08004d04                TIM1_TRG_COM_IRQHandler
                0x08004d04                DMA1_Channel1_IRQHandler
                0x08004d04                Default_Handler
                0x08004d04                DMA2_Channel7_IRQHandler
                0x08004d04                EXTI15_10_IRQHandler
                0x08004d04                SDMMC1_IRQHandler
                0x08004d04                I2C3_EV_IRQHandler
                0x08004d04                USB_IRQHandler
                0x08004d04                EXTI9_5_IRQHandler
                0x08004d04                RTC_WKUP_IRQHandler
                0x08004d04                PVD_PVM_IRQHandler
                0x08004d04                SPI2_IRQHandler
                0x08004d04                CAN1_TX_IRQHandler
                0x08004d04                DMA2_Channel5_IRQHandler
                0x08004d04                CRS_IRQHandler
                0x08004d04                DMA1_Channel5_IRQHandler
                0x08004d04                EXTI4_IRQHandler
                0x08004d04                RNG_IRQHandler
                0x08004d04                DMA1_Channel3_IRQHandler
                0x08004d04                COMP_IRQHandler
                0x08004d04                WWDG_IRQHandler
                0x08004d04                I2C4_EV_IRQHandler
                0x08004d04                LPUART1_IRQHandler
                0x08004d04                DMA2_Channel6_IRQHandler
                0x08004d04                EXTI1_IRQHandler
                0x08004d04                USART2_IRQHandler
                0x08004d04                DFSDM1_FLT0_IRQHandler
                0x08004d04                I2C2_ER_IRQHandler
                0x08004d04                DMA1_Channel2_IRQHandler
                0x08004d04                CAN1_SCE_IRQHandler
                0x08004d04                FLASH_IRQHandler
                0x08004d04                SPI3_IRQHandler
                0x08004d04                I2C1_ER_IRQHandler
                0x08004d04                LPTIM1_IRQHandler
                0x08004d04                I2C4_ER_IRQHandler
                0x08004d04                SAI1_IRQHandler
                0x08004d04                DMA2_Channel3_IRQHandler
                0x08004d04                TIM1_BRK_TIM15_IRQHandler
 *fill*         0x08004d06        0x2 
 .text.__libc_init_array
                0x08004d08       0x48 c:/program files (x86)/gnu arm embedded toolchain/10 2021.07/bin/../lib/gcc/arm-none-eabi/10.3.1/../../../../arm-none-eabi/lib/thumb/v7e-m+fp/hard\libc_nano.a(lib_a-init.o)
                0x08004d08                __libc_init_array
 .text.memcpy   0x08004d50       0x1c c:/program files (x86)/gnu arm embedded toolchain/10 2021.07/bin/../lib/gcc/arm-none-eabi/10.3.1/../../../../arm-none-eabi/lib/thumb/v7e-m+fp/hard\libc_nano.a(lib_a-memcpy-stub.o)
                0x08004d50                memcpy
 .text.memset   0x08004d6c       0x10 c:/program files (x86)/gnu arm embedded toolchain/10 2021.07/bin/../lib/gcc/arm-none-eabi/10.3.1/../../../../arm-none-eabi/lib/thumb/v7e-m+fp/hard\libc_nano.a(lib_a-memset.o)
                0x08004d6c                memset
 *(.glue_7)
 .glue_7        0x08004d7c        0x0 linker stubs
 *(.glue_7t)
 .glue_7t       0x08004d7c        0x0 linker stubs
 *(.eh_frame)
 .eh_frame      0x08004d7c        0x0 c:/program files (x86)/gnu arm embedded toolchain/10 2021.07/bin/../lib/gcc/arm-none-eabi/10.3.1/thumb/v7e-m+fp/hard/crtbegin.o
 *(.init)
 .init          0x08004d7c        0x4 c:/program files (x86)/gnu arm embedded toolchain/10 2021.07/bin/../lib/gcc/arm-none-eabi/10.3.1/thumb/v7e-m+fp/hard/crti.o
                0x08004d7c                _init
 .init          0x08004d80        0x8 c:/program files (x86)/gnu arm embedded toolchain/10 2021.07/bin/../lib/gcc/arm-none-eabi/10.3.1/thumb/v7e-m+fp/hard/crtn.o
 *(.fini)
 .fini          0x08004d88        0x4 c:/program files (x86)/gnu arm embedded toolchain/10 2021.07/bin/../lib/gcc/arm-none-eabi/10.3.1/thumb/v7e-m+fp/hard/crti.o
                0x08004d88                _fini
 .fini          0x08004d8c        0x8 c:/program files (x86)/gnu arm embedded toolchain/10 2021.07/bin/../lib/gcc/arm-none-eabi/10.3.1/thumb/v7e-m+fp/hard/crtn.o
                0x08004d98                . = ALIGN (0x8)
 *fill*         0x08004d94        0x4 
                0x08004d98                _etext = .

.vfp11_veneer   0x08004d98        0x0
 .vfp11_veneer  0x08004d98        0x0 linker stubs

.v4_bx          0x08004d98        0x0
 .v4_bx         0x08004d98        0x0 linker stubs

.iplt           0x08004d98        0x0
 .iplt          0x08004d98        0x0 c:/program files (x86)/gnu arm embedded toolchain/10 2021.07/bin/../lib/gcc/arm-none-eabi/10.3.1/thumb/v7e-m+fp/hard/crtbegin.o

.rodata         0x08004d98       0x48
                0x08004d98                . = ALIGN (0x8)
 *(.rodata)
 *(.rodata*)
 .rodata.AHBPrescTable
                0x08004d98       0x10 build/system_stm32l4xx.o
                0x08004d98                AHBPrescTable
 .rodata.APBPrescTable
                0x08004da8        0x8 build/system_stm32l4xx.o
                0x08004da8                APBPrescTable
 .rodata.MSIRangeTable
                0x08004db0       0x30 build/system_stm32l4xx.o
                0x08004db0                MSIRangeTable
                0x08004de0                . = ALIGN (0x8)

.ARM.extab      0x08004de0        0x0
                0x08004de0                . = ALIGN (0x8)
 *(.ARM.extab* .gnu.linkonce.armextab.*)
                0x08004de0                . = ALIGN (0x8)

.ARM            0x08004de0        0x8
                0x08004de0                . = ALIGN (0x8)
                0x08004de0                __exidx_start = .
 *(.ARM.exidx*)
 .ARM.exidx     0x08004de0        0x8 c:/program files (x86)/gnu arm embedded toolchain/10 2021.07/bin/../lib/gcc/arm-none-eabi/10.3.1/thumb/v7e-m+fp/hard\libgcc.a(_udivmoddi4.o)
                0x08004de8                __exidx_end = .
                0x08004de8                . = ALIGN (0x8)

.rel.dyn        0x08004de8        0x0
 .rel.iplt      0x08004de8        0x0 c:/program files (x86)/gnu arm embedded toolchain/10 2021.07/bin/../lib/gcc/arm-none-eabi/10.3.1/thumb/v7e-m+fp/hard/crtbegin.o

.preinit_array  0x08004de8        0x0
                0x08004de8                . = ALIGN (0x8)
                0x08004de8                PROVIDE (__preinit_array_start = .)
 *(.preinit_array*)
                0x08004de8                PROVIDE (__preinit_array_end = .)
                0x08004de8                . = ALIGN (0x8)

.init_array     0x08004de8        0x8
                0x08004de8                . = ALIGN (0x8)
                0x08004de8                PROVIDE (__init_array_start = .)
 *(SORT_BY_NAME(.init_array.*))
 *(.init_array*)
 .init_array    0x08004de8        0x4 c:/program files (x86)/gnu arm embedded toolchain/10 2021.07/bin/../lib/gcc/arm-none-eabi/10.3.1/thumb/v7e-m+fp/hard/crtbegin.o
                0x08004dec                PROVIDE (__init_array_end = .)
                0x08004df0                . = ALIGN (0x8)
 *fill*         0x08004dec        0x4 

.fini_array     0x08004df0        0x8
                0x08004df0                . = ALIGN (0x8)
                [!provide]                PROVIDE (__fini_array_start = .)
 *(SORT_BY_NAME(.fini_array.*))
 *(.fini_array*)
 .fini_array    0x08004df0        0x4 c:/program files (x86)/gnu arm embedded toolchain/10 2021.07/bin/../lib/gcc/arm-none-eabi/10.3.1/thumb/v7e-m+fp/hard/crtbegin.o
                [!provide]                PROVIDE (__fini_array_end = .)
                0x08004df8                . = ALIGN (0x8)
 *fill*         0x08004df4        0x4 
                0x08004df8                _sidata = LOADADDR (.data)

.data           0x20000000      0x588 load address 0x08004df8
                0x20000000                . = ALIGN (0x8)
                0x20000000                _sdata = .
 *(.data)
 *(.data*)
 .data.IP_Address
                0x20000000        0xe build/main.o
                0x20000000                IP_Address
 *fill*         0x2000000e        0x2 
 .data.IP_Port  0x20000010        0x5 build/main.o
                0x20000010                IP_Port
 *fill*         0x20000015        0x3 
 .data.Message  0x20000018        0xa build/main.o
                0x20000018                Message
 *fill*         0x20000022        0x2 
 .data.UART1_Number_Data_Interruption
                0x20000024        0x4 build/main.o
                0x20000024                UART1_Number_Data_Interruption
 .data.UART3_Number_Data_Interruption
                0x20000028        0x4 build/main.o
                0x20000028                UART3_Number_Data_Interruption
 .data.check_Mode
                0x2000002c        0x5 build/main.o
                0x2000002c                check_Mode
 *fill*         0x20000031        0x3 
 .data.end_String
                0x20000034        0x3 build/main.o
                0x20000034                end_String
 *fill*         0x20000037        0x1 
 .data.get_data_time
                0x20000038        0x4 build/main.o
                0x20000038                get_data_time
 .data.AT_Send_Check_Connect_TCP
                0x2000003c       0x11 build/AT_command.o
                0x2000003c                AT_Send_Check_Connect_TCP
 *fill*         0x2000004d        0x3 
 .data.AT_Send_Check_GPRS
                0x20000050        0xc build/AT_command.o
                0x20000050                AT_Send_Check_GPRS
 .data.AT_Send_Check_IP
                0x2000005c        0xc build/AT_command.o
                0x2000005c                AT_Send_Check_IP
 .data.AT_Send_Check_Module
                0x20000068        0x5 build/AT_command.o
                0x20000068                AT_Send_Check_Module
 *fill*         0x2000006d        0x3 
 .data.AT_Send_Check_Net_Open
                0x20000070        0xd build/AT_command.o
                0x20000070                AT_Send_Check_Net_Open
 *fill*         0x2000007d        0x3 
 .data.AT_Send_Check_Signal
                0x20000080        0x9 build/AT_command.o
                0x20000080                AT_Send_Check_Signal
 *fill*         0x20000089        0x3 
 .data.AT_Send_Check_Sim
                0x2000008c        0xb build/AT_command.o
                0x2000008c                AT_Send_Check_Sim
 *fill*         0x20000097        0x1 
 .data.AT_Send_Check_Subscribe
                0x20000098        0xb build/AT_command.o
                0x20000098                AT_Send_Check_Subscribe
 *fill*         0x200000a3        0x1 
 .data.AT_Send_Close_Connect_TCP_Server
                0x200000a4       0x10 build/AT_command.o
                0x200000a4                AT_Send_Close_Connect_TCP_Server
 .data.AT_Send_Get_Current_Time
                0x200000b4        0xb build/AT_command.o
                0x200000b4                AT_Send_Get_Current_Time
 *fill*         0x200000bf        0x1 
 .data.AT_Send_Set_Net_Close
                0x200000c0        0xe build/AT_command.o
                0x200000c0                AT_Send_Set_Net_Close
 *fill*         0x200000ce        0x2 
 .data.AT_Send_Set_Receive_Mode
                0x200000d0       0x12 build/AT_command.o
                0x200000d0                AT_Send_Set_Receive_Mode
 *fill*         0x200000e2        0x2 
 .data.AT_Send_Set_Timeout
                0x200000e4       0x28 build/AT_command.o
                0x200000e4                AT_Send_Set_Timeout
 .data.AT_Send_Set_Transmit_Mode
                0x2000010c        0xf build/AT_command.o
                0x2000010c                AT_Send_Set_Transmit_Mode
 *fill*         0x2000011b        0x1 
 .data.AT_Send_Transmit_Data_To_TCP
                0x2000011c       0x11 build/AT_command.o
                0x2000011c                AT_Send_Transmit_Data_To_TCP
 *fill*         0x2000012d        0x3 
 .data.code_TCP_Center
                0x20000130        0x3 build/AT_command.o
                0x20000130                code_TCP_Center
 *fill*         0x20000133        0x1 
 .data.code_TCP_Final
                0x20000134        0x5 build/AT_command.o
                0x20000134                code_TCP_Final
 *fill*         0x20000139        0x3 
 .data.code_TCP_First
                0x2000013c       0x15 build/AT_command.o
                0x2000013c                code_TCP_First
 *fill*         0x20000151        0x3 
 .data.send_Check_Connect_TCP_Error
                0x20000154       0x19 build/AT_command.o
                0x20000154                send_Check_Connect_TCP_Error
 *fill*         0x2000016d        0x3 
 .data.send_Check_Connect_TCP_Ok
                0x20000170       0x20 build/AT_command.o
                0x20000170                send_Check_Connect_TCP_Ok
 .data.send_Check_GPRS_Error
                0x20000190       0x13 build/AT_command.o
                0x20000190                send_Check_GPRS_Error
 *fill*         0x200001a3        0x1 
 .data.send_Check_GPRS_Ok
                0x200001a4       0x10 build/AT_command.o
                0x200001a4                send_Check_GPRS_Ok
 .data.send_Check_IP_Error
                0x200001b4       0x11 build/AT_command.o
                0x200001b4                send_Check_IP_Error
 *fill*         0x200001c5        0x3 
 .data.send_Check_IP_Ok
                0x200001c8        0xe build/AT_command.o
                0x200001c8                send_Check_IP_Ok
 *fill*         0x200001d6        0x2 
 .data.send_Check_Module_Error
                0x200001d8       0x15 build/AT_command.o
                0x200001d8                send_Check_Module_Error
 *fill*         0x200001ed        0x3 
 .data.send_Check_Module_Ok
                0x200001f0       0x12 build/AT_command.o
                0x200001f0                send_Check_Module_Ok
 *fill*         0x20000202        0x2 
 .data.send_Check_Net_Open_Error
                0x20000204       0x17 build/AT_command.o
                0x20000204                send_Check_Net_Open_Error
 *fill*         0x2000021b        0x1 
 .data.send_Check_Net_Open_Ok
                0x2000021c       0x14 build/AT_command.o
                0x2000021c                send_Check_Net_Open_Ok
 .data.send_Check_Signal_Error
                0x20000230       0x15 build/AT_command.o
                0x20000230                send_Check_Signal_Error
 *fill*         0x20000245        0x3 
 .data.send_Check_Signal_Ok
                0x20000248       0x12 build/AT_command.o
                0x20000248                send_Check_Signal_Ok
 *fill*         0x2000025a        0x2 
 .data.send_Check_Sim_Error
                0x2000025c       0x12 build/AT_command.o
                0x2000025c                send_Check_Sim_Error
 *fill*         0x2000026e        0x2 
 .data.send_Check_Sim_Ok
                0x20000270        0xf build/AT_command.o
                0x20000270                send_Check_Sim_Ok
 *fill*         0x2000027f        0x1 
 .data.send_Check_Subscribe_Error
                0x20000280       0x18 build/AT_command.o
                0x20000280                send_Check_Subscribe_Error
 .data.send_Check_Subscribe_Ok
                0x20000298       0x15 build/AT_command.o
                0x20000298                send_Check_Subscribe_Ok
 *fill*         0x200002ad        0x3 
 .data.send_Checking_Connect_TCP
                0x200002b0       0x16 build/AT_command.o
                0x200002b0                send_Checking_Connect_TCP
 *fill*         0x200002c6        0x2 
 .data.send_Checking_GPRS
                0x200002c8       0x10 build/AT_command.o
                0x200002c8                send_Checking_GPRS
 .data.send_Checking_IP
                0x200002d8        0xe build/AT_command.o
                0x200002d8                send_Checking_IP
 *fill*         0x200002e6        0x2 
 .data.send_Checking_Module
                0x200002e8       0x16 build/AT_command.o
                0x200002e8                send_Checking_Module
 *fill*         0x200002fe        0x2 
 .data.send_Checking_Net_Open
                0x20000300       0x14 build/AT_command.o
                0x20000300                send_Checking_Net_Open
 .data.send_Checking_Signal
                0x20000314       0x12 build/AT_command.o
                0x20000314                send_Checking_Signal
 *fill*         0x20000326        0x2 
 .data.send_Checking_Sim
                0x20000328        0xf build/AT_command.o
                0x20000328                send_Checking_Sim
 *fill*         0x20000337        0x1 
 .data.send_Checking_Subscribe
                0x20000338       0x15 build/AT_command.o
                0x20000338                send_Checking_Subscribe
 *fill*         0x2000034d        0x3 
 .data.send_Close_Connect_TCP_Server
                0x20000350       0x1e build/AT_command.o
                0x20000350                send_Close_Connect_TCP_Server
 *fill*         0x2000036e        0x2 
 .data.send_Close_Connect_TCP_Server_Error
                0x20000370       0x21 build/AT_command.o
                0x20000370                send_Close_Connect_TCP_Server_Error
 *fill*         0x20000391        0x3 
 .data.send_Close_Connect_TCP_Server_Ok
                0x20000394       0x1e build/AT_command.o
                0x20000394                send_Close_Connect_TCP_Server_Ok
 *fill*         0x200003b2        0x2 
 .data.send_Connect_TCP_Server_Error
                0x200003b4       0x1b build/AT_command.o
                0x200003b4                send_Connect_TCP_Server_Error
 *fill*         0x200003cf        0x1 
 .data.send_Connect_TCP_Server_Ok
                0x200003d0       0x18 build/AT_command.o
                0x200003d0                send_Connect_TCP_Server_Ok
 .data.send_Connecting_TCP_Server
                0x200003e8       0x18 build/AT_command.o
                0x200003e8                send_Connecting_TCP_Server
 .data.send_Set_Net_Close_Error
                0x20000400       0x1f build/AT_command.o
                0x20000400                send_Set_Net_Close_Error
 *fill*         0x2000041f        0x1 
 .data.send_Set_Net_Close_Ok
                0x20000420       0x1c build/AT_command.o
                0x20000420                send_Set_Net_Close_Ok
 .data.send_Set_Receive_Mode_Error
                0x2000043c       0x19 build/AT_command.o
                0x2000043c                send_Set_Receive_Mode_Error
 *fill*         0x20000455        0x3 
 .data.send_Set_Receive_Mode_Ok
                0x20000458       0x16 build/AT_command.o
                0x20000458                send_Set_Receive_Mode_Ok
 *fill*         0x2000046e        0x2 
 .data.send_Set_Timeout_Error
                0x20000470       0x14 build/AT_command.o
                0x20000470                send_Set_Timeout_Error
 .data.send_Set_Timeout_Ok
                0x20000484       0x11 build/AT_command.o
                0x20000484                send_Set_Timeout_Ok
 *fill*         0x20000495        0x3 
 .data.send_Set_Transmit_Mode_Error
                0x20000498       0x1a build/AT_command.o
                0x20000498                send_Set_Transmit_Mode_Error
 *fill*         0x200004b2        0x2 
 .data.send_Set_Transmit_Mode_Ok
                0x200004b4       0x17 build/AT_command.o
                0x200004b4                send_Set_Transmit_Mode_Ok
 *fill*         0x200004cb        0x1 
 .data.send_Setting_Net_Close
                0x200004cc       0x1c build/AT_command.o
                0x200004cc                send_Setting_Net_Close
 .data.send_Setting_Receive_Mode
                0x200004e8       0x17 build/AT_command.o
                0x200004e8                send_Setting_Receive_Mode
 *fill*         0x200004ff        0x1 
 .data.send_Setting_Timeout
                0x20000500       0x12 build/AT_command.o
                0x20000500                send_Setting_Timeout
 *fill*         0x20000512        0x2 
 .data.send_Setting_Transmit_Mode
                0x20000514       0x18 build/AT_command.o
                0x20000514                send_Setting_Transmit_Mode
 .data.send_Transmit_Data_To_TCP_Error
                0x2000052c       0x1d build/AT_command.o
                0x2000052c                send_Transmit_Data_To_TCP_Error
 *fill*         0x20000549        0x3 
 .data.send_Transmit_Data_To_TCP_Ok
                0x2000054c       0x16 build/AT_command.o
                0x2000054c                send_Transmit_Data_To_TCP_Ok
 *fill*         0x20000562        0x2 
 .data.send_Transmiting_Data_To_TCP
                0x20000564       0x1a build/AT_command.o
                0x20000564                send_Transmiting_Data_To_TCP
 .data.uwTickFreq
                0x2000057e        0x1 build/stm32l4xx_hal.o
                0x2000057e                uwTickFreq
 *fill*         0x2000057f        0x1 
 .data.uwTickPrio
                0x20000580        0x4 build/stm32l4xx_hal.o
                0x20000580                uwTickPrio
 .data.SystemCoreClock
                0x20000584        0x4 build/system_stm32l4xx.o
                0x20000584                SystemCoreClock
                0x20000588                . = ALIGN (0x8)
                0x20000588                _edata = .

.igot.plt       0x20000588        0x0 load address 0x08005380
 .igot.plt      0x20000588        0x0 c:/program files (x86)/gnu arm embedded toolchain/10 2021.07/bin/../lib/gcc/arm-none-eabi/10.3.1/thumb/v7e-m+fp/hard/crtbegin.o
                0x20000588                . = ALIGN (0x4)

.bss            0x20000588     0x144c load address 0x08005380
                0x20000588                _sbss = .
                0x20000588                __bss_start__ = _sbss
 *(.bss)
 .bss           0x20000588       0x1c c:/program files (x86)/gnu arm embedded toolchain/10 2021.07/bin/../lib/gcc/arm-none-eabi/10.3.1/thumb/v7e-m+fp/hard/crtbegin.o
 *(.bss*)
 .bss.AT_Check_Connect_TCP
                0x200005a4       0xcc build/main.o
                0x200005a4                AT_Check_Connect_TCP
 .bss.AT_Check_GPRS
                0x20000670       0xcc build/main.o
                0x20000670                AT_Check_GPRS
 .bss.AT_Check_IP
                0x2000073c       0xcc build/main.o
                0x2000073c                AT_Check_IP
 .bss.AT_Check_Module
                0x20000808       0xcc build/main.o
                0x20000808                AT_Check_Module
 .bss.AT_Check_Net_Open
                0x200008d4       0xcc build/main.o
                0x200008d4                AT_Check_Net_Open
 .bss.AT_Check_Signal
                0x200009a0       0xcc build/main.o
                0x200009a0                AT_Check_Signal
 .bss.AT_Check_Sim
                0x20000a6c       0xcc build/main.o
                0x20000a6c                AT_Check_Sim
 .bss.AT_Check_Subscribe
                0x20000b38       0xcc build/main.o
                0x20000b38                AT_Check_Subscribe
 .bss.AT_Close_Connect_TCP_Server
                0x20000c04       0xcc build/main.o
                0x20000c04                AT_Close_Connect_TCP_Server
 .bss.AT_Connect_TCP_Server
                0x20000cd0       0xcc build/main.o
                0x20000cd0                AT_Connect_TCP_Server
 .bss.AT_Get_Current_Time
                0x20000d9c       0xcc build/main.o
                0x20000d9c                AT_Get_Current_Time
 .bss.AT_Set_Net_Close
                0x20000e68       0xcc build/main.o
                0x20000e68                AT_Set_Net_Close
 .bss.AT_Set_Receive_Mode
                0x20000f34       0xcc build/main.o
                0x20000f34                AT_Set_Receive_Mode
 .bss.AT_Set_Timeout
                0x20001000       0xcc build/main.o
                0x20001000                AT_Set_Timeout
 .bss.AT_Set_Transmit_Mode
                0x200010cc       0xcc build/main.o
                0x200010cc                AT_Set_Transmit_Mode
 .bss.AT_Transmit_Data_To_TCP
                0x20001198       0xcc build/main.o
                0x20001198                AT_Transmit_Data_To_TCP
 .bss.UART1_Couter_Data_Interruption
                0x20001264        0x4 build/main.o
                0x20001264                UART1_Couter_Data_Interruption
 .bss.UART1_Rx  0x20001268        0x1 build/main.o
                0x20001268                UART1_Rx
 *fill*         0x20001269        0x3 
 .bss.UART1_Rx_Couter_Data
                0x2000126c        0x4 build/main.o
                0x2000126c                UART1_Rx_Couter_Data
 .bss.UART1_Rx_Data
                0x20001270       0x64 build/main.o
                0x20001270                UART1_Rx_Data
 .bss.UART1_Rx_Data_buffer
                0x200012d4       0x64 build/main.o
                0x200012d4                UART1_Rx_Data_buffer
 .bss.UART3_Couter_Data_Interruption
                0x20001338        0x4 build/main.o
                0x20001338                UART3_Couter_Data_Interruption
 .bss.UART3_Rx  0x2000133c        0x1 build/main.o
                0x2000133c                UART3_Rx
 *fill*         0x2000133d        0x3 
 .bss.UART3_Rx_Couter_Data
                0x20001340        0x4 build/main.o
                0x20001340                UART3_Rx_Couter_Data
 .bss.UART3_Rx_Data
                0x20001344       0x64 build/main.o
                0x20001344                UART3_Rx_Data
 .bss.UART3_Rx_Data_buffer
                0x200013a8       0x64 build/main.o
                0x200013a8                UART3_Rx_Data_buffer
 .bss.code_Send
                0x2000140c       0x64 build/main.o
                0x2000140c                code_Send
 .bss.couter_Message
                0x20001470        0x4 build/main.o
                0x20001470                couter_Message
 .bss.current_Number_Of_Check_Module_List
                0x20001474        0x1 build/main.o
                0x20001474                current_Number_Of_Check_Module_List
 *fill*         0x20001475        0x3 
 .bss.data_time_of_sim
                0x20001478       0x64 build/main.o
                0x20001478                data_time_of_sim
 .bss.data_time_to_send
                0x200014dc       0x64 build/main.o
                0x200014dc                data_time_to_send
 .bss.error_buffer
                0x20001540       0x64 build/main.o
                0x20001540                error_buffer
 .bss.hrtc      0x200015a4       0x24 build/main.o
                0x200015a4                hrtc
 .bss.htim2     0x200015c8       0x4c build/main.o
                0x200015c8                htim2
 .bss.huart1    0x20001614       0x84 build/main.o
                0x20001614                huart1
 .bss.huart3    0x20001698       0x84 build/main.o
                0x20001698                huart3
 .bss.huart4    0x2000171c       0x84 build/main.o
                0x2000171c                huart4
 .bss.number_buffer
                0x200017a0        0x4 build/main.o
                0x200017a0                number_buffer
 .bss.old_time_get_data
                0x200017a4        0x4 build/main.o
                0x200017a4                old_time_get_data
 .bss.old_time_send_data
                0x200017a8        0x4 build/main.o
                0x200017a8                old_time_send_data
 .bss.ready_buffer
                0x200017ac       0x64 build/main.o
                0x200017ac                ready_buffer
 .bss.send_Data_buffer
                0x20001810       0x64 build/main.o
                0x20001810                send_Data_buffer
 .bss.send_time
                0x20001874       0x64 build/main.o
                0x20001874                send_time
 .bss.variable_Check_Is_Done
                0x200018d8        0x4 build/main.o
                0x200018d8                variable_Check_Is_Done
 .bss.working_buffer
                0x200018dc       0x64 build/main.o
                0x200018dc                working_buffer
 .bss.AT_Send_Connect_TCP_Server
                0x20001940       0x32 build/AT_command.o
                0x20001940                AT_Send_Connect_TCP_Server
 *fill*         0x20001972        0x2 
 .bss.code_TCP_IP
                0x20001974       0x14 build/AT_command.o
                0x20001974                code_TCP_IP
 .bss.code_TCP_Port
                0x20001988       0x14 build/AT_command.o
                0x20001988                code_TCP_Port
 .bss.set_Connect_TCP
                0x2000199c       0x32 build/AT_command.o
                0x2000199c                set_Connect_TCP
 *fill*         0x200019ce        0x2 
 .bss.uwTick    0x200019d0        0x4 build/stm32l4xx_hal.o
                0x200019d0                uwTick
 *(COMMON)
                0x200019d4                . = ALIGN (0x4)
                0x200019d4                _ebss = .
                0x200019d4                __bss_end__ = _ebss

._user_heap_stack
                0x200019d4      0x604 load address 0x08005380
                0x200019d8                . = ALIGN (0x8)
 *fill*         0x200019d4        0x4 
                [!provide]                PROVIDE (end = .)
                [!provide]                PROVIDE (_end = .)
                0x20001bd8                . = (. + _Min_Heap_Size)
 *fill*         0x200019d8      0x200 
                0x20001fd8                . = (. + _Min_Stack_Size)
 *fill*         0x20001bd8      0x400 
                0x20001fd8                . = ALIGN (0x8)

/DISCARD/
 libc.a(*)
 libm.a(*)
 libgcc.a(*)

.ARM.attributes
                0x00000000       0x30
 *(.ARM.attributes)
 .ARM.attributes
                0x00000000       0x1e c:/program files (x86)/gnu arm embedded toolchain/10 2021.07/bin/../lib/gcc/arm-none-eabi/10.3.1/thumb/v7e-m+fp/hard/crti.o
 .ARM.attributes
                0x0000001e       0x34 c:/program files (x86)/gnu arm embedded toolchain/10 2021.07/bin/../lib/gcc/arm-none-eabi/10.3.1/thumb/v7e-m+fp/hard/crtbegin.o
 .ARM.attributes
                0x00000052       0x34 build/main.o
 .ARM.attributes
                0x00000086       0x34 build/AT_command.o
 .ARM.attributes
                0x000000ba       0x34 build/stm32l4xx_it.o
 .ARM.attributes
                0x000000ee       0x34 build/stm32l4xx_hal_msp.o
 .ARM.attributes
                0x00000122       0x34 build/stm32l4xx_hal_rtc.o
 .ARM.attributes
                0x00000156       0x34 build/stm32l4xx_hal_rtc_ex.o
 .ARM.attributes
                0x0000018a       0x34 build/stm32l4xx_hal.o
 .ARM.attributes
                0x000001be       0x34 build/stm32l4xx_hal_rcc.o
 .ARM.attributes
                0x000001f2       0x34 build/stm32l4xx_hal_rcc_ex.o
 .ARM.attributes
                0x00000226       0x34 build/stm32l4xx_hal_gpio.o
 .ARM.attributes
                0x0000025a       0x34 build/stm32l4xx_hal_dma.o
 .ARM.attributes
                0x0000028e       0x34 build/stm32l4xx_hal_pwr.o
 .ARM.attributes
                0x000002c2       0x34 build/stm32l4xx_hal_pwr_ex.o
 .ARM.attributes
                0x000002f6       0x34 build/stm32l4xx_hal_cortex.o
 .ARM.attributes
                0x0000032a       0x34 build/stm32l4xx_hal_tim.o
 .ARM.attributes
                0x0000035e       0x34 build/stm32l4xx_hal_tim_ex.o
 .ARM.attributes
                0x00000392       0x34 build/stm32l4xx_hal_uart.o
 .ARM.attributes
                0x000003c6       0x34 build/stm32l4xx_hal_uart_ex.o
 .ARM.attributes
                0x000003fa       0x34 build/system_stm32l4xx.o
 .ARM.attributes
                0x0000042e       0x21 build/startup_stm32l452xx.o
 .ARM.attributes
                0x0000044f       0x34 c:/program files (x86)/gnu arm embedded toolchain/10 2021.07/bin/../lib/gcc/arm-none-eabi/10.3.1/../../../../arm-none-eabi/lib/thumb/v7e-m+fp/hard\libc_nano.a(lib_a-init.o)
 .ARM.attributes
                0x00000483       0x34 c:/program files (x86)/gnu arm embedded toolchain/10 2021.07/bin/../lib/gcc/arm-none-eabi/10.3.1/../../../../arm-none-eabi/lib/thumb/v7e-m+fp/hard\libc_nano.a(lib_a-memcpy-stub.o)
 .ARM.attributes
                0x000004b7       0x34 c:/program files (x86)/gnu arm embedded toolchain/10 2021.07/bin/../lib/gcc/arm-none-eabi/10.3.1/../../../../arm-none-eabi/lib/thumb/v7e-m+fp/hard\libc_nano.a(lib_a-memset.o)
 .ARM.attributes
                0x000004eb       0x1c c:/program files (x86)/gnu arm embedded toolchain/10 2021.07/bin/../lib/gcc/arm-none-eabi/10.3.1/../../../../arm-none-eabi/lib/thumb/v7e-m+fp/hard\libc_nano.a(lib_a-strcmp.o)
 .ARM.attributes
                0x00000507       0x17 c:/program files (x86)/gnu arm embedded toolchain/10 2021.07/bin/../lib/gcc/arm-none-eabi/10.3.1/../../../../arm-none-eabi/lib/thumb/v7e-m+fp/hard\libc_nano.a(lib_a-strlen.o)
 .ARM.attributes
                0x0000051e       0x1e c:/program files (x86)/gnu arm embedded toolchain/10 2021.07/bin/../lib/gcc/arm-none-eabi/10.3.1/thumb/v7e-m+fp/hard\libgcc.a(_arm_addsubdf3.o)
 .ARM.attributes
                0x0000053c       0x1e c:/program files (x86)/gnu arm embedded toolchain/10 2021.07/bin/../lib/gcc/arm-none-eabi/10.3.1/thumb/v7e-m+fp/hard\libgcc.a(_arm_muldivdf3.o)
 .ARM.attributes
                0x0000055a       0x1e c:/program files (x86)/gnu arm embedded toolchain/10 2021.07/bin/../lib/gcc/arm-none-eabi/10.3.1/thumb/v7e-m+fp/hard\libgcc.a(_arm_cmpdf2.o)
 .ARM.attributes
                0x00000578       0x1e c:/program files (x86)/gnu arm embedded toolchain/10 2021.07/bin/../lib/gcc/arm-none-eabi/10.3.1/thumb/v7e-m+fp/hard\libgcc.a(_aeabi_uldivmod.o)
 .ARM.attributes
                0x00000596       0x34 c:/program files (x86)/gnu arm embedded toolchain/10 2021.07/bin/../lib/gcc/arm-none-eabi/10.3.1/thumb/v7e-m+fp/hard\libgcc.a(_udivmoddi4.o)
 .ARM.attributes
                0x000005ca       0x1e c:/program files (x86)/gnu arm embedded toolchain/10 2021.07/bin/../lib/gcc/arm-none-eabi/10.3.1/thumb/v7e-m+fp/hard\libgcc.a(_dvmd_tls.o)
 .ARM.attributes
                0x000005e8       0x1e c:/program files (x86)/gnu arm embedded toolchain/10 2021.07/bin/../lib/gcc/arm-none-eabi/10.3.1/thumb/v7e-m+fp/hard/crtn.o
OUTPUT(build/usart_sim.elf elf32-littlearm)
LOAD linker stubs
LOAD c:/program files (x86)/gnu arm embedded toolchain/10 2021.07/bin/../lib/gcc/arm-none-eabi/10.3.1/../../../../arm-none-eabi/lib/thumb/v7e-m+fp/hard\libc.a
LOAD c:/program files (x86)/gnu arm embedded toolchain/10 2021.07/bin/../lib/gcc/arm-none-eabi/10.3.1/../../../../arm-none-eabi/lib/thumb/v7e-m+fp/hard\libm.a
LOAD c:/program files (x86)/gnu arm embedded toolchain/10 2021.07/bin/../lib/gcc/arm-none-eabi/10.3.1/thumb/v7e-m+fp/hard\libgcc.a

.debug_info     0x00000000    0x1d355
 .debug_info    0x00000000     0x2f13 build/main.o
 .debug_info    0x00002f13     0x15bd build/AT_command.o
 .debug_info    0x000044d0     0x1166 build/stm32l4xx_it.o
 .debug_info    0x00005636     0x1c8a build/stm32l4xx_hal_msp.o
 .debug_info    0x000072c0     0x13b9 build/stm32l4xx_hal_rtc.o
 .debug_info    0x00008679     0x1587 build/stm32l4xx_hal_rtc_ex.o
 .debug_info    0x00009c00      0xcba build/stm32l4xx_hal.o
 .debug_info    0x0000a8ba     0x1062 build/stm32l4xx_hal_rcc.o
 .debug_info    0x0000b91c     0x145d build/stm32l4xx_hal_rcc_ex.o
 .debug_info    0x0000cd79      0x92d build/stm32l4xx_hal_gpio.o
 .debug_info    0x0000d6a6      0x8ea build/stm32l4xx_hal_dma.o
 .debug_info    0x0000df90      0xac8 build/stm32l4xx_hal_pwr.o
 .debug_info    0x0000ea58      0xb22 build/stm32l4xx_hal_pwr_ex.o
 .debug_info    0x0000f57a     0x1132 build/stm32l4xx_hal_cortex.o
 .debug_info    0x000106ac     0x4203 build/stm32l4xx_hal_tim.o
 .debug_info    0x000148af     0x1ed2 build/stm32l4xx_hal_tim_ex.o
 .debug_info    0x00016781     0x53ff build/stm32l4xx_hal_uart.o
 .debug_info    0x0001bb80     0x1120 build/stm32l4xx_hal_uart_ex.o
 .debug_info    0x0001cca0      0x693 build/system_stm32l4xx.o
 .debug_info    0x0001d333       0x22 build/startup_stm32l452xx.o

.debug_abbrev   0x00000000     0x2be8
 .debug_abbrev  0x00000000      0x34a build/main.o
 .debug_abbrev  0x0000034a      0x118 build/AT_command.o
 .debug_abbrev  0x00000462      0x183 build/stm32l4xx_it.o
 .debug_abbrev  0x000005e5      0x234 build/stm32l4xx_hal_msp.o
 .debug_abbrev  0x00000819      0x22e build/stm32l4xx_hal_rtc.o
 .debug_abbrev  0x00000a47      0x222 build/stm32l4xx_hal_rtc_ex.o
 .debug_abbrev  0x00000c69      0x249 build/stm32l4xx_hal.o
 .debug_abbrev  0x00000eb2      0x28e build/stm32l4xx_hal_rcc.o
 .debug_abbrev  0x00001140      0x2b0 build/stm32l4xx_hal_rcc_ex.o
 .debug_abbrev  0x000013f0      0x222 build/stm32l4xx_hal_gpio.o
 .debug_abbrev  0x00001612      0x23b build/stm32l4xx_hal_dma.o
 .debug_abbrev  0x0000184d      0x1a6 build/stm32l4xx_hal_pwr.o
 .debug_abbrev  0x000019f3      0x234 build/stm32l4xx_hal_pwr_ex.o
 .debug_abbrev  0x00001c27      0x382 build/stm32l4xx_hal_cortex.o
 .debug_abbrev  0x00001fa9      0x289 build/stm32l4xx_hal_tim.o
 .debug_abbrev  0x00002232      0x29f build/stm32l4xx_hal_tim_ex.o
 .debug_abbrev  0x000024d1      0x316 build/stm32l4xx_hal_uart.o
 .debug_abbrev  0x000027e7      0x2d4 build/stm32l4xx_hal_uart_ex.o
 .debug_abbrev  0x00002abb      0x11b build/system_stm32l4xx.o
 .debug_abbrev  0x00002bd6       0x12 build/startup_stm32l452xx.o

.debug_loc      0x00000000    0x16097
 .debug_loc     0x00000000      0x5df build/main.o
 .debug_loc     0x000005df       0x84 build/AT_command.o
 .debug_loc     0x00000663       0xa0 build/stm32l4xx_it.o
 .debug_loc     0x00000703      0x310 build/stm32l4xx_hal_msp.o
 .debug_loc     0x00000a13      0xf87 build/stm32l4xx_hal_rtc.o
 .debug_loc     0x0000199a     0x1320 build/stm32l4xx_hal_rtc_ex.o
 .debug_loc     0x00002cba      0x2af build/stm32l4xx_hal.o
 .debug_loc     0x00002f69      0x9e0 build/stm32l4xx_hal_rcc.o
 .debug_loc     0x00003949     0x1a62 build/stm32l4xx_hal_rcc_ex.o
 .debug_loc     0x000053ab      0x46f build/stm32l4xx_hal_gpio.o
 .debug_loc     0x0000581a      0x94e build/stm32l4xx_hal_dma.o
 .debug_loc     0x00006168      0x1f1 build/stm32l4xx_hal_pwr.o
 .debug_loc     0x00006359      0x93f build/stm32l4xx_hal_pwr_ex.o
 .debug_loc     0x00006c98      0x7a4 build/stm32l4xx_hal_cortex.o
 .debug_loc     0x0000743c     0x616b build/stm32l4xx_hal_tim.o
 .debug_loc     0x0000d5a7     0x2974 build/stm32l4xx_hal_tim_ex.o
 .debug_loc     0x0000ff1b     0x52ef build/stm32l4xx_hal_uart.o
 .debug_loc     0x0001520a      0xd66 build/stm32l4xx_hal_uart_ex.o
 .debug_loc     0x00015f70      0x127 build/system_stm32l4xx.o

.debug_aranges  0x00000000     0x1200
 .debug_aranges
                0x00000000       0xa8 build/main.o
 .debug_aranges
                0x000000a8       0x20 build/AT_command.o
 .debug_aranges
                0x000000c8       0x80 build/stm32l4xx_it.o
 .debug_aranges
                0x00000148       0x50 build/stm32l4xx_hal_msp.o
 .debug_aranges
                0x00000198       0xe8 build/stm32l4xx_hal_rtc.o
 .debug_aranges
                0x00000280      0x140 build/stm32l4xx_hal_rtc_ex.o
 .debug_aranges
                0x000003c0      0x130 build/stm32l4xx_hal.o
 .debug_aranges
                0x000004f0       0x90 build/stm32l4xx_hal_rcc.o
 .debug_aranges
                0x00000580       0xf0 build/stm32l4xx_hal_rcc_ex.o
 .debug_aranges
                0x00000670       0x58 build/stm32l4xx_hal_gpio.o
 .debug_aranges
                0x000006c8       0x80 build/stm32l4xx_hal_dma.o
 .debug_aranges
                0x00000748       0x98 build/stm32l4xx_hal_pwr.o
 .debug_aranges
                0x000007e0      0x128 build/stm32l4xx_hal_pwr_ex.o
 .debug_aranges
                0x00000908       0xa8 build/stm32l4xx_hal_cortex.o
 .debug_aranges
                0x000009b0      0x3e0 build/stm32l4xx_hal_tim.o
 .debug_aranges
                0x00000d90      0x180 build/stm32l4xx_hal_tim_ex.o
 .debug_aranges
                0x00000f10      0x228 build/stm32l4xx_hal_uart.o
 .debug_aranges
                0x00001138       0x78 build/stm32l4xx_hal_uart_ex.o
 .debug_aranges
                0x000011b0       0x28 build/system_stm32l4xx.o
 .debug_aranges
                0x000011d8       0x28 build/startup_stm32l452xx.o

.debug_ranges   0x00000000     0x11b8
 .debug_ranges  0x00000000       0xb0 build/main.o
 .debug_ranges  0x000000b0       0x10 build/AT_command.o
 .debug_ranges  0x000000c0       0x70 build/stm32l4xx_it.o
 .debug_ranges  0x00000130       0x40 build/stm32l4xx_hal_msp.o
 .debug_ranges  0x00000170      0x108 build/stm32l4xx_hal_rtc.o
 .debug_ranges  0x00000278      0x130 build/stm32l4xx_hal_rtc_ex.o
 .debug_ranges  0x000003a8      0x120 build/stm32l4xx_hal.o
 .debug_ranges  0x000004c8       0x98 build/stm32l4xx_hal_rcc.o
 .debug_ranges  0x00000560       0xf8 build/stm32l4xx_hal_rcc_ex.o
 .debug_ranges  0x00000658       0x48 build/stm32l4xx_hal_gpio.o
 .debug_ranges  0x000006a0       0x70 build/stm32l4xx_hal_dma.o
 .debug_ranges  0x00000710       0x88 build/stm32l4xx_hal_pwr.o
 .debug_ranges  0x00000798      0x118 build/stm32l4xx_hal_pwr_ex.o
 .debug_ranges  0x000008b0       0xf8 build/stm32l4xx_hal_cortex.o
 .debug_ranges  0x000009a8      0x3d0 build/stm32l4xx_hal_tim.o
 .debug_ranges  0x00000d78      0x170 build/stm32l4xx_hal_tim_ex.o
 .debug_ranges  0x00000ee8      0x230 build/stm32l4xx_hal_uart.o
 .debug_ranges  0x00001118       0x68 build/stm32l4xx_hal_uart_ex.o
 .debug_ranges  0x00001180       0x18 build/system_stm32l4xx.o
 .debug_ranges  0x00001198       0x20 build/startup_stm32l452xx.o

.debug_line     0x00000000    0x16007
 .debug_line    0x00000000      0xe48 build/main.o
 .debug_line    0x00000e48      0x1c5 build/AT_command.o
 .debug_line    0x0000100d      0x35d build/stm32l4xx_it.o
 .debug_line    0x0000136a      0x4fd build/stm32l4xx_hal_msp.o
 .debug_line    0x00001867     0x10be build/stm32l4xx_hal_rtc.o
 .debug_line    0x00002925     0x1637 build/stm32l4xx_hal_rtc_ex.o
 .debug_line    0x00003f5c      0x6a6 build/stm32l4xx_hal.o
 .debug_line    0x00004602      0xf62 build/stm32l4xx_hal_rcc.o
 .debug_line    0x00005564     0x1470 build/stm32l4xx_hal_rcc_ex.o
 .debug_line    0x000069d4      0x686 build/stm32l4xx_hal_gpio.o
 .debug_line    0x0000705a      0xa31 build/stm32l4xx_hal_dma.o
 .debug_line    0x00007a8b      0x428 build/stm32l4xx_hal_pwr.o
 .debug_line    0x00007eb3      0x963 build/stm32l4xx_hal_pwr_ex.o
 .debug_line    0x00008816      0x781 build/stm32l4xx_hal_cortex.o
 .debug_line    0x00008f97     0x5079 build/stm32l4xx_hal_tim.o
 .debug_line    0x0000e010     0x1edd build/stm32l4xx_hal_tim_ex.o
 .debug_line    0x0000feed     0x5269 build/stm32l4xx_hal_uart.o
 .debug_line    0x00015156      0xb95 build/stm32l4xx_hal_uart_ex.o
 .debug_line    0x00015ceb      0x2a6 build/system_stm32l4xx.o
 .debug_line    0x00015f91       0x76 build/startup_stm32l452xx.o

.debug_str      0x00000000     0x6465
 .debug_str     0x00000000     0x16aa build/main.o
                               0x181a (size before relaxing)
 .debug_str     0x000016aa      0x62d build/AT_command.o
                                0x93b (size before relaxing)
 .debug_str     0x00001cd7      0x13c build/stm32l4xx_it.o
                                0xc26 (size before relaxing)
 .debug_str     0x00001e13      0x745 build/stm32l4xx_hal_msp.o
                               0x1427 (size before relaxing)
 .debug_str     0x00002558      0x249 build/stm32l4xx_hal_rtc.o
                                0x835 (size before relaxing)
 .debug_str     0x000027a1      0x59b build/stm32l4xx_hal_rtc_ex.o
                                0xb50 (size before relaxing)
 .debug_str     0x00002d3c      0x481 build/stm32l4xx_hal.o
                                0xc2a (size before relaxing)
 .debug_str     0x000031bd      0x2d6 build/stm32l4xx_hal_rcc.o
                                0x831 (size before relaxing)
 .debug_str     0x00003493      0x45c build/stm32l4xx_hal_rcc_ex.o
                                0xb9b (size before relaxing)
 .debug_str     0x000038ef       0xc2 build/stm32l4xx_hal_gpio.o
                                0x516 (size before relaxing)
 .debug_str     0x000039b1      0x264 build/stm32l4xx_hal_dma.o
                                0x614 (size before relaxing)
 .debug_str     0x00003c15      0x292 build/stm32l4xx_hal_pwr.o
                                0x668 (size before relaxing)
 .debug_str     0x00003ea7      0x3a6 build/stm32l4xx_hal_pwr_ex.o
                                0x770 (size before relaxing)
 .debug_str     0x0000424d      0x424 build/stm32l4xx_hal_cortex.o
                                0xb52 (size before relaxing)
 .debug_str     0x00004671      0xe4f build/stm32l4xx_hal_tim.o
                               0x16a4 (size before relaxing)
 .debug_str     0x000054c0      0x610 build/stm32l4xx_hal_tim_ex.o
                                0xfad (size before relaxing)
 .debug_str     0x00005ad0      0x75a build/stm32l4xx_hal_uart.o
                                0xfc7 (size before relaxing)
 .debug_str     0x0000622a      0x1da build/stm32l4xx_hal_uart_ex.o
                                0x8e1 (size before relaxing)
 .debug_str     0x00006404       0x3d build/system_stm32l4xx.o
                                0x3b4 (size before relaxing)
 .debug_str     0x00006441       0x24 build/startup_stm32l452xx.o
                                 0x3b (size before relaxing)

.comment        0x00000000       0x49
 .comment       0x00000000       0x49 build/main.o
                                 0x4a (size before relaxing)
 .comment       0x00000049       0x4a build/AT_command.o
 .comment       0x00000049       0x4a build/stm32l4xx_it.o
 .comment       0x00000049       0x4a build/stm32l4xx_hal_msp.o
 .comment       0x00000049       0x4a build/stm32l4xx_hal_rtc.o
 .comment       0x00000049       0x4a build/stm32l4xx_hal_rtc_ex.o
 .comment       0x00000049       0x4a build/stm32l4xx_hal.o
 .comment       0x00000049       0x4a build/stm32l4xx_hal_rcc.o
 .comment       0x00000049       0x4a build/stm32l4xx_hal_rcc_ex.o
 .comment       0x00000049       0x4a build/stm32l4xx_hal_gpio.o
 .comment       0x00000049       0x4a build/stm32l4xx_hal_dma.o
 .comment       0x00000049       0x4a build/stm32l4xx_hal_pwr.o
 .comment       0x00000049       0x4a build/stm32l4xx_hal_pwr_ex.o
 .comment       0x00000049       0x4a build/stm32l4xx_hal_cortex.o
 .comment       0x00000049       0x4a build/stm32l4xx_hal_tim.o
 .comment       0x00000049       0x4a build/stm32l4xx_hal_tim_ex.o
 .comment       0x00000049       0x4a build/stm32l4xx_hal_uart.o
 .comment       0x00000049       0x4a build/stm32l4xx_hal_uart_ex.o
 .comment       0x00000049       0x4a build/system_stm32l4xx.o

.debug_frame    0x00000000     0x3154
 .debug_frame   0x00000000      0x224 build/main.o
 .debug_frame   0x00000224       0x34 build/AT_command.o
 .debug_frame   0x00000258      0x108 build/stm32l4xx_it.o
 .debug_frame   0x00000360       0xd0 build/stm32l4xx_hal_msp.o
 .debug_frame   0x00000430      0x278 build/stm32l4xx_hal_rtc.o
 .debug_frame   0x000006a8      0x394 build/stm32l4xx_hal_rtc_ex.o
 .debug_frame   0x00000a3c      0x274 build/stm32l4xx_hal.o
 .debug_frame   0x00000cb0      0x19c build/stm32l4xx_hal_rcc.o
 .debug_frame   0x00000e4c      0x248 build/stm32l4xx_hal_rcc_ex.o
 .debug_frame   0x00001094       0xd0 build/stm32l4xx_hal_gpio.o
 .debug_frame   0x00001164      0x150 build/stm32l4xx_hal_dma.o
 .debug_frame   0x000012b4      0x120 build/stm32l4xx_hal_pwr.o
 .debug_frame   0x000013d4      0x248 build/stm32l4xx_hal_pwr_ex.o
 .debug_frame   0x0000161c      0x148 build/stm32l4xx_hal_cortex.o
 .debug_frame   0x00001764      0xb4c build/stm32l4xx_hal_tim.o
 .debug_frame   0x000022b0      0x478 build/stm32l4xx_hal_tim_ex.o
 .debug_frame   0x00002728      0x600 build/stm32l4xx_hal_uart.o
 .debug_frame   0x00002d28      0x148 build/stm32l4xx_hal_uart_ex.o
 .debug_frame   0x00002e70       0x30 build/system_stm32l4xx.o
 .debug_frame   0x00002ea0       0x2c c:/program files (x86)/gnu arm embedded toolchain/10 2021.07/bin/../lib/gcc/arm-none-eabi/10.3.1/../../../../arm-none-eabi/lib/thumb/v7e-m+fp/hard\libc_nano.a(lib_a-init.o)
 .debug_frame   0x00002ecc       0x28 c:/program files (x86)/gnu arm embedded toolchain/10 2021.07/bin/../lib/gcc/arm-none-eabi/10.3.1/../../../../arm-none-eabi/lib/thumb/v7e-m+fp/hard\libc_nano.a(lib_a-memcpy-stub.o)
 .debug_frame   0x00002ef4       0x20 c:/program files (x86)/gnu arm embedded toolchain/10 2021.07/bin/../lib/gcc/arm-none-eabi/10.3.1/../../../../arm-none-eabi/lib/thumb/v7e-m+fp/hard\libc_nano.a(lib_a-memset.o)
 .debug_frame   0x00002f14       0x20 c:/program files (x86)/gnu arm embedded toolchain/10 2021.07/bin/../lib/gcc/arm-none-eabi/10.3.1/../../../../arm-none-eabi/lib/thumb/v7e-m+fp/hard\libc_nano.a(lib_a-strcmp.o)
 .debug_frame   0x00002f34       0xac c:/program files (x86)/gnu arm embedded toolchain/10 2021.07/bin/../lib/gcc/arm-none-eabi/10.3.1/thumb/v7e-m+fp/hard\libgcc.a(_arm_addsubdf3.o)
 .debug_frame   0x00002fe0       0x50 c:/program files (x86)/gnu arm embedded toolchain/10 2021.07/bin/../lib/gcc/arm-none-eabi/10.3.1/thumb/v7e-m+fp/hard\libgcc.a(_arm_muldivdf3.o)
 .debug_frame   0x00003030       0xc4 c:/program files (x86)/gnu arm embedded toolchain/10 2021.07/bin/../lib/gcc/arm-none-eabi/10.3.1/thumb/v7e-m+fp/hard\libgcc.a(_arm_cmpdf2.o)
 .debug_frame   0x000030f4       0x2c c:/program files (x86)/gnu arm embedded toolchain/10 2021.07/bin/../lib/gcc/arm-none-eabi/10.3.1/thumb/v7e-m+fp/hard\libgcc.a(_aeabi_uldivmod.o)
 .debug_frame   0x00003120       0x34 c:/program files (x86)/gnu arm embedded toolchain/10 2021.07/bin/../lib/gcc/arm-none-eabi/10.3.1/thumb/v7e-m+fp/hard\libgcc.a(_udivmoddi4.o)

Cross Reference Table

Symbol                                            File
ADC1_IRQHandler                                   build/startup_stm32l452xx.o
AHBPrescTable                                     build/system_stm32l4xx.o
                                                  build/stm32l4xx_hal_rcc.o
APBPrescTable                                     build/system_stm32l4xx.o
                                                  build/stm32l4xx_hal_rcc.o
AT_Check_Connect_TCP                              build/main.o
                                                  build/AT_command.o
AT_Check_GPRS                                     build/main.o
                                                  build/AT_command.o
AT_Check_IP                                       build/main.o
                                                  build/AT_command.o
AT_Check_Module                                   build/main.o
                                                  build/AT_command.o
AT_Check_Net_Open                                 build/main.o
                                                  build/AT_command.o
AT_Check_Signal                                   build/main.o
                                                  build/AT_command.o
AT_Check_Sim                                      build/main.o
                                                  build/AT_command.o
AT_Check_Subscribe                                build/main.o
                                                  build/AT_command.o
AT_Close_Connect_TCP_Server                       build/main.o
                                                  build/AT_command.o
AT_Connect_TCP_Server                             build/main.o
                                                  build/AT_command.o
AT_Get_Current_Time                               build/main.o
                                                  build/AT_command.o
AT_Init                                           build/AT_command.o
                                                  build/main.o
AT_Send_Check_Connect_TCP                         build/AT_command.o
AT_Send_Check_GPRS                                build/AT_command.o
AT_Send_Check_IP                                  build/AT_command.o
AT_Send_Check_Module                              build/AT_command.o
AT_Send_Check_Net_Open                            build/AT_command.o
AT_Send_Check_Signal                              build/AT_command.o
AT_Send_Check_Sim                                 build/AT_command.o
AT_Send_Check_Subscribe                           build/AT_command.o
AT_Send_Close_Connect_TCP_Server                  build/AT_command.o
AT_Send_Connect_TCP_Server                        build/AT_command.o
AT_Send_Get_Current_Time                          build/AT_command.o
AT_Send_Set_Net_Close                             build/AT_command.o
AT_Send_Set_Receive_Mode                          build/AT_command.o
AT_Send_Set_Timeout                               build/AT_command.o
AT_Send_Set_Transmit_Mode                         build/AT_command.o
AT_Send_Transmit_Data_To_TCP                      build/AT_command.o
AT_Set_Net_Close                                  build/main.o
                                                  build/AT_command.o
AT_Set_Receive_Mode                               build/main.o
                                                  build/AT_command.o
AT_Set_Timeout                                    build/main.o
                                                  build/AT_command.o
AT_Set_Transmit_Mode                              build/main.o
                                                  build/AT_command.o
AT_Transmit_Data_To_TCP                           build/main.o
                                                  build/AT_command.o
BusFault_Handler                                  build/stm32l4xx_it.o
CAN1_RX0_IRQHandler                               build/startup_stm32l452xx.o
CAN1_RX1_IRQHandler                               build/startup_stm32l452xx.o
CAN1_SCE_IRQHandler                               build/startup_stm32l452xx.o
CAN1_TX_IRQHandler                                build/startup_stm32l452xx.o
COMP_IRQHandler                                   build/startup_stm32l452xx.o
CRS_IRQHandler                                    build/startup_stm32l452xx.o
DFSDM1_FLT0_IRQHandler                            build/startup_stm32l452xx.o
DFSDM1_FLT1_IRQHandler                            build/startup_stm32l452xx.o
DMA1_Channel1_IRQHandler                          build/startup_stm32l452xx.o
DMA1_Channel2_IRQHandler                          build/startup_stm32l452xx.o
DMA1_Channel3_IRQHandler                          build/startup_stm32l452xx.o
DMA1_Channel4_IRQHandler                          build/startup_stm32l452xx.o
DMA1_Channel5_IRQHandler                          build/startup_stm32l452xx.o
DMA1_Channel6_IRQHandler                          build/startup_stm32l452xx.o
DMA1_Channel7_IRQHandler                          build/startup_stm32l452xx.o
DMA2_Channel1_IRQHandler                          build/startup_stm32l452xx.o
DMA2_Channel2_IRQHandler                          build/startup_stm32l452xx.o
DMA2_Channel3_IRQHandler                          build/startup_stm32l452xx.o
DMA2_Channel4_IRQHandler                          build/startup_stm32l452xx.o
DMA2_Channel5_IRQHandler                          build/startup_stm32l452xx.o
DMA2_Channel6_IRQHandler                          build/startup_stm32l452xx.o
DMA2_Channel7_IRQHandler                          build/startup_stm32l452xx.o
DebugMon_Handler                                  build/stm32l4xx_it.o
Default_Handler                                   build/startup_stm32l452xx.o
EXTI0_IRQHandler                                  build/startup_stm32l452xx.o
EXTI15_10_IRQHandler                              build/startup_stm32l452xx.o
EXTI1_IRQHandler                                  build/startup_stm32l452xx.o
EXTI2_IRQHandler                                  build/startup_stm32l452xx.o
EXTI3_IRQHandler                                  build/startup_stm32l452xx.o
EXTI4_IRQHandler                                  build/startup_stm32l452xx.o
EXTI9_5_IRQHandler                                build/startup_stm32l452xx.o
Error_Handler                                     build/main.o
                                                  build/stm32l4xx_hal_msp.o
FLASH_FlushCaches                                 build/stm32l4xx_hal_flash_ex.o
                                                  build/stm32l4xx_hal_flash.o
FLASH_IRQHandler                                  build/startup_stm32l452xx.o
FLASH_PageErase                                   build/stm32l4xx_hal_flash_ex.o
                                                  build/stm32l4xx_hal_flash.o
FLASH_WaitForLastOperation                        build/stm32l4xx_hal_flash.o
                                                  build/stm32l4xx_hal_flash_ex.o
FPU_IRQHandler                                    build/startup_stm32l452xx.o
HAL_DBGMCU_DisableDBGSleepMode                    build/stm32l4xx_hal.o
HAL_DBGMCU_DisableDBGStandbyMode                  build/stm32l4xx_hal.o
HAL_DBGMCU_DisableDBGStopMode                     build/stm32l4xx_hal.o
HAL_DBGMCU_EnableDBGSleepMode                     build/stm32l4xx_hal.o
HAL_DBGMCU_EnableDBGStandbyMode                   build/stm32l4xx_hal.o
HAL_DBGMCU_EnableDBGStopMode                      build/stm32l4xx_hal.o
HAL_DMA_Abort                                     build/stm32l4xx_hal_dma.o
                                                  build/stm32l4xx_hal_uart.o
HAL_DMA_Abort_IT                                  build/stm32l4xx_hal_dma.o
                                                  build/stm32l4xx_hal_uart.o
                                                  build/stm32l4xx_hal_tim_ex.o
                                                  build/stm32l4xx_hal_tim.o
                                                  build/stm32l4xx_hal_i2c.o
HAL_DMA_DeInit                                    build/stm32l4xx_hal_dma.o
HAL_DMA_GetError                                  build/stm32l4xx_hal_dma.o
                                                  build/stm32l4xx_hal_uart.o
HAL_DMA_GetState                                  build/stm32l4xx_hal_dma.o
                                                  build/stm32l4xx_hal_i2c.o
HAL_DMA_IRQHandler                                build/stm32l4xx_hal_dma.o
HAL_DMA_Init                                      build/stm32l4xx_hal_dma.o
HAL_DMA_PollForTransfer                           build/stm32l4xx_hal_dma.o
HAL_DMA_RegisterCallback                          build/stm32l4xx_hal_dma.o
HAL_DMA_Start                                     build/stm32l4xx_hal_dma.o
HAL_DMA_Start_IT                                  build/stm32l4xx_hal_dma.o
                                                  build/stm32l4xx_hal_uart.o
                                                  build/stm32l4xx_hal_tim_ex.o
                                                  build/stm32l4xx_hal_tim.o
                                                  build/stm32l4xx_hal_i2c.o
HAL_DMA_UnRegisterCallback                        build/stm32l4xx_hal_dma.o
HAL_DeInit                                        build/stm32l4xx_hal.o
HAL_Delay                                         build/stm32l4xx_hal.o
                                                  build/main.o
HAL_EXTI_ClearConfigLine                          build/stm32l4xx_hal_exti.o
HAL_EXTI_ClearPending                             build/stm32l4xx_hal_exti.o
HAL_EXTI_GenerateSWI                              build/stm32l4xx_hal_exti.o
HAL_EXTI_GetConfigLine                            build/stm32l4xx_hal_exti.o
HAL_EXTI_GetHandle                                build/stm32l4xx_hal_exti.o
HAL_EXTI_GetPending                               build/stm32l4xx_hal_exti.o
HAL_EXTI_IRQHandler                               build/stm32l4xx_hal_exti.o
HAL_EXTI_RegisterCallback                         build/stm32l4xx_hal_exti.o
HAL_EXTI_SetConfigLine                            build/stm32l4xx_hal_exti.o
HAL_FLASHEx_DisableRunPowerDown                   build/stm32l4xx_hal_flash_ramfunc.o
HAL_FLASHEx_EnableRunPowerDown                    build/stm32l4xx_hal_flash_ramfunc.o
HAL_FLASHEx_Erase                                 build/stm32l4xx_hal_flash_ex.o
HAL_FLASHEx_Erase_IT                              build/stm32l4xx_hal_flash_ex.o
HAL_FLASHEx_OBGetConfig                           build/stm32l4xx_hal_flash_ex.o
HAL_FLASHEx_OBProgram                             build/stm32l4xx_hal_flash_ex.o
HAL_FLASH_EndOfOperationCallback                  build/stm32l4xx_hal_flash.o
HAL_FLASH_GetError                                build/stm32l4xx_hal_flash.o
HAL_FLASH_IRQHandler                              build/stm32l4xx_hal_flash.o
HAL_FLASH_Lock                                    build/stm32l4xx_hal_flash.o
HAL_FLASH_OB_Launch                               build/stm32l4xx_hal_flash.o
HAL_FLASH_OB_Lock                                 build/stm32l4xx_hal_flash.o
HAL_FLASH_OB_Unlock                               build/stm32l4xx_hal_flash.o
HAL_FLASH_OperationErrorCallback                  build/stm32l4xx_hal_flash.o
HAL_FLASH_Program                                 build/stm32l4xx_hal_flash.o
HAL_FLASH_Program_IT                              build/stm32l4xx_hal_flash.o
HAL_FLASH_Unlock                                  build/stm32l4xx_hal_flash.o
HAL_GPIO_DeInit                                   build/stm32l4xx_hal_gpio.o
                                                  build/stm32l4xx_hal_msp.o
HAL_GPIO_EXTI_Callback                            build/stm32l4xx_hal_gpio.o
HAL_GPIO_EXTI_IRQHandler                          build/stm32l4xx_hal_gpio.o
HAL_GPIO_Init                                     build/stm32l4xx_hal_gpio.o
                                                  build/stm32l4xx_hal_rcc_ex.o
                                                  build/stm32l4xx_hal_rcc.o
                                                  build/stm32l4xx_hal_msp.o
                                                  build/main.o
HAL_GPIO_LockPin                                  build/stm32l4xx_hal_gpio.o
HAL_GPIO_ReadPin                                  build/stm32l4xx_hal_gpio.o
HAL_GPIO_TogglePin                                build/stm32l4xx_hal_gpio.o
                                                  build/main.o
HAL_GPIO_WritePin                                 build/stm32l4xx_hal_gpio.o
                                                  build/main.o
HAL_GetDEVID                                      build/stm32l4xx_hal.o
HAL_GetHalVersion                                 build/stm32l4xx_hal.o
HAL_GetREVID                                      build/stm32l4xx_hal.o
HAL_GetTick                                       build/stm32l4xx_hal.o
                                                  build/stm32l4xx_hal_uart_ex.o
                                                  build/stm32l4xx_hal_uart.o
                                                  build/stm32l4xx_hal_dma.o
                                                  build/stm32l4xx_hal_flash.o
                                                  build/stm32l4xx_hal_rcc_ex.o
                                                  build/stm32l4xx_hal_rcc.o
                                                  build/stm32l4xx_hal_i2c.o
                                                  build/stm32l4xx_hal_rtc_ex.o
                                                  build/stm32l4xx_hal_rtc.o
                                                  build/main.o
HAL_GetTickFreq                                   build/stm32l4xx_hal.o
HAL_GetTickPrio                                   build/stm32l4xx_hal.o
HAL_GetUIDw0                                      build/stm32l4xx_hal.o
HAL_GetUIDw1                                      build/stm32l4xx_hal.o
HAL_GetUIDw2                                      build/stm32l4xx_hal.o
HAL_HalfDuplex_EnableReceiver                     build/stm32l4xx_hal_uart.o
HAL_HalfDuplex_EnableTransmitter                  build/stm32l4xx_hal_uart.o
HAL_HalfDuplex_Init                               build/stm32l4xx_hal_uart.o
HAL_I2CEx_ConfigAnalogFilter                      build/stm32l4xx_hal_i2c_ex.o
HAL_I2CEx_ConfigDigitalFilter                     build/stm32l4xx_hal_i2c_ex.o
HAL_I2CEx_DisableFastModePlus                     build/stm32l4xx_hal_i2c_ex.o
HAL_I2CEx_DisableWakeUp                           build/stm32l4xx_hal_i2c_ex.o
HAL_I2CEx_EnableFastModePlus                      build/stm32l4xx_hal_i2c_ex.o
HAL_I2CEx_EnableWakeUp                            build/stm32l4xx_hal_i2c_ex.o
HAL_I2C_AbortCpltCallback                         build/stm32l4xx_hal_i2c.o
HAL_I2C_AddrCallback                              build/stm32l4xx_hal_i2c.o
HAL_I2C_DeInit                                    build/stm32l4xx_hal_i2c.o
HAL_I2C_DisableListen_IT                          build/stm32l4xx_hal_i2c.o
HAL_I2C_ER_IRQHandler                             build/stm32l4xx_hal_i2c.o
HAL_I2C_EV_IRQHandler                             build/stm32l4xx_hal_i2c.o
HAL_I2C_EnableListen_IT                           build/stm32l4xx_hal_i2c.o
HAL_I2C_ErrorCallback                             build/stm32l4xx_hal_i2c.o
HAL_I2C_GetError                                  build/stm32l4xx_hal_i2c.o
HAL_I2C_GetMode                                   build/stm32l4xx_hal_i2c.o
HAL_I2C_GetState                                  build/stm32l4xx_hal_i2c.o
HAL_I2C_Init                                      build/stm32l4xx_hal_i2c.o
HAL_I2C_IsDeviceReady                             build/stm32l4xx_hal_i2c.o
HAL_I2C_ListenCpltCallback                        build/stm32l4xx_hal_i2c.o
HAL_I2C_MasterRxCpltCallback                      build/stm32l4xx_hal_i2c.o
HAL_I2C_MasterTxCpltCallback                      build/stm32l4xx_hal_i2c.o
HAL_I2C_Master_Abort_IT                           build/stm32l4xx_hal_i2c.o
HAL_I2C_Master_Receive                            build/stm32l4xx_hal_i2c.o
HAL_I2C_Master_Receive_DMA                        build/stm32l4xx_hal_i2c.o
HAL_I2C_Master_Receive_IT                         build/stm32l4xx_hal_i2c.o
HAL_I2C_Master_Seq_Receive_DMA                    build/stm32l4xx_hal_i2c.o
HAL_I2C_Master_Seq_Receive_IT                     build/stm32l4xx_hal_i2c.o
HAL_I2C_Master_Seq_Transmit_DMA                   build/stm32l4xx_hal_i2c.o
HAL_I2C_Master_Seq_Transmit_IT                    build/stm32l4xx_hal_i2c.o
HAL_I2C_Master_Transmit                           build/stm32l4xx_hal_i2c.o
HAL_I2C_Master_Transmit_DMA                       build/stm32l4xx_hal_i2c.o
HAL_I2C_Master_Transmit_IT                        build/stm32l4xx_hal_i2c.o
HAL_I2C_MemRxCpltCallback                         build/stm32l4xx_hal_i2c.o
HAL_I2C_MemTxCpltCallback                         build/stm32l4xx_hal_i2c.o
HAL_I2C_Mem_Read                                  build/stm32l4xx_hal_i2c.o
HAL_I2C_Mem_Read_DMA                              build/stm32l4xx_hal_i2c.o
HAL_I2C_Mem_Read_IT                               build/stm32l4xx_hal_i2c.o
HAL_I2C_Mem_Write                                 build/stm32l4xx_hal_i2c.o
HAL_I2C_Mem_Write_DMA                             build/stm32l4xx_hal_i2c.o
HAL_I2C_Mem_Write_IT                              build/stm32l4xx_hal_i2c.o
HAL_I2C_MspDeInit                                 build/stm32l4xx_hal_i2c.o
HAL_I2C_MspInit                                   build/stm32l4xx_hal_i2c.o
HAL_I2C_SlaveRxCpltCallback                       build/stm32l4xx_hal_i2c.o
HAL_I2C_SlaveTxCpltCallback                       build/stm32l4xx_hal_i2c.o
HAL_I2C_Slave_Receive                             build/stm32l4xx_hal_i2c.o
HAL_I2C_Slave_Receive_DMA                         build/stm32l4xx_hal_i2c.o
HAL_I2C_Slave_Receive_IT                          build/stm32l4xx_hal_i2c.o
HAL_I2C_Slave_Seq_Receive_DMA                     build/stm32l4xx_hal_i2c.o
HAL_I2C_Slave_Seq_Receive_IT                      build/stm32l4xx_hal_i2c.o
HAL_I2C_Slave_Seq_Transmit_DMA                    build/stm32l4xx_hal_i2c.o
HAL_I2C_Slave_Seq_Transmit_IT                     build/stm32l4xx_hal_i2c.o
HAL_I2C_Slave_Transmit                            build/stm32l4xx_hal_i2c.o
HAL_I2C_Slave_Transmit_DMA                        build/stm32l4xx_hal_i2c.o
HAL_I2C_Slave_Transmit_IT                         build/stm32l4xx_hal_i2c.o
HAL_IncTick                                       build/stm32l4xx_hal.o
                                                  build/stm32l4xx_it.o
HAL_Init                                          build/stm32l4xx_hal.o
                                                  build/main.o
HAL_InitTick                                      build/stm32l4xx_hal.o
                                                  build/stm32l4xx_hal_rcc.o
HAL_LIN_Init                                      build/stm32l4xx_hal_uart.o
HAL_LIN_SendBreak                                 build/stm32l4xx_hal_uart.o
HAL_MPU_ConfigRegion                              build/stm32l4xx_hal_cortex.o
HAL_MPU_Disable                                   build/stm32l4xx_hal_cortex.o
HAL_MPU_Enable                                    build/stm32l4xx_hal_cortex.o
HAL_MspDeInit                                     build/stm32l4xx_hal.o
HAL_MspInit                                       build/stm32l4xx_hal_msp.o
HAL_MultiProcessorEx_AddressLength_Set            build/stm32l4xx_hal_uart_ex.o
HAL_MultiProcessor_DisableMuteMode                build/stm32l4xx_hal_uart.o
HAL_MultiProcessor_EnableMuteMode                 build/stm32l4xx_hal_uart.o
HAL_MultiProcessor_EnterMuteMode                  build/stm32l4xx_hal_uart.o
HAL_MultiProcessor_Init                           build/stm32l4xx_hal_uart.o
HAL_NVIC_ClearPendingIRQ                          build/stm32l4xx_hal_cortex.o
HAL_NVIC_DisableIRQ                               build/stm32l4xx_hal_cortex.o
                                                  build/stm32l4xx_hal_msp.o
HAL_NVIC_EnableIRQ                                build/stm32l4xx_hal_cortex.o
                                                  build/stm32l4xx_hal_msp.o
HAL_NVIC_GetActive                                build/stm32l4xx_hal_cortex.o