Component: ARM Compiler 5.06 update 7 (build 960) Tool: armlink [4d3601]

==============================================================================

Section Cross References

    startup_stm32l452xx.o(STACK) refers (Special) to heapauxi.o(.text) for __use_two_region_memory
    startup_stm32l452xx.o(HEAP) refers (Special) to heapauxi.o(.text) for __use_two_region_memory
    startup_stm32l452xx.o(RESET) refers (Special) to heapauxi.o(.text) for __use_two_region_memory
    startup_stm32l452xx.o(RESET) refers to startup_stm32l452xx.o(STACK) for __initial_sp
    startup_stm32l452xx.o(RESET) refers to startup_stm32l452xx.o(.text) for Reset_Handler
    startup_stm32l452xx.o(RESET) refers to stm32l4xx_it.o(i.NMI_Handler) for NMI_Handler
    startup_stm32l452xx.o(RESET) refers to stm32l4xx_it.o(i.HardFault_Handler) for HardFault_Handler
    startup_stm32l452xx.o(RESET) refers to stm32l4xx_it.o(i.MemManage_Handler) for MemManage_Handler
    startup_stm32l452xx.o(RESET) refers to stm32l4xx_it.o(i.BusFault_Handler) for BusFault_Handler
    startup_stm32l452xx.o(RESET) refers to stm32l4xx_it.o(i.UsageFault_Handler) for UsageFault_Handler
    startup_stm32l452xx.o(RESET) refers to stm32l4xx_it.o(i.SVC_Handler) for SVC_Handler
    startup_stm32l452xx.o(RESET) refers to stm32l4xx_it.o(i.DebugMon_Handler) for DebugMon_Handler
    startup_stm32l452xx.o(RESET) refers to stm32l4xx_it.o(i.PendSV_Handler) for PendSV_Handler
    startup_stm32l452xx.o(RESET) refers to stm32l4xx_it.o(i.SysTick_Handler) for SysTick_Handler
    startup_stm32l452xx.o(RESET) refers to stm32l4xx_it.o(i.TIM2_IRQHandler) for TIM2_IRQHandler
    startup_stm32l452xx.o(RESET) refers to stm32l4xx_it.o(i.USART1_IRQHandler) for USART1_IRQHandler
    startup_stm32l452xx.o(RESET) refers to stm32l4xx_it.o(i.USART3_IRQHandler) for USART3_IRQHandler
    startup_stm32l452xx.o(RESET) refers to stm32l4xx_it.o(i.RTC_Alarm_IRQHandler) for RTC_Alarm_IRQHandler
    startup_stm32l452xx.o(.text) refers (Special) to heapauxi.o(.text) for __use_two_region_memory
    startup_stm32l452xx.o(.text) refers to system_stm32l4xx.o(i.SystemInit) for SystemInit
    startup_stm32l452xx.o(.text) refers to __main.o(!!!main) for __main
    startup_stm32l452xx.o(.text) refers to startup_stm32l452xx.o(HEAP) for Heap_Mem
    startup_stm32l452xx.o(.text) refers to startup_stm32l452xx.o(STACK) for Stack_Mem
    main.o(i.HAL_UART_RxCpltCallback) refers to stm32l4xx_hal_uart.o(i.HAL_UART_Receive_IT) for HAL_UART_Receive_IT
    main.o(i.HAL_UART_RxCpltCallback) refers to main.o(i.UART1_GetData) for UART1_GetData
    main.o(i.HAL_UART_RxCpltCallback) refers to main.o(i.UART3_GetData) for UART3_GetData
    main.o(i.HAL_UART_RxCpltCallback) refers to main.o(.bss) for huart1
    main.o(i.HAL_UART_RxCpltCallback) refers to main.o(.data) for UART1_Rx
    main.o(i.MX_GPIO_Init) refers to rt_memclr_w.o(.text) for __aeabi_memclr4
    main.o(i.MX_GPIO_Init) refers to stm32l4xx_hal_gpio.o(i.HAL_GPIO_WritePin) for HAL_GPIO_WritePin
    main.o(i.MX_GPIO_Init) refers to stm32l4xx_hal_gpio.o(i.HAL_GPIO_Init) for HAL_GPIO_Init
    main.o(i.MX_RTC_Init) refers to rt_memclr_w.o(.text) for __aeabi_memclr4
    main.o(i.MX_RTC_Init) refers to stm32l4xx_hal_rtc.o(i.HAL_RTC_Init) for HAL_RTC_Init
    main.o(i.MX_RTC_Init) refers to main.o(i.Error_Handler) for Error_Handler
    main.o(i.MX_RTC_Init) refers to stm32l4xx_hal_rtc.o(i.HAL_RTC_SetTime) for HAL_RTC_SetTime
    main.o(i.MX_RTC_Init) refers to stm32l4xx_hal_rtc.o(i.HAL_RTC_SetDate) for HAL_RTC_SetDate
    main.o(i.MX_RTC_Init) refers to stm32l4xx_hal_rtc.o(i.HAL_RTC_SetAlarm_IT) for HAL_RTC_SetAlarm_IT
    main.o(i.MX_RTC_Init) refers to main.o(.bss) for hrtc
    main.o(i.MX_TIM2_Init) refers to stm32l4xx_hal_tim.o(i.HAL_TIM_Base_Init) for HAL_TIM_Base_Init
    main.o(i.MX_TIM2_Init) refers to main.o(i.Error_Handler) for Error_Handler
    main.o(i.MX_TIM2_Init) refers to stm32l4xx_hal_tim.o(i.HAL_TIM_ConfigClockSource) for HAL_TIM_ConfigClockSource
    main.o(i.MX_TIM2_Init) refers to stm32l4xx_hal_tim_ex.o(i.HAL_TIMEx_MasterConfigSynchronization) for HAL_TIMEx_MasterConfigSynchronization
    main.o(i.MX_TIM2_Init) refers to main.o(.bss) for htim2
    main.o(i.MX_UART4_Init) refers to stm32l4xx_hal_uart.o(i.HAL_UART_Init) for HAL_UART_Init
    main.o(i.MX_UART4_Init) refers to main.o(i.Error_Handler) for Error_Handler
    main.o(i.MX_UART4_Init) refers to main.o(.bss) for huart4
    main.o(i.MX_USART1_UART_Init) refers to stm32l4xx_hal_uart.o(i.HAL_UART_Init) for HAL_UART_Init
    main.o(i.MX_USART1_UART_Init) refers to main.o(i.Error_Handler) for Error_Handler
    main.o(i.MX_USART1_UART_Init) refers to main.o(.bss) for huart1
    main.o(i.MX_USART3_UART_Init) refers to stm32l4xx_hal_uart.o(i.HAL_UART_Init) for HAL_UART_Init
    main.o(i.MX_USART3_UART_Init) refers to main.o(i.Error_Handler) for Error_Handler
    main.o(i.MX_USART3_UART_Init) refers to main.o(.bss) for huart3
[...]
    .ARM.Collect$$libshutdown$$0000000E      0x0800025a   Section        0  libshutdown2.o(.ARM.Collect$$libshutdown$$0000000E)
    .ARM.Collect$$libshutdown$$00000011      0x0800025a   Section        0  libshutdown2.o(.ARM.Collect$$libshutdown$$00000011)
    .ARM.Collect$$libshutdown$$00000012      0x0800025a   Section        2  libshutdown2.o(.ARM.Collect$$libshutdown$$00000012)
    .ARM.Collect$$rtentry$$00000000          0x0800025c   Section        0  __rtentry.o(.ARM.Collect$$rtentry$$00000000)
    .ARM.Collect$$rtentry$$00000002          0x0800025c   Section        0  __rtentry2.o(.ARM.Collect$$rtentry$$00000002)
    .ARM.Collect$$rtentry$$00000004          0x0800025c   Section        6  __rtentry4.o(.ARM.Collect$$rtentry$$00000004)
    .ARM.Collect$$rtentry$$00000009          0x08000262   Section        0  __rtentry2.o(.ARM.Collect$$rtentry$$00000009)
    .ARM.Collect$$rtentry$$0000000A          0x08000262   Section        4  __rtentry2.o(.ARM.Collect$$rtentry$$0000000A)
    .ARM.Collect$$rtentry$$0000000C          0x08000266   Section        0  __rtentry2.o(.ARM.Collect$$rtentry$$0000000C)
    .ARM.Collect$$rtentry$$0000000D          0x08000266   Section        8  __rtentry2.o(.ARM.Collect$$rtentry$$0000000D)
    .ARM.Collect$$rtexit$$00000000           0x0800026e   Section        2  rtexit.o(.ARM.Collect$$rtexit$$00000000)
    .ARM.Collect$$rtexit$$00000002           0x08000270   Section        0  rtexit2.o(.ARM.Collect$$rtexit$$00000002)
    .ARM.Collect$$rtexit$$00000003           0x08000270   Section        4  rtexit2.o(.ARM.Collect$$rtexit$$00000003)
    .ARM.Collect$$rtexit$$00000004           0x08000274   Section        6  rtexit2.o(.ARM.Collect$$rtexit$$00000004)
    .text                                    0x0800027c   Section       64  startup_stm32l452xx.o(.text)
    $v0                                      0x0800027c   Number         0  startup_stm32l452xx.o(.text)
    .text                                    0x080002bc   Section      238  lludivv7m.o(.text)
    .text                                    0x080003aa   Section        0  strlen.o(.text)
    .text                                    0x080003e8   Section      138  rt_memcpy_v6.o(.text)
    .text                                    0x08000472   Section      100  rt_memcpy_w.o(.text)
    .text                                    0x080004d6   Section       78  rt_memclr_w.o(.text)
    .text                                    0x08000524   Section      128  strcmpv7m.o(.text)
    .text                                    0x080005a4   Section        0  heapauxi.o(.text)
    .text                                    0x080005aa   Section       74  sys_stackheap_outer.o(.text)
    .text                                    0x080005f4   Section        0  exit.o(.text)
    .text                                    0x08000608   Section        8  libspace.o(.text)
    .text                                    0x08000610   Section        0  sys_exit.o(.text)
    .text                                    0x0800061c   Section        2  use_no_semi.o(.text)
    .text                                    0x0800061e   Section        0  indicate_semi.o(.text)
    i.AT_Init                                0x08000620   Section        0  at_command.o(i.AT_Init)
    i.BusFault_Handler                       0x08000d64   Section        0  stm32l4xx_it.o(i.BusFault_Handler)
    i.DebugMon_Handler                       0x08000d68   Section        0  stm32l4xx_it.o(i.DebugMon_Handler)
    i.Error_Handler                          0x08000d6a   Section        0  main.o(i.Error_Handler)
    i.HAL_DMA_Abort                          0x08000d70   Section        0  stm32l4xx_hal_dma.o(i.HAL_DMA_Abort)
    i.HAL_DMA_Abort_IT                       0x08000dca   Section        0  stm32l4xx_hal_dma.o(i.HAL_DMA_Abort_IT)
    i.HAL_Delay                              0x08000e28   Section        0  stm32l4xx_hal.o(i.HAL_Delay)
    i.HAL_GPIO_Init                          0x08000e50   Section        0  stm32l4xx_hal_gpio.o(i.HAL_GPIO_Init)
    i.HAL_GPIO_TogglePin                     0x08001010   Section        0  stm32l4xx_hal_gpio.o(i.HAL_GPIO_TogglePin)
    i.HAL_GPIO_WritePin                      0x08001024   Section        0  stm32l4xx_hal_gpio.o(i.HAL_GPIO_WritePin)
    i.HAL_GetTick                            0x08001030   Section        0  stm32l4xx_hal.o(i.HAL_GetTick)
    i.HAL_IncTick                            0x0800103c   Section        0  stm32l4xx_hal.o(i.HAL_IncTick)
    i.HAL_Init                               0x08001054   Section        0  stm32l4xx_hal.o(i.HAL_Init)
    i.HAL_InitTick                           0x08001074   Section        0  stm32l4xx_hal.o(i.HAL_InitTick)
    i.HAL_MspInit                            0x080010cc   Section        0  stm32l4xx_hal_msp.o(i.HAL_MspInit)
    i.HAL_NVIC_EnableIRQ                     0x0800110c   Section        0  stm32l4xx_hal_cortex.o(i.HAL_NVIC_EnableIRQ)
    i.HAL_NVIC_SetPriority                   0x08001134   Section        0  stm32l4xx_hal_cortex.o(i.HAL_NVIC_SetPriority)
    i.HAL_NVIC_SetPriorityGrouping           0x080011b8   Section        0  stm32l4xx_hal_cortex.o(i.HAL_NVIC_SetPriorityGrouping)
    i.HAL_PWREx_ControlVoltageScaling        0x080011e0   Section        0  stm32l4xx_hal_pwr_ex.o(i.HAL_PWREx_ControlVoltageScaling)
    i.HAL_PWREx_GetVoltageRange              0x0800126c   Section        0  stm32l4xx_hal_pwr_ex.o(i.HAL_PWREx_GetVoltageRange)
    i.HAL_PWR_EnableBkUpAccess               0x0800127c   Section        0  stm32l4xx_hal_pwr.o(i.HAL_PWR_EnableBkUpAccess)
    i.HAL_RCCEx_PeriphCLKConfig              0x08001290   Section        0  stm32l4xx_hal_rcc_ex.o(i.HAL_RCCEx_PeriphCLKConfig)
    i.HAL_RCC_ClockConfig                    0x080016a0   Section        0  stm32l4xx_hal_rcc.o(i.HAL_RCC_ClockConfig)
    i.HAL_RCC_GetHCLKFreq                    0x08001854   Section        0  stm32l4xx_hal_rcc.o(i.HAL_RCC_GetHCLKFreq)
    i.HAL_RCC_GetPCLK1Freq                   0x08001860   Section        0  stm32l4xx_hal_rcc.o(i.HAL_RCC_GetPCLK1Freq)
    i.HAL_RCC_GetPCLK2Freq                   0x08001884   Section        0  stm32l4xx_hal_rcc.o(i.HAL_RCC_GetPCLK2Freq)
    i.HAL_RCC_GetSysClockFreq                0x080018a8   Section        0  stm32l4xx_hal_rcc.o(i.HAL_RCC_GetSysClockFreq)
    i.HAL_RCC_OscConfig                      0x08001994   Section        0  stm32l4xx_hal_rcc.o(i.HAL_RCC_OscConfig)
    i.HAL_RTCEx_AlarmBEventCallback          0x080020e4   Section        0  stm32l4xx_hal_rtc_ex.o(i.HAL_RTCEx_AlarmBEventCallback)
    i.HAL_RTC_AlarmAEventCallback            0x080020e6   Section        0  stm32l4xx_hal_rtc.o(i.HAL_RTC_AlarmAEventCallback)
    i.HAL_RTC_AlarmIRQHandler                0x080020e8   Section        0  stm32l4xx_hal_rtc.o(i.HAL_RTC_AlarmIRQHandler)
    i.HAL_RTC_Init                           0x08002154   Section        0  stm32l4xx_hal_rtc.o(i.HAL_RTC_Init)
    i.HAL_RTC_MspInit                        0x08002204   Section        0  stm32l4xx_hal_msp.o(i.HAL_RTC_MspInit)
    i.HAL_RTC_SetAlarm_IT                    0x0800225c   Section        0  stm32l4xx_hal_rtc.o(i.HAL_RTC_SetAlarm_IT)
    i.HAL_RTC_SetDate                        0x08002474   Section        0  stm32l4xx_hal_rtc.o(i.HAL_RTC_SetDate)
    i.HAL_RTC_SetTime                        0x08002540   Section        0  stm32l4xx_hal_rtc.o(i.HAL_RTC_SetTime)
    i.HAL_RTC_WaitForSynchro                 0x08002638   Section        0  stm32l4xx_hal_rtc.o(i.HAL_RTC_WaitForSynchro)
    i.HAL_SYSTICK_Config                     0x08002670   Section        0  stm32l4xx_hal_cortex.o(i.HAL_SYSTICK_Config)
    i.HAL_TIMEx_Break2Callback               0x080026a4   Section        0  stm32l4xx_hal_tim_ex.o(i.HAL_TIMEx_Break2Callback)
    i.HAL_TIMEx_BreakCallback                0x080026a6   Section        0  stm32l4xx_hal_tim_ex.o(i.HAL_TIMEx_BreakCallback)
    i.HAL_TIMEx_CommutCallback               0x080026a8   Section        0  stm32l4xx_hal_tim_ex.o(i.HAL_TIMEx_CommutCallback)
    i.HAL_TIMEx_MasterConfigSynchronization  0x080026ac   Section        0  stm32l4xx_hal_tim_ex.o(i.HAL_TIMEx_MasterConfigSynchronization)
    i.HAL_TIM_Base_Init                      0x08002740   Section        0  stm32l4xx_hal_tim.o(i.HAL_TIM_Base_Init)
    i.HAL_TIM_Base_MspInit                   0x080027b0   Section        0  stm32l4xx_hal_msp.o(i.HAL_TIM_Base_MspInit)
    i.HAL_TIM_Base_Start_IT                  0x080027f0   Section        0  stm32l4xx_hal_tim.o(i.HAL_TIM_Base_Start_IT)
    i.HAL_TIM_ConfigClockSource              0x08002874   Section        0  stm32l4xx_hal_tim.o(i.HAL_TIM_ConfigClockSource)
    i.HAL_TIM_IC_CaptureCallback             0x08002984   Section        0  stm32l4xx_hal_tim.o(i.HAL_TIM_IC_CaptureCallback)
    i.HAL_TIM_IRQHandler                     0x08002986   Section        0  stm32l4xx_hal_tim.o(i.HAL_TIM_IRQHandler)
    i.HAL_TIM_OC_DelayElapsedCallback        0x08002b3e   Section        0  stm32l4xx_hal_tim.o(i.HAL_TIM_OC_DelayElapsedCallback)
    i.HAL_TIM_PWM_PulseFinishedCallback      0x08002b40   Section        0  stm32l4xx_hal_tim.o(i.HAL_TIM_PWM_PulseFinishedCallback)
    i.HAL_TIM_PeriodElapsedCallback          0x08002b42   Section        0  main.o(i.HAL_TIM_PeriodElapsedCallback)
    i.HAL_TIM_TriggerCallback                0x08002b44   Section        0  stm32l4xx_hal_tim.o(i.HAL_TIM_TriggerCallback)
    i.HAL_UARTEx_RxEventCallback             0x08002b46   Section        0  stm32l4xx_hal_uart.o(i.HAL_UARTEx_RxEventCallback)
    i.HAL_UARTEx_WakeupCallback              0x08002b48   Section        0  stm32l4xx_hal_uart_ex.o(i.HAL_UARTEx_WakeupCallback)
    i.HAL_UART_ErrorCallback                 0x08002b4a   Section        0  stm32l4xx_hal_uart.o(i.HAL_UART_ErrorCallback)
    i.HAL_UART_IRQHandler                    0x08002b4c   Section        0  stm32l4xx_hal_uart.o(i.HAL_UART_IRQHandler)
    i.HAL_UART_Init                          0x08002e94   Section        0  stm32l4xx_hal_uart.o(i.HAL_UART_Init)
    i.HAL_UART_MspInit                       0x08002f08   Section        0  stm32l4xx_hal_msp.o(i.HAL_UART_MspInit)
    i.HAL_UART_Receive_IT                    0x080030b0   Section        0  stm32l4xx_hal_uart.o(i.HAL_UART_Receive_IT)
    i.HAL_UART_RxCpltCallback                0x08003120   Section        0  main.o(i.HAL_UART_RxCpltCallback)
    i.HAL_UART_Transmit                      0x080031b8   Section        0  stm32l4xx_hal_uart.o(i.HAL_UART_Transmit)
    i.HAL_UART_TxCpltCallback                0x08003290   Section        0  stm32l4xx_hal_uart.o(i.HAL_UART_TxCpltCallback)
    i.HardFault_Handler                      0x08003292   Section        0  stm32l4xx_it.o(i.HardFault_Handler)
    i.MX_GPIO_Init                           0x08003298   Section        0  main.o(i.MX_GPIO_Init)
    MX_GPIO_Init                             0x08003299   Thumb Code   184  main.o(i.MX_GPIO_Init)
    i.MX_RTC_Init                            0x0800335c   Section        0  main.o(i.MX_RTC_Init)
    MX_RTC_Init                              0x0800335d   Thumb Code   202  main.o(i.MX_RTC_Init)
    i.MX_TIM2_Init                           0x08003430   Section        0  main.o(i.MX_TIM2_Init)
    MX_TIM2_Init                             0x08003431   Thumb Code   106  main.o(i.MX_TIM2_Init)
    i.MX_UART4_Init                          0x080034a0   Section        0  main.o(i.MX_UART4_Init)
    MX_UART4_Init                            0x080034a1   Thumb Code    56  main.o(i.MX_UART4_Init)
    i.MX_USART1_UART_Init                    0x080034e0   Section        0  main.o(i.MX_USART1_UART_Init)
    MX_USART1_UART_Init                      0x080034e1   Thumb Code    56  main.o(i.MX_USART1_UART_Init)
    i.MX_USART3_UART_Init                    0x08003520   Section        0  main.o(i.MX_USART3_UART_Init)
    MX_USART3_UART_Init                      0x08003521   Thumb Code    56  main.o(i.MX_USART3_UART_Init)
    i.MemManage_Handler                      0x08003560   Section        0  stm32l4xx_it.o(i.MemManage_Handler)
    i.NMI_Handler                            0x08003564   Section        0  stm32l4xx_it.o(i.NMI_Handler)
    i.PendSV_Handler                         0x08003568   Section        0  stm32l4xx_it.o(i.PendSV_Handler)
    i.RCCEx_PLLSAI1_Config                   0x0800356c   Section        0  stm32l4xx_hal_rcc_ex.o(i.RCCEx_PLLSAI1_Config)
    RCCEx_PLLSAI1_Config                     0x0800356d   Thumb Code   376  stm32l4xx_hal_rcc_ex.o(i.RCCEx_PLLSAI1_Config)
    i.RCC_SetFlashLatencyFromMSIRange        0x080036f4   Section        0  stm32l4xx_hal_rcc.o(i.RCC_SetFlashLatencyFromMSIRange)
    RCC_SetFlashLatencyFromMSIRange          0x080036f5   Thumb Code   148  stm32l4xx_hal_rcc.o(i.RCC_SetFlashLatencyFromMSIRange)
    i.RTC_Alarm_IRQHandler                   0x08003790   Section        0  stm32l4xx_it.o(i.RTC_Alarm_IRQHandler)
    i.RTC_ByteToBcd2                         0x080037a0   Section        0  stm32l4xx_hal_rtc.o(i.RTC_ByteToBcd2)
    i.RTC_EnterInitMode                      0x080037bc   Section        0  stm32l4xx_hal_rtc.o(i.RTC_EnterInitMode)
    i.RTC_ExitInitMode                       0x08003800   Section        0  stm32l4xx_hal_rtc.o(i.RTC_ExitInitMode)
    i.SVC_Handler                            0x08003868   Section        0  stm32l4xx_it.o(i.SVC_Handler)
    i.SysTick_Handler                        0x0800386a   Section        0  stm32l4xx_it.o(i.SysTick_Handler)
    i.SystemClock_Config                     0x08003874   Section        0  main.o(i.SystemClock_Config)
    i.SystemInit                             0x08003908   Section        0  system_stm32l4xx.o(i.SystemInit)
    i.TIM2_IRQHandler                        0x0800391c   Section        0  stm32l4xx_it.o(i.TIM2_IRQHandler)
    i.TIM_Base_SetConfig                     0x0800392c   Section        0  stm32l4xx_hal_tim.o(i.TIM_Base_SetConfig)
    i.TIM_ETR_SetConfig                      0x080039b0   Section        0  stm32l4xx_hal_tim.o(i.TIM_ETR_SetConfig)
    i.TIM_ITRx_SetConfig                     0x080039c6   Section        0  stm32l4xx_hal_tim.o(i.TIM_ITRx_SetConfig)
    TIM_ITRx_SetConfig                       0x080039c7   Thumb Code    18  stm32l4xx_hal_tim.o(i.TIM_ITRx_SetConfig)
    i.TIM_TI1_ConfigInputStage               0x080039d8   Section        0  stm32l4xx_hal_tim.o(i.TIM_TI1_ConfigInputStage)
    TIM_TI1_ConfigInputStage                 0x080039d9   Thumb Code    38  stm32l4xx_hal_tim.o(i.TIM_TI1_ConfigInputStage)
    i.TIM_TI2_ConfigInputStage               0x080039fe   Section        0  stm32l4xx_hal_tim.o(i.TIM_TI2_ConfigInputStage)
    TIM_TI2_ConfigInputStage                 0x080039ff   Thumb Code    40  stm32l4xx_hal_tim.o(i.TIM_TI2_ConfigInputStage)
    i.UART1_GetData                          0x08003a28   Section        0  main.o(i.UART1_GetData)
    i.UART3_GetData                          0x08003a9c   Section        0  main.o(i.UART3_GetData)
    i.UART_AdvFeatureConfig                  0x08003b10   Section        0  stm32l4xx_hal_uart.o(i.UART_AdvFeatureConfig)
    i.UART_CheckIdleState                    0x08003c08   Section        0  stm32l4xx_hal_uart.o(i.UART_CheckIdleState)
    i.UART_DMAAbortOnError                   0x08003c7a   Section        0  stm32l4xx_hal_uart.o(i.UART_DMAAbortOnError)
    UART_DMAAbortOnError                     0x08003c7b   Thumb Code    24  stm32l4xx_hal_uart.o(i.UART_DMAAbortOnError)
    i.UART_EndRxTransfer                     0x08003c92   Section        0  stm32l4xx_hal_uart.o(i.UART_EndRxTransfer)
    UART_EndRxTransfer                       0x08003c93   Thumb Code   100  stm32l4xx_hal_uart.o(i.UART_EndRxTransfer)
    i.UART_EndTransmit_IT                    0x08003cf6   Section        0  stm32l4xx_hal_uart.o(i.UART_EndTransmit_IT)
    UART_EndTransmit_IT                      0x08003cf7   Thumb Code    46  stm32l4xx_hal_uart.o(i.UART_EndTransmit_IT)
    i.UART_RxISR_16BIT                       0x08003d24   Section        0  stm32l4xx_hal_uart.o(i.UART_RxISR_16BIT)
    UART_RxISR_16BIT                         0x08003d25   Thumb Code   204  stm32l4xx_hal_uart.o(i.UART_RxISR_16BIT)
    i.UART_RxISR_8BIT                        0x08003df0   Section        0  stm32l4xx_hal_uart.o(i.UART_RxISR_8BIT)
    UART_RxISR_8BIT                          0x08003df1   Thumb Code   200  stm32l4xx_hal_uart.o(i.UART_RxISR_8BIT)
    i.UART_SetConfig                         0x08003eb8   Section        0  stm32l4xx_hal_uart.o(i.UART_SetConfig)
    i.UART_Start_Receive_IT                  0x080041e8   Section        0  stm32l4xx_hal_uart.o(i.UART_Start_Receive_IT)
    i.UART_WaitOnFlagUntilTimeout            0x080042e4   Section        0  stm32l4xx_hal_uart.o(i.UART_WaitOnFlagUntilTimeout)
    i.USART1_IRQHandler                      0x080043dc   Section        0  stm32l4xx_it.o(i.USART1_IRQHandler)
    i.USART3_IRQHandler                      0x080043ec   Section        0  stm32l4xx_it.o(i.USART3_IRQHandler)
    i.UsageFault_Handler                     0x080043fc   Section        0  stm32l4xx_it.o(i.UsageFault_Handler)
    i.__NVIC_GetPriorityGrouping             0x08004400   Section        0  stm32l4xx_hal_cortex.o(i.__NVIC_GetPriorityGrouping)
    __NVIC_GetPriorityGrouping               0x08004401   Thumb Code    10  stm32l4xx_hal_cortex.o(i.__NVIC_GetPriorityGrouping)
    i.__NVIC_SetPriority                     0x08004410   Section        0  stm32l4xx_hal_cortex.o(i.__NVIC_SetPriority)
    __NVIC_SetPriority                       0x08004411   Thumb Code    32  stm32l4xx_hal_cortex.o(i.__NVIC_SetPriority)
    i.enable_Sim                             0x08004438   Section        0  main.o(i.enable_Sim)
    i.get_And_Send_Current_Time              0x08004488   Section        0  main.o(i.get_And_Send_Current_Time)
    i.handle_Check_Data_Module               0x08004734   Section        0  main.o(i.handle_Check_Data_Module)
    i.handle_Data_Module                     0x08004848   Section        0  main.o(i.handle_Data_Module)
    i.main                                   0x08004ac4   Section        0  main.o(i.main)
    x$fpl$dcmpinf                            0x08004b3c   Section       24  dcmpi.o(x$fpl$dcmpinf)
    $v0                                      0x08004b3c   Number         0  dcmpi.o(x$fpl$dcmpinf)
    x$fpl$ddiv                               0x08004b54   Section      688  ddiv.o(x$fpl$ddiv)
    $v0                                      0x08004b54   Number         0  ddiv.o(x$fpl$ddiv)
    ddiv_entry                               0x08004b5b   Thumb Code     0  ddiv.o(x$fpl$ddiv)
    x$fpl$dflt                               0x08004e04   Section       46  dflt_clz.o(x$fpl$dflt)
    $v0                                      0x08004e04   Number         0  dflt_clz.o(x$fpl$dflt)
    x$fpl$dfltu                              0x08004e32   Section       38  dflt_clz.o(x$fpl$dfltu)
    $v0                                      0x08004e32   Number         0  dflt_clz.o(x$fpl$dfltu)
    x$fpl$dleqf                              0x08004e58   Section      120  dleqf.o(x$fpl$dleqf)
    $v0                                      0x08004e58   Number         0  dleqf.o(x$fpl$dleqf)
    x$fpl$dnaninf                            0x08004ed0   Section      156  dnaninf.o(x$fpl$dnaninf)
    $v0                                      0x08004ed0   Number         0  dnaninf.o(x$fpl$dnaninf)
    x$fpl$dretinf                            0x08004f6c   Section       12  dretinf.o(x$fpl$dretinf)
    $v0                                      0x08004f6c   Number         0  dretinf.o(x$fpl$dretinf)
    x$fpl$drleqf                             0x08004f78   Section      108  drleqf.o(x$fpl$drleqf)
    $v0                                      0x08004f78   Number         0  drleqf.o(x$fpl$drleqf)
    x$fpl$fpinit                             0x08004fe4   Section       10  fpinit.o(x$fpl$fpinit)
    $v0                                      0x08004fe4   Number         0  fpinit.o(x$fpl$fpinit)
    x$fpl$usenofp                            0x08004fee   Section        0  usenofp.o(x$fpl$usenofp)
    .constdata                               0x08004ff0   Section       72  system_stm32l4xx.o(.constdata)
    .data                                    0x20000000   Section      104  main.o(.data)
    .data                                    0x20000068   Section        9  stm32l4xx_hal.o(.data)
    .data                                    0x20000074   Section        4  system_stm32l4xx.o(.data)
    .data                                    0x20000078   Section     1250  at_command.o(.data)
    .bss                                     0x2000055c   Section     5092  main.o(.bss)
    .bss                                     0x20001940   Section      140  at_command.o(.bss)
    .bss                                     0x200019cc   Section       96  libspace.o(.bss)
    HEAP                                     0x20001a30   Section      512  startup_stm32l452xx.o(HEAP)
    Heap_Mem                                 0x20001a30   Data         512  startup_stm32l452xx.o(HEAP)
    STACK                                    0x20001c30   Section     1024  startup_stm32l452xx.o(STACK)
    Stack_Mem                                0x20001c30   Data        1024  startup_stm32l452xx.o(STACK)
    __initial_sp                             0x20002030   Data           0  startup_stm32l452xx.o(STACK)

    Global Symbols

    Symbol Name                              Value     Ov Type        Size  Object(Section)

    BuildAttributes$$THM_ISAv4$E$P$D$K$B$S$7EM$VFPi3$EXTD16$VFPS$VFMA$PE$A:L22UL41UL21$X:L11$S22US41US21$IEEE1$IW$USESV6$~STKCKD$USESV7$~SHL$OSPACE$ROPI$EBA8$UX$STANDARDLIB$REQ8$PRES8$EABIv2 0x00000000   Number         0  anon$$obj.o ABSOLUTE
    __ARM_use_no_argv                        0x00000000   Number         0  main.o ABSOLUTE
    __ARM_exceptions_init                     - Undefined Weak Reference
    __alloca_initialize                       - Undefined Weak Reference
    __arm_fini_                               - Undefined Weak Reference
    __arm_preinit_                            - Undefined Weak Reference
    __cpp_initialize__aeabi_                  - Undefined Weak Reference
    __cxa_finalize                            - Undefined Weak Reference
    __rt_locale                               - Undefined Weak Reference
    __sigvec_lookup                           - Undefined Weak Reference
    _atexit_init                              - Undefined Weak Reference
    _call_atexit_fns                          - Undefined Weak Reference
    _clock_init                               - Undefined Weak Reference
    _fp_trap_init                             - Undefined Weak Reference
    _fp_trap_shutdown                         - Undefined Weak Reference
    _get_lc_collate                           - Undefined Weak Reference
    _get_lc_ctype                             - Undefined Weak Reference
    _get_lc_monetary                          - Undefined Weak Reference
    _get_lc_numeric                           - Undefined Weak Reference
    _get_lc_time                              - Undefined Weak Reference
    _getenv_init                              - Undefined Weak Reference
    _handle_redirection                       - Undefined Weak Reference
    _init_alloc                               - Undefined Weak Reference
    _init_user_alloc                          - Undefined Weak Reference
    _initio                                   - Undefined Weak Reference
    _rand_init                                - Undefined Weak Reference
    _signal_finish                            - Undefined Weak Reference
    _signal_init                              - Undefined Weak Reference
    _terminate_alloc                          - Undefined Weak Reference
    _terminate_user_alloc                     - Undefined Weak Reference
    _terminateio                              - Undefined Weak Reference
    __Vectors_Size                           0x00000194   Number         0  startup_stm32l452xx.o ABSOLUTE
    __Vectors                                0x08000000   Data           4  startup_stm32l452xx.o(RESET)
    __Vectors_End                            0x08000194   Data           0  startup_stm32l452xx.o(RESET)
    __main                                   0x08000195   Thumb Code     8  __main.o(!!!main)
    __scatterload                            0x0800019d   Thumb Code     0  __scatter.o(!!!scatter)
    __scatterload_rt2                        0x0800019d   Thumb Code    44  __scatter.o(!!!scatter)
    __scatterload_rt2_thumb_only             0x0800019d   Thumb Code     0  __scatter.o(!!!scatter)
    __scatterload_null                       0x080001ab   Thumb Code     0  __scatter.o(!!!scatter)
    __decompress                             0x080001d1   Thumb Code   100  __dclz77c.o(!!dclz77c)
    __decompress2                            0x080001d1   Thumb Code     0  __dclz77c.o(!!dclz77c)
    __scatterload_zeroinit                   0x08000235   Thumb Code    28  __scatter_zi.o(!!handler_zi)
    __rt_lib_init                            0x08000251   Thumb Code     0  libinit.o(.ARM.Collect$$libinit$$00000000)
    __rt_lib_init_fp_1                       0x08000253   Thumb Code     0  libinit2.o(.ARM.Collect$$libinit$$00000001)
    __rt_lib_init_alloca_1                   0x08000257   Thumb Code     0  libinit2.o(.ARM.Collect$$libinit$$0000002E)
    __rt_lib_init_argv_1                     0x08000257   Thumb Code     0  libinit2.o(.ARM.Collect$$libinit$$0000002C)
    __rt_lib_init_atexit_1                   0x08000257   Thumb Code     0  libinit2.o(.ARM.Collect$$libinit$$0000001B)
    __rt_lib_init_clock_1                    0x08000257   Thumb Code     0  libinit2.o(.ARM.Collect$$libinit$$00000021)
    __rt_lib_init_cpp_1                      0x08000257   Thumb Code     0  libinit2.o(.ARM.Collect$$libinit$$00000032)
    __rt_lib_init_exceptions_1               0x08000257   Thumb Code     0  libinit2.o(.ARM.Collect$$libinit$$00000030)
    __rt_lib_init_fp_trap_1                  0x08000257   Thumb Code     0  libinit2.o(.ARM.Collect$$libinit$$0000001F)
    __rt_lib_init_getenv_1                   0x08000257   Thumb Code     0  libinit2.o(.ARM.Collect$$libinit$$00000023)
    __rt_lib_init_heap_1                     0x08000257   Thumb Code     0  libinit2.o(.ARM.Collect$$libinit$$0000000A)
    __rt_lib_init_lc_collate_1               0x08000257   Thumb Code     0  libinit2.o(.ARM.Collect$$libinit$$00000011)
    __rt_lib_init_lc_ctype_1                 0x08000257   Thumb Code     0  libinit2.o(.ARM.Collect$$libinit$$00000013)
    __rt_lib_init_lc_monetary_1              0x08000257   Thumb Code     0  libinit2.o(.ARM.Collect$$libinit$$00000015)
    __rt_lib_init_lc_numeric_1               0x08000257   Thumb Code     0  libinit2.o(.ARM.Collect$$libinit$$00000017)
    __rt_lib_init_lc_time_1                  0x08000257   Thumb Code     0  libinit2.o(.ARM.Collect$$libinit$$00000019)
    __rt_lib_init_preinit_1                  0x08000257   Thumb Code     0  libinit2.o(.ARM.Collect$$libinit$$00000004)
    __rt_lib_init_rand_1                     0x08000257   Thumb Code     0  libinit2.o(.ARM.Collect$$libinit$$0000000E)
    __rt_lib_init_return                     0x08000257   Thumb Code     0  libinit2.o(.ARM.Collect$$libinit$$00000033)
    __rt_lib_init_signal_1                   0x08000257   Thumb Code     0  libinit2.o(.ARM.Collect$$libinit$$0000001D)
    __rt_lib_init_stdio_1                    0x08000257   Thumb Code     0  libinit2.o(.ARM.Collect$$libinit$$00000025)
    __rt_lib_init_user_alloc_1               0x08000257   Thumb Code     0  libinit2.o(.ARM.Collect$$libinit$$0000000C)
    __rt_lib_shutdown                        0x08000259   Thumb Code     0  libshutdown.o(.ARM.Collect$$libshutdown$$00000000)
    __rt_lib_shutdown_cpp_1                  0x0800025b   Thumb Code     0  libshutdown2.o(.ARM.Collect$$libshutdown$$00000004)
    __rt_lib_shutdown_fini_1                 0x0800025b   Thumb Code     0  libshutdown2.o(.ARM.Collect$$libshutdown$$00000002)
    __rt_lib_shutdown_fp_trap_1              0x0800025b   Thumb Code     0  libshutdown2.o(.ARM.Collect$$libshutdown$$00000009)
    __rt_lib_shutdown_heap_1                 0x0800025b   Thumb Code     0  libshutdown2.o(.ARM.Collect$$libshutdown$$00000011)
    __rt_lib_shutdown_return                 0x0800025b   Thumb Code     0  libshutdown2.o(.ARM.Collect$$libshutdown$$00000012)
    __rt_lib_shutdown_signal_1               0x0800025b   Thumb Code     0  libshutdown2.o(.ARM.Collect$$libshutdown$$0000000C)
    __rt_lib_shutdown_stdio_1                0x0800025b   Thumb Code     0  libshutdown2.o(.ARM.Collect$$libshutdown$$00000006)
    __rt_lib_shutdown_user_alloc_1           0x0800025b   Thumb Code     0  libshutdown2.o(.ARM.Collect$$libshutdown$$0000000E)
    __rt_entry                               0x0800025d   Thumb Code     0  __rtentry.o(.ARM.Collect$$rtentry$$00000000)
    __rt_entry_presh_1                       0x0800025d   Thumb Code     0  __rtentry2.o(.ARM.Collect$$rtentry$$00000002)
    __rt_entry_sh                            0x0800025d   Thumb Code     0  __rtentry4.o(.ARM.Collect$$rtentry$$00000004)
    __rt_entry_li                            0x08000263   Thumb Code     0  __rtentry2.o(.ARM.Collect$$rtentry$$0000000A)
    __rt_entry_postsh_1                      0x08000263   Thumb Code     0  __rtentry2.o(.ARM.Collect$$rtentry$$00000009)
    __rt_entry_main                          0x08000267   Thumb Code     0  __rtentry2.o(.ARM.Collect$$rtentry$$0000000D)
    __rt_entry_postli_1                      0x08000267   Thumb Code     0  __rtentry2.o(.ARM.Collect$$rtentry$$0000000C)
    __rt_exit                                0x0800026f   Thumb Code     0  rtexit.o(.ARM.Collect$$rtexit$$00000000)
    __rt_exit_ls                             0x08000271   Thumb Code     0  rtexit2.o(.ARM.Collect$$rtexit$$00000003)
    __rt_exit_prels_1                        0x08000271   Thumb Code     0  rtexit2.o(.ARM.Collect$$rtexit$$00000002)
    __rt_exit_exit                           0x08000275   Thumb Code     0  rtexit2.o(.ARM.Collect$$rtexit$$00000004)
    Reset_Handler                            0x0800027d   Thumb Code     8  startup_stm32l452xx.o(.text)
    ADC1_IRQHandler                          0x08000297   Thumb Code     0  startup_stm32l452xx.o(.text)
    CAN1_RX0_IRQHandler                      0x08000297   Thumb Code     0  startup_stm32l452xx.o(.text)
    CAN1_RX1_IRQHandler                      0x08000297   Thumb Code     0  startup_stm32l452xx.o(.text)
    CAN1_SCE_IRQHandler                      0x08000297   Thumb Code     0  startup_stm32l452xx.o(.text)
    CAN1_TX_IRQHandler                       0x08000297   Thumb Code     0  startup_stm32l452xx.o(.text)
    COMP_IRQHandler                          0x08000297   Thumb Code     0  startup_stm32l452xx.o(.text)
    CRS_IRQHandler                           0x08000297   Thumb Code     0  startup_stm32l452xx.o(.text)
    DFSDM1_FLT0_IRQHandler                   0x08000297   Thumb Code     0  startup_stm32l452xx.o(.text)
    DFSDM1_FLT1_IRQHandler                   0x08000297   Thumb Code     0  startup_stm32l452xx.o(.text)
    DMA1_Channel1_IRQHandler                 0x08000297   Thumb Code     0  startup_stm32l452xx.o(.text)
    DMA1_Channel2_IRQHandler                 0x08000297   Thumb Code     0  startup_stm32l452xx.o(.text)
    DMA1_Channel3_IRQHandler                 0x08000297   Thumb Code     0  startup_stm32l452xx.o(.text)
    DMA1_Channel4_IRQHandler                 0x08000297   Thumb Code     0  startup_stm32l452xx.o(.text)
    DMA1_Channel5_IRQHandler                 0x08000297   Thumb Code     0  startup_stm32l452xx.o(.text)
    DMA1_Channel6_IRQHandler                 0x08000297   Thumb Code     0  startup_stm32l452xx.o(.text)
    DMA1_Channel7_IRQHandler                 0x08000297   Thumb Code     0  startup_stm32l452xx.o(.text)
    DMA2_Channel1_IRQHandler                 0x08000297   Thumb Code     0  startup_stm32l452xx.o(.text)
    DMA2_Channel2_IRQHandler                 0x08000297   Thumb Code     0  startup_stm32l452xx.o(.text)
    DMA2_Channel3_IRQHandler                 0x08000297   Thumb Code     0  startup_stm32l452xx.o(.text)
    DMA2_Channel4_IRQHandler                 0x08000297   Thumb Code     0  startup_stm32l452xx.o(.text)
    DMA2_Channel5_IRQHandler                 0x08000297   Thumb Code     0  startup_stm32l452xx.o(.text)
    DMA2_Channel6_IRQHandler                 0x08000297   Thumb Code     0  startup_stm32l452xx.o(.text)
    DMA2_Channel7_IRQHandler                 0x08000297   Thumb Code     0  startup_stm32l452xx.o(.text)
    EXTI0_IRQHandler                         0x08000297   Thumb Code     0  startup_stm32l452xx.o(.text)
    EXTI15_10_IRQHandler                     0x08000297   Thumb Code     0  startup_stm32l452xx.o(.text)
    EXTI1_IRQHandler                         0x08000297   Thumb Code     0  startup_stm32l452xx.o(.text)
    EXTI2_IRQHandler                         0x08000297   Thumb Code     0  startup_stm32l452xx.o(.text)
    EXTI3_IRQHandler                         0x08000297   Thumb Code     0  startup_stm32l452xx.o(.text)
    EXTI4_IRQHandler                         0x08000297   Thumb Code     0  startup_stm32l452xx.o(.text)
    EXTI9_5_IRQHandler                       0x08000297   Thumb Code     0  startup_stm32l452xx.o(.text)
    FLASH_IRQHandler                         0x08000297   Thumb Code     0  startup_stm32l452xx.o(.text)
    FPU_IRQHandler                           0x08000297   Thumb Code     0  startup_stm32l452xx.o(.text)
    I2C1_ER_IRQHandler                       0x08000297   Thumb Code     0  startup_stm32l452xx.o(.text)
    I2C1_EV_IRQHandler                       0x08000297   Thumb Code     0  startup_stm32l452xx.o(.text)
    I2C2_ER_IRQHandler                       0x08000297   Thumb Code     0  startup_stm32l452xx.o(.text)
    I2C2_EV_IRQHandler                       0x08000297   Thumb Code     0  startup_stm32l452xx.o(.text)
    I2C3_ER_IRQHandler                       0x08000297   Thumb Code     0  startup_stm32l452xx.o(.text)
    I2C3_EV_IRQHandler                       0x08000297   Thumb Code     0  startup_stm32l452xx.o(.text)
    I2C4_ER_IRQHandler                       0x08000297   Thumb Code     0  startup_stm32l452xx.o(.text)
    I2C4_EV_IRQHandler                       0x08000297   Thumb Code     0  startup_stm32l452xx.o(.text)
    LPTIM1_IRQHandler                        0x08000297   Thumb Code     0  startup_stm32l452xx.o(.text)
    LPTIM2_IRQHandler                        0x08000297   Thumb Code     0  startup_stm32l452xx.o(.text)
    LPUART1_IRQHandler                       0x08000297   Thumb Code     0  startup_stm32l452xx.o(.text)
    PVD_PVM_IRQHandler                       0x08000297   Thumb Code     0  startup_stm32l452xx.o(.text)
    QUADSPI_IRQHandler                       0x08000297   Thumb Code     0  startup_stm32l452xx.o(.text)
    RCC_IRQHandler                           0x08000297   Thumb Code     0  startup_stm32l452xx.o(.text)
    RNG_IRQHandler                           0x08000297   Thumb Code     0  startup_stm32l452xx.o(.text)
    RTC_WKUP_IRQHandler                      0x08000297   Thumb Code     0  startup_stm32l452xx.o(.text)
    SAI1_IRQHandler                          0x08000297   Thumb Code     0  startup_stm32l452xx.o(.text)
    SDMMC1_IRQHandler                        0x08000297   Thumb Code     0  startup_stm32l452xx.o(.text)
    SPI1_IRQHandler                          0x08000297   Thumb Code     0  startup_stm32l452xx.o(.text)
    SPI2_IRQHandler                          0x08000297   Thumb Code     0  startup_stm32l452xx.o(.text)
    SPI3_IRQHandler                          0x08000297   Thumb Code     0  startup_stm32l452xx.o(.text)
    TAMP_STAMP_IRQHandler                    0x08000297   Thumb Code     0  startup_stm32l452xx.o(.text)
    TIM1_BRK_TIM15_IRQHandler                0x08000297   Thumb Code     0  startup_stm32l452xx.o(.text)
    TIM1_CC_IRQHandler                       0x08000297   Thumb Code     0  startup_stm32l452xx.o(.text)
    TIM1_TRG_COM_IRQHandler                  0x08000297   Thumb Code     0  startup_stm32l452xx.o(.text)
    TIM1_UP_TIM16_IRQHandler                 0x08000297   Thumb Code     0  startup_stm32l452xx.o(.text)
    TIM3_IRQHandler                          0x08000297   Thumb Code     0  startup_stm32l452xx.o(.text)
    TIM6_DAC_IRQHandler                      0x08000297   Thumb Code     0  startup_stm32l452xx.o(.text)
    TSC_IRQHandler                           0x08000297   Thumb Code     0  startup_stm32l452xx.o(.text)
    UART4_IRQHandler                         0x08000297   Thumb Code     0  startup_stm32l452xx.o(.text)
    USART2_IRQHandler                        0x08000297   Thumb Code     0  startup_stm32l452xx.o(.text)
    USB_IRQHandler                           0x08000297   Thumb Code     0  startup_stm32l452xx.o(.text)
    WWDG_IRQHandler                          0x08000297   Thumb Code     0  startup_stm32l452xx.o(.text)
    __user_initial_stackheap                 0x08000299   Thumb Code     0  startup_stm32l452xx.o(.text)
    __aeabi_uldivmod                         0x080002bd   Thumb Code     0  lludivv7m.o(.text)
    _ll_udiv                                 0x080002bd   Thumb Code   238  lludivv7m.o(.text)
    strlen                                   0x080003ab   Thumb Code    62  strlen.o(.text)
    __aeabi_memcpy                           0x080003e9   Thumb Code     0  rt_memcpy_v6.o(.text)
    __rt_memcpy                              0x080003e9   Thumb Code   138  rt_memcpy_v6.o(.text)
    _memcpy_lastbytes                        0x0800044f   Thumb Code     0  rt_memcpy_v6.o(.text)
    __aeabi_memcpy4                          0x08000473   Thumb Code     0  rt_memcpy_w.o(.text)
    __aeabi_memcpy8                          0x08000473   Thumb Code     0  rt_memcpy_w.o(.text)
    __rt_memcpy_w                            0x08000473   Thumb Code   100  rt_memcpy_w.o(.text)
    _memcpy_lastbytes_aligned                0x080004bb   Thumb Code     0  rt_memcpy_w.o(.text)
    __aeabi_memclr4                          0x080004d7   Thumb Code     0  rt_memclr_w.o(.text)
    __aeabi_memclr8                          0x080004d7   Thumb Code     0  rt_memclr_w.o(.text)
    __rt_memclr_w                            0x080004d7   Thumb Code    78  rt_memclr_w.o(.text)
    _memset_w                                0x080004db   Thumb Code     0  rt_memclr_w.o(.text)
    strcmp                                   0x08000525   Thumb Code   128  strcmpv7m.o(.text)
    __use_two_region_memory                  0x080005a5   Thumb Code     2  heapauxi.o(.text)
    __rt_heap_escrow$2region                 0x080005a7   Thumb Code     2  heapauxi.o(.text)
    __rt_heap_expand$2region                 0x080005a9   Thumb Code     2  heapauxi.o(.text)
    __user_setup_stackheap                   0x080005ab   Thumb Code    74  sys_stackheap_outer.o(.text)
    exit                                     0x080005f5   Thumb Code    18  exit.o(.text)
    __user_libspace                          0x08000609   Thumb Code     8  libspace.o(.text)
    __user_perproc_libspace                  0x08000609   Thumb Code     0  libspace.o(.text)
    __user_perthread_libspace                0x08000609   Thumb Code     0  libspace.o(.text)
    _sys_exit                                0x08000611   Thumb Code     8  sys_exit.o(.text)
    __I$use$semihosting                      0x0800061d   Thumb Code     0  use_no_semi.o(.text)
    __use_no_semihosting_swi                 0x0800061d   Thumb Code     2  use_no_semi.o(.text)
    __semihosting_library_function           0x0800061f   Thumb Code     0  indicate_semi.o(.text)
    AT_Init                                  0x08000621   Thumb Code  1754  at_command.o(i.AT_Init)
    BusFault_Handler                         0x08000d65   Thumb Code     4  stm32l4xx_it.o(i.BusFault_Handler)
    DebugMon_Handler                         0x08000d69   Thumb Code     2  stm32l4xx_it.o(i.DebugMon_Handler)
    Error_Handler                            0x08000d6b   Thumb Code     6  main.o(i.Error_Handler)
    HAL_DMA_Abort                            0x08000d71   Thumb Code    90  stm32l4xx_hal_dma.o(i.HAL_DMA_Abort)
    HAL_DMA_Abort_IT                         0x08000dcb   Thumb Code    92  stm32l4xx_hal_dma.o(i.HAL_DMA_Abort_IT)
    HAL_Delay                                0x08000e29   Thumb Code    36  stm32l4xx_hal.o(i.HAL_Delay)
    HAL_GPIO_Init                            0x08000e51   Thumb Code   418  stm32l4xx_hal_gpio.o(i.HAL_GPIO_Init)
    HAL_GPIO_TogglePin                       0x08001011   Thumb Code    20  stm32l4xx_hal_gpio.o(i.HAL_GPIO_TogglePin)
    HAL_GPIO_WritePin                        0x08001025   Thumb Code    10  stm32l4xx_hal_gpio.o(i.HAL_GPIO_WritePin)
    HAL_GetTick                              0x08001031   Thumb Code     6  stm32l4xx_hal.o(i.HAL_GetTick)
    HAL_IncTick                              0x0800103d   Thumb Code    16  stm32l4xx_hal.o(i.HAL_IncTick)
    HAL_Init                                 0x08001055   Thumb Code    30  stm32l4xx_hal.o(i.HAL_Init)
    HAL_InitTick                             0x08001075   Thumb Code    74  stm32l4xx_hal.o(i.HAL_InitTick)
    HAL_MspInit                              0x080010cd   Thumb Code    58  stm32l4xx_hal_msp.o(i.HAL_MspInit)
    HAL_NVIC_EnableIRQ                       0x0800110d   Thumb Code    40  stm32l4xx_hal_cortex.o(i.HAL_NVIC_EnableIRQ)
    HAL_NVIC_SetPriority                     0x08001135   Thumb Code   124  stm32l4xx_hal_cortex.o(i.HAL_NVIC_SetPriority)
    HAL_NVIC_SetPriorityGrouping             0x080011b9   Thumb Code    32  stm32l4xx_hal_cortex.o(i.HAL_NVIC_SetPriorityGrouping)
    HAL_PWREx_ControlVoltageScaling          0x080011e1   Thumb Code   128  stm32l4xx_hal_pwr_ex.o(i.HAL_PWREx_ControlVoltageScaling)
    HAL_PWREx_GetVoltageRange                0x0800126d   Thumb Code    10  stm32l4xx_hal_pwr_ex.o(i.HAL_PWREx_GetVoltageRange)
    HAL_PWR_EnableBkUpAccess                 0x0800127d   Thumb Code    14  stm32l4xx_hal_pwr.o(i.HAL_PWR_EnableBkUpAccess)
    HAL_RCCEx_PeriphCLKConfig                0x08001291   Thumb Code  1040  stm32l4xx_hal_rcc_ex.o(i.HAL_RCCEx_PeriphCLKConfig)
    HAL_RCC_ClockConfig                      0x080016a1   Thumb Code   414  stm32l4xx_hal_rcc.o(i.HAL_RCC_ClockConfig)
    HAL_RCC_GetHCLKFreq                      0x08001855   Thumb Code     6  stm32l4xx_hal_rcc.o(i.HAL_RCC_GetHCLKFreq)
    HAL_RCC_GetPCLK1Freq                     0x08001861   Thumb Code    26  stm32l4xx_hal_rcc.o(i.HAL_RCC_GetPCLK1Freq)
    HAL_RCC_GetPCLK2Freq                     0x08001885   Thumb Code    26  stm32l4xx_hal_rcc.o(i.HAL_RCC_GetPCLK2Freq)
    HAL_RCC_GetSysClockFreq                  0x080018a9   Thumb Code   220  stm32l4xx_hal_rcc.o(i.HAL_RCC_GetSysClockFreq)
    HAL_RCC_OscConfig                        0x08001995   Thumb Code  1856  stm32l4xx_hal_rcc.o(i.HAL_RCC_OscConfig)
    HAL_RTCEx_AlarmBEventCallback            0x080020e5   Thumb Code     2  stm32l4xx_hal_rtc_ex.o(i.HAL_RTCEx_AlarmBEventCallback)
    HAL_RTC_AlarmAEventCallback              0x080020e7   Thumb Code     2  stm32l4xx_hal_rtc.o(i.HAL_RTC_AlarmAEventCallback)
    HAL_RTC_AlarmIRQHandler                  0x080020e9   Thumb Code   104  stm32l4xx_hal_rtc.o(i.HAL_RTC_AlarmIRQHandler)
    HAL_RTC_Init                             0x08002155   Thumb Code   170  stm32l4xx_hal_rtc.o(i.HAL_RTC_Init)
    HAL_RTC_MspInit                          0x08002205   Thumb Code    80  stm32l4xx_hal_msp.o(i.HAL_RTC_MspInit)
    HAL_RTC_SetAlarm_IT                      0x0800225d   Thumb Code   530  stm32l4xx_hal_rtc.o(i.HAL_RTC_SetAlarm_IT)
    HAL_RTC_SetDate                          0x08002475   Thumb Code   198  stm32l4xx_hal_rtc.o(i.HAL_RTC_SetDate)
    HAL_RTC_SetTime                          0x08002541   Thumb Code   244  stm32l4xx_hal_rtc.o(i.HAL_RTC_SetTime)
    HAL_RTC_WaitForSynchro                   0x08002639   Thumb Code    56  stm32l4xx_hal_rtc.o(i.HAL_RTC_WaitForSynchro)
    HAL_SYSTICK_Config                       0x08002671   Thumb Code    52  stm32l4xx_hal_cortex.o(i.HAL_SYSTICK_Config)
    HAL_TIMEx_Break2Callback                 0x080026a5   Thumb Code     2  stm32l4xx_hal_tim_ex.o(i.HAL_TIMEx_Break2Callback)
    HAL_TIMEx_BreakCallback                  0x080026a7   Thumb Code     2  stm32l4xx_hal_tim_ex.o(i.HAL_TIMEx_BreakCallback)
    HAL_TIMEx_CommutCallback                 0x080026a9   Thumb Code     2  stm32l4xx_hal_tim_ex.o(i.HAL_TIMEx_CommutCallback)
    HAL_TIMEx_MasterConfigSynchronization    0x080026ad   Thumb Code   134  stm32l4xx_hal_tim_ex.o(i.HAL_TIMEx_MasterConfigSynchronization)
    HAL_TIM_Base_Init                        0x08002741   Thumb Code   110  stm32l4xx_hal_tim.o(i.HAL_TIM_Base_Init)
    HAL_TIM_Base_MspInit                     0x080027b1   Thumb Code    58  stm32l4xx_hal_msp.o(i.HAL_TIM_Base_MspInit)
    HAL_TIM_Base_Start_IT                    0x080027f1   Thumb Code   114  stm32l4xx_hal_tim.o(i.HAL_TIM_Base_Start_IT)
    HAL_TIM_ConfigClockSource                0x08002875   Thumb Code   268  stm32l4xx_hal_tim.o(i.HAL_TIM_ConfigClockSource)
    HAL_TIM_IC_CaptureCallback               0x08002985   Thumb Code     2  stm32l4xx_hal_tim.o(i.HAL_TIM_IC_CaptureCallback)
    HAL_TIM_IRQHandler                       0x08002987   Thumb Code   440  stm32l4xx_hal_tim.o(i.HAL_TIM_IRQHandler)
    HAL_TIM_OC_DelayElapsedCallback          0x08002b3f   Thumb Code     2  stm32l4xx_hal_tim.o(i.HAL_TIM_OC_DelayElapsedCallback)
    HAL_TIM_PWM_PulseFinishedCallback        0x08002b41   Thumb Code     2  stm32l4xx_hal_tim.o(i.HAL_TIM_PWM_PulseFinishedCallback)
    HAL_TIM_PeriodElapsedCallback            0x08002b43   Thumb Code     2  main.o(i.HAL_TIM_PeriodElapsedCallback)
    HAL_TIM_TriggerCallback                  0x08002b45   Thumb Code     2  stm32l4xx_hal_tim.o(i.HAL_TIM_TriggerCallback)
    HAL_UARTEx_RxEventCallback               0x08002b47   Thumb Code     2  stm32l4xx_hal_uart.o(i.HAL_UARTEx_RxEventCallback)
    HAL_UARTEx_WakeupCallback                0x08002b49   Thumb Code     2  stm32l4xx_hal_uart_ex.o(i.HAL_UARTEx_WakeupCallback)
    HAL_UART_ErrorCallback                   0x08002b4b   Thumb Code     2  stm32l4xx_hal_uart.o(i.HAL_UART_ErrorCallback)
    HAL_UART_IRQHandler                      0x08002b4d   Thumb Code   832  stm32l4xx_hal_uart.o(i.HAL_UART_IRQHandler)
    HAL_UART_Init                            0x08002e95   Thumb Code   116  stm32l4xx_hal_uart.o(i.HAL_UART_Init)
    HAL_UART_MspInit                         0x08002f09   Thumb Code   400  stm32l4xx_hal_msp.o(i.HAL_UART_MspInit)
    HAL_UART_Receive_IT                      0x080030b1   Thumb Code   108  stm32l4xx_hal_uart.o(i.HAL_UART_Receive_IT)
    HAL_UART_RxCpltCallback                  0x08003121   Thumb Code   110  main.o(i.HAL_UART_RxCpltCallback)
    HAL_UART_Transmit                        0x080031b9   Thumb Code   210  stm32l4xx_hal_uart.o(i.HAL_UART_Transmit)
    HAL_UART_TxCpltCallback                  0x08003291   Thumb Code     2  stm32l4xx_hal_uart.o(i.HAL_UART_TxCpltCallback)
    HardFault_Handler                        0x08003293   Thumb Code     4  stm32l4xx_it.o(i.HardFault_Handler)
    MemManage_Handler                        0x08003561   Thumb Code     4  stm32l4xx_it.o(i.MemManage_Handler)
    NMI_Handler                              0x08003565   Thumb Code     4  stm32l4xx_it.o(i.NMI_Handler)
    PendSV_Handler                           0x08003569   Thumb Code     2  stm32l4xx_it.o(i.PendSV_Handler)
    RTC_Alarm_IRQHandler                     0x08003791   Thumb Code    10  stm32l4xx_it.o(i.RTC_Alarm_IRQHandler)
    RTC_ByteToBcd2                           0x080037a1   Thumb Code    28  stm32l4xx_hal_rtc.o(i.RTC_ByteToBcd2)
    RTC_EnterInitMode                        0x080037bd   Thumb Code    68  stm32l4xx_hal_rtc.o(i.RTC_EnterInitMode)
    RTC_ExitInitMode                         0x08003801   Thumb Code    98  stm32l4xx_hal_rtc.o(i.RTC_ExitInitMode)
    SVC_Handler                              0x08003869   Thumb Code     2  stm32l4xx_it.o(i.SVC_Handler)
    SysTick_Handler                          0x0800386b   Thumb Code     8  stm32l4xx_it.o(i.SysTick_Handler)
    SystemClock_Config                       0x08003875   Thumb Code   142  main.o(i.SystemClock_Config)
    SystemInit                               0x08003909   Thumb Code    14  system_stm32l4xx.o(i.SystemInit)
    TIM2_IRQHandler                          0x0800391d   Thumb Code    10  stm32l4xx_it.o(i.TIM2_IRQHandler)
    TIM_Base_SetConfig                       0x0800392d   Thumb Code   116  stm32l4xx_hal_tim.o(i.TIM_Base_SetConfig)
    TIM_ETR_SetConfig                        0x080039b1   Thumb Code    22  stm32l4xx_hal_tim.o(i.TIM_ETR_SetConfig)
    UART1_GetData                            0x08003a29   Thumb Code   100  main.o(i.UART1_GetData)
    UART3_GetData                            0x08003a9d   Thumb Code   100  main.o(i.UART3_GetData)
    UART_AdvFeatureConfig                    0x08003b11   Thumb Code   248  stm32l4xx_hal_uart.o(i.UART_AdvFeatureConfig)
    UART_CheckIdleState                      0x08003c09   Thumb Code   114  stm32l4xx_hal_uart.o(i.UART_CheckIdleState)
    UART_SetConfig                           0x08003eb9   Thumb Code   776  stm32l4xx_hal_uart.o(i.UART_SetConfig)
    UART_Start_Receive_IT                    0x080041e9   Thumb Code   242  stm32l4xx_hal_uart.o(i.UART_Start_Receive_IT)
    UART_WaitOnFlagUntilTimeout              0x080042e5   Thumb Code   248  stm32l4xx_hal_uart.o(i.UART_WaitOnFlagUntilTimeout)
    USART1_IRQHandler                        0x080043dd   Thumb Code    10  stm32l4xx_it.o(i.USART1_IRQHandler)
    USART3_IRQHandler                        0x080043ed   Thumb Code    10  stm32l4xx_it.o(i.USART3_IRQHandler)
    UsageFault_Handler                       0x080043fd   Thumb Code     4  stm32l4xx_it.o(i.UsageFault_Handler)
    enable_Sim                               0x08004439   Thumb Code    70  main.o(i.enable_Sim)
    get_And_Send_Current_Time                0x08004489   Thumb Code   606  main.o(i.get_And_Send_Current_Time)
    handle_Check_Data_Module                 0x08004735   Thumb Code   238  main.o(i.handle_Check_Data_Module)
    handle_Data_Module                       0x08004849   Thumb Code   566  main.o(i.handle_Data_Module)
    main                                     0x08004ac5   Thumb Code    88  main.o(i.main)
    __fpl_dcmp_Inf                           0x08004b3d   Thumb Code    24  dcmpi.o(x$fpl$dcmpinf)
    __aeabi_ddiv                             0x08004b55   Thumb Code     0  ddiv.o(x$fpl$ddiv)
    _ddiv                                    0x08004b55   Thumb Code   552  ddiv.o(x$fpl$ddiv)
    __aeabi_i2d                              0x08004e05   Thumb Code     0  dflt_clz.o(x$fpl$dflt)
    _dflt                                    0x08004e05   Thumb Code    46  dflt_clz.o(x$fpl$dflt)
    __aeabi_ui2d                             0x08004e33   Thumb Code     0  dflt_clz.o(x$fpl$dfltu)
    _dfltu                                   0x08004e33   Thumb Code    38  dflt_clz.o(x$fpl$dfltu)
    __aeabi_cdcmple                          0x08004e59   Thumb Code     0  dleqf.o(x$fpl$dleqf)
    _dcmple                                  0x08004e59   Thumb Code   120  dleqf.o(x$fpl$dleqf)
    __fpl_dcmple_InfNaN                      0x08004ebb   Thumb Code     0  dleqf.o(x$fpl$dleqf)
    __fpl_dnaninf                            0x08004ed1   Thumb Code   156  dnaninf.o(x$fpl$dnaninf)
    __fpl_dretinf                            0x08004f6d   Thumb Code    12  dretinf.o(x$fpl$dretinf)
    __aeabi_cdrcmple                         0x08004f79   Thumb Code     0  drleqf.o(x$fpl$drleqf)
    _drcmple                                 0x08004f79   Thumb Code   108  drleqf.o(x$fpl$drleqf)
    _fp_init                                 0x08004fe5   Thumb Code    10  fpinit.o(x$fpl$fpinit)
    __fplib_config_fpu_vfp                   0x08004fed   Thumb Code     0  fpinit.o(x$fpl$fpinit)
    __fplib_config_pureend_doubles           0x08004fed   Thumb Code     0  fpinit.o(x$fpl$fpinit)
    __I$use$fp                               0x08004fee   Number         0  usenofp.o(x$fpl$usenofp)
    AHBPrescTable                            0x08004ff0   Data          16  system_stm32l4xx.o(.constdata)
    APBPrescTable                            0x08005000   Data           8  system_stm32l4xx.o(.constdata)
    MSIRangeTable                            0x08005008   Data          48  system_stm32l4xx.o(.constdata)
    Region$$Table$$Base                      0x08005038   Number         0  anon$$obj.o(Region$$Table)
    Region$$Table$$Limit                     0x08005058   Number         0  anon$$obj.o(Region$$Table)
    sDate                                    0x20000000   Data           4  main.o(.data)
    current_Number_Of_Check_Module_List      0x20000004   Data           1  main.o(.data)
    UART1_Rx                                 0x20000005   Data           1  main.o(.data)
    UART1_Rx_Couter_Data                     0x20000008   Data           4  main.o(.data)
    UART1_Couter_Data_Interruption           0x2000000c   Data           4  main.o(.data)
    UART1_Number_Data_Interruption           0x20000010   Data           4  main.o(.data)
    UART3_Rx                                 0x20000014   Data           1  main.o(.data)
    UART3_Rx_Couter_Data                     0x20000018   Data           4  main.o(.data)
    UART3_Couter_Data_Interruption           0x2000001c   Data           4  main.o(.data)
    UART3_Number_Data_Interruption           0x20000020   Data           4  main.o(.data)
    variable_Check_Is_Done                   0x20000024   Data           4  main.o(.data)
    IP_Address                               0x20000028   Data          14  main.o(.data)
    IP_Port                                  0x20000036   Data           5  main.o(.data)
    check_Mode                               0x2000003b   Data           5  main.o(.data)
    number_buffer                            0x20000040   Data           4  main.o(.data)
    time_template                            0x20000044   Data           4  main.o(.data)
    old_time_get_data                        0x20000048   Data           4  main.o(.data)
    old_time_send_data                       0x2000004c   Data           4  main.o(.data)
    Message                                  0x20000050   Data          10  main.o(.data)
    get_data_time                            0x2000005c   Data           4  main.o(.data)
    end_String                               0x20000060   Data           3  main.o(.data)
    couter_Message                           0x20000064   Data           4  main.o(.data)
    uwTick                                   0x20000068   Data           4  stm32l4xx_hal.o(.data)
    uwTickPrio                               0x2000006c   Data           4  stm32l4xx_hal.o(.data)
    uwTickFreq                               0x20000070   Data           1  stm32l4xx_hal.o(.data)
    SystemCoreClock                          0x20000074   Data           4  system_stm32l4xx.o(.data)
    AT_Send_Check_Module                     0x20000078   Data           5  at_command.o(.data)
    send_Checking_Module                     0x2000007d   Data          22  at_command.o(.data)
    send_Check_Module_Error                  0x20000093   Data          21  at_command.o(.data)
    send_Check_Module_Ok                     0x200000a8   Data          18  at_command.o(.data)
    AT_Send_Check_Sim                        0x200000ba   Data          11  at_command.o(.data)
    send_Checking_Sim                        0x200000c5   Data          15  at_command.o(.data)
    send_Check_Sim_Error                     0x200000d4   Data          18  at_command.o(.data)
    send_Check_Sim_Ok                        0x200000e6   Data          15  at_command.o(.data)
    AT_Send_Check_Signal                     0x200000f5   Data           9  at_command.o(.data)
    send_Checking_Signal                     0x200000fe   Data          18  at_command.o(.data)
    send_Check_Signal_Error                  0x20000110   Data          21  at_command.o(.data)
    send_Check_Signal_Ok                     0x20000125   Data          18  at_command.o(.data)
    AT_Send_Check_Subscribe                  0x20000137   Data          11  at_command.o(.data)
    send_Checking_Subscribe                  0x20000142   Data          21  at_command.o(.data)
    send_Check_Subscribe_Error               0x20000157   Data          24  at_command.o(.data)
    send_Check_Subscribe_Ok                  0x2000016f   Data          21  at_command.o(.data)
    AT_Send_Check_GPRS                       0x20000184   Data          12  at_command.o(.data)
    send_Checking_GPRS                       0x20000190   Data          16  at_command.o(.data)
    send_Check_GPRS_Error                    0x200001a0   Data          19  at_command.o(.data)
    send_Check_GPRS_Ok                       0x200001b3   Data          16  at_command.o(.data)
    AT_Send_Set_Timeout                      0x200001c3   Data          40  at_command.o(.data)
    send_Setting_Timeout                     0x200001eb   Data          18  at_command.o(.data)
    send_Set_Timeout_Error                   0x200001fd   Data          20  at_command.o(.data)
    send_Set_Timeout_Ok                      0x20000211   Data          17  at_command.o(.data)
    AT_Send_Set_Transmit_Mode                0x20000222   Data          15  at_command.o(.data)
    send_Setting_Transmit_Mode               0x20000231   Data          24  at_command.o(.data)
    send_Set_Transmit_Mode_Error             0x20000249   Data          26  at_command.o(.data)
    send_Set_Transmit_Mode_Ok                0x20000263   Data          23  at_command.o(.data)
    AT_Send_Check_Net_Open                   0x2000027a   Data          13  at_command.o(.data)
    send_Checking_Net_Open                   0x20000287   Data          20  at_command.o(.data)
    send_Check_Net_Open_Error                0x2000029b   Data          23  at_command.o(.data)
    send_Check_Net_Open_Ok                   0x200002b2   Data          20  at_command.o(.data)
    AT_Send_Check_IP                         0x200002c6   Data          12  at_command.o(.data)
    send_Checking_IP                         0x200002d2   Data          14  at_command.o(.data)
    send_Check_IP_Error                      0x200002e0   Data          17  at_command.o(.data)
    send_Check_IP_Ok                         0x200002f1   Data          14  at_command.o(.data)
    AT_Send_Set_Receive_Mode                 0x200002ff   Data          18  at_command.o(.data)
    send_Setting_Receive_Mode                0x20000311   Data          23  at_command.o(.data)
    send_Set_Receive_Mode_Error              0x20000328   Data          25  at_command.o(.data)
    send_Set_Receive_Mode_Ok                 0x20000341   Data          22  at_command.o(.data)
    AT_Send_Transmit_Data_To_TCP             0x20000357   Data          17  at_command.o(.data)
    send_Transmiting_Data_To_TCP             0x20000368   Data          26  at_command.o(.data)
    send_Transmit_Data_To_TCP_Error          0x20000382   Data          29  at_command.o(.data)
    send_Transmit_Data_To_TCP_Ok             0x2000039f   Data          22  at_command.o(.data)
    AT_Send_Get_Current_Time                 0x200003b5   Data          11  at_command.o(.data)
    code_TCP_First                           0x200003c0   Data          21  at_command.o(.data)
    code_TCP_Center                          0x200003d5   Data           3  at_command.o(.data)
    code_TCP_Final                           0x200003d8   Data           5  at_command.o(.data)
    send_Connecting_TCP_Server               0x200003dd   Data          24  at_command.o(.data)
    send_Connect_TCP_Server_Error            0x200003f5   Data          27  at_command.o(.data)
    send_Connect_TCP_Server_Ok               0x20000410   Data          24  at_command.o(.data)
    AT_Send_Check_Connect_TCP                0x20000428   Data          17  at_command.o(.data)
    send_Checking_Connect_TCP                0x20000439   Data          22  at_command.o(.data)
    send_Check_Connect_TCP_Error             0x2000044f   Data          25  at_command.o(.data)
    send_Check_Connect_TCP_Ok                0x20000468   Data          32  at_command.o(.data)
    AT_Send_Close_Connect_TCP_Server         0x20000488   Data          16  at_command.o(.data)
    send_Close_Connect_TCP_Server            0x20000498   Data          30  at_command.o(.data)
    send_Close_Connect_TCP_Server_Error      0x200004b6   Data          33  at_command.o(.data)
    send_Close_Connect_TCP_Server_Ok         0x200004d7   Data          30  at_command.o(.data)
    AT_Send_Set_Net_Close                    0x200004f5   Data          14  at_command.o(.data)
    send_Setting_Net_Close                   0x20000503   Data          28  at_command.o(.data)
    send_Set_Net_Close_Error                 0x2000051f   Data          31  at_command.o(.data)
    send_Set_Net_Close_Ok                    0x2000053e   Data          28  at_command.o(.data)
    hrtc                                     0x2000055c   Data          36  main.o(.bss)
    htim2                                    0x20000580   Data          76  main.o(.bss)
    huart4                                   0x200005cc   Data         132  main.o(.bss)
    huart1                                   0x20000650   Data         132  main.o(.bss)
    huart3                                   0x200006d4   Data         132  main.o(.bss)
    sTime                                    0x20000758   Data          20  main.o(.bss)
    AT_Check_Module                          0x2000076c   Data         204  main.o(.bss)
    AT_Check_Sim                             0x20000838   Data         204  main.o(.bss)
    AT_Check_Signal                          0x20000904   Data         204  main.o(.bss)
    AT_Check_Subscribe                       0x200009d0   Data         204  main.o(.bss)
    AT_Check_GPRS                            0x20000a9c   Data         204  main.o(.bss)
    AT_Set_Timeout                           0x20000b68   Data         204  main.o(.bss)
    AT_Set_Transmit_Mode                     0x20000c34   Data         204  main.o(.bss)
    AT_Check_Net_Open                        0x20000d00   Data         204  main.o(.bss)
    AT_Check_IP                              0x20000dcc   Data         204  main.o(.bss)
    AT_Set_Receive_Mode                      0x20000e98   Data         204  main.o(.bss)
    AT_Get_Current_Time                      0x20000f64   Data         204  main.o(.bss)
    AT_Transmit_Data_To_TCP                  0x20001030   Data         204  main.o(.bss)
    AT_Connect_TCP_Server                    0x200010fc   Data         204  main.o(.bss)
    AT_Check_Connect_TCP                     0x200011c8   Data         204  main.o(.bss)
    AT_Close_Connect_TCP_Server              0x20001294   Data         204  main.o(.bss)
    AT_Set_Net_Close                         0x20001360   Data         204  main.o(.bss)
    UART1_Rx_Data_buffer                     0x2000142c   Data         100  main.o(.bss)
    UART1_Rx_Data                            0x20001490   Data         100  main.o(.bss)
    UART3_Rx_Data_buffer                     0x200014f4   Data         100  main.o(.bss)
    UART3_Rx_Data                            0x20001558   Data         100  main.o(.bss)
    uart1_rx                                 0x200015bc   Data         100  main.o(.bss)
    send_Data_buffer                         0x20001620   Data         100  main.o(.bss)
    working_buffer                           0x20001684   Data         100  main.o(.bss)
    error_buffer                             0x200016e8   Data         100  main.o(.bss)
    ready_buffer                             0x2000174c   Data         100  main.o(.bss)
    code_Send                                0x200017b0   Data         100  main.o(.bss)
    data_time_to_send                        0x20001814   Data         100  main.o(.bss)
    data_time_of_sim                         0x20001878   Data         100  main.o(.bss)
    send_time                                0x200018dc   Data         100  main.o(.bss)
    set_Connect_TCP                          0x20001940   Data          50  at_command.o(.bss)
    code_TCP_IP                              0x20001972   Data          20  at_command.o(.bss)
    code_TCP_Port                            0x20001986   Data          20  at_command.o(.bss)
    AT_Send_Connect_TCP_Server               0x2000199a   Data          50  at_command.o(.bss)
    __libspace_start                         0x200019cc   Data          96  libspace.o(.bss)
    __temporary_stack_top$libspace           0x20001a2c   Data           0  libspace.o(.bss)



==============================================================================

Memory Map of the image

  Image Entry point : 0x08000195

  Load Region LR_IROM1 (Base: 0x08000000, Size: 0x000055b4, Max: 0x00080000, ABSOLUTE, COMPRESSED[0x00005274])

    Execution Region ER_IROM1 (Exec base: 0x08000000, Load base: 0x08000000, Size: 0x00005058, Max: 0x00080000, ABSOLUTE)

    Exec Addr    Load Addr    Size         Type   Attr      Idx    E Section Name        Object

    0x08000000   0x08000000   0x00000194   Data   RO            3    RESET               startup_stm32l452xx.o
    0x08000194   0x08000194   0x00000008   Code   RO         4421  * !!!main             c_w.l(__main.o)
    0x0800019c   0x0800019c   0x00000034   Code   RO         4613    !!!scatter          c_w.l(__scatter.o)
    0x080001d0   0x080001d0   0x00000064   Code   RO         4611    !!dclz77c           c_w.l(__dclz77c.o)
    0x08000234   0x08000234   0x0000001c   Code   RO         4615    !!handler_zi        c_w.l(__scatter_zi.o)
    0x08000250   0x08000250   0x00000002   Code   RO         4479    .ARM.Collect$$libinit$$00000000  c_w.l(libinit.o)
    0x08000252   0x08000252   0x00000004   Code   RO         4491    .ARM.Collect$$libinit$$00000001  c_w.l(libinit2.o)
    0x08000256   0x08000256   0x00000000   Code   RO         4494    .ARM.Collect$$libinit$$00000004  c_w.l(libinit2.o)
    0x08000256   0x08000256   0x00000000   Code   RO         4497    .ARM.Collect$$libinit$$0000000A  c_w.l(libinit2.o)
    0x08000256   0x08000256   0x00000000   Code   RO         4499    .ARM.Collect$$libinit$$0000000C  c_w.l(libinit2.o)
    0x08000256   0x08000256   0x00000000   Code   RO         4501    .ARM.Collect$$libinit$$0000000E  c_w.l(libinit2.o)
    0x08000256   0x08000256   0x00000000   Code   RO         4504    .ARM.Collect$$libinit$$00000011  c_w.l(libinit2.o)
    0x08000256   0x08000256   0x00000000   Code   RO         4506    .ARM.Collect$$libinit$$00000013  c_w.l(libinit2.o)
    0x08000256   0x08000256   0x00000000   Code   RO         4508    .ARM.Collect$$libinit$$00000015  c_w.l(libinit2.o)
    0x08000256   0x08000256   0x00000000   Code   RO         4510    .ARM.Collect$$libinit$$00000017  c_w.l(libinit2.o)
    0x08000256   0x08000256   0x00000000   Code   RO         4512    .ARM.Collect$$libinit$$00000019  c_w.l(libinit2.o)
    0x08000256   0x08000256   0x00000000   Code   RO         4514    .ARM.Collect$$libinit$$0000001B  c_w.l(libinit2.o)
    0x08000256   0x08000256   0x00000000   Code   RO         4516    .ARM.Collect$$libinit$$0000001D  c_w.l(libinit2.o)
    0x08000256   0x08000256   0x00000000   Code   RO         4518    .ARM.Collect$$libinit$$0000001F  c_w.l(libinit2.o)
    0x08000256   0x08000256   0x00000000   Code   RO         4520    .ARM.Collect$$libinit$$00000021  c_w.l(libinit2.o)
    0x08000256   0x08000256   0x00000000   Code   RO         4522    .ARM.Collect$$libinit$$00000023  c_w.l(libinit2.o)
    0x08000256   0x08000256   0x00000000   Code   RO         4524    .ARM.Collect$$libinit$$00000025  c_w.l(libinit2.o)
    0x08000256   0x08000256   0x00000000   Code   RO         4528    .ARM.Collect$$libinit$$0000002C  c_w.l(libinit2.o)
    0x08000256   0x08000256   0x00000000   Code   RO         4530    .ARM.Collect$$libinit$$0000002E  c_w.l(libinit2.o)
    0x08000256   0x08000256   0x00000000   Code   RO         4532    .ARM.Collect$$libinit$$00000030  c_w.l(libinit2.o)
    0x08000256   0x08000256   0x00000000   Code   RO         4534    .ARM.Collect$$libinit$$00000032  c_w.l(libinit2.o)
    0x08000256   0x08000256   0x00000002   Code   RO         4535    .ARM.Collect$$libinit$$00000033  c_w.l(libinit2.o)
    0x08000258   0x08000258   0x00000002   Code   RO         4566    .ARM.Collect$$libshutdown$$00000000  c_w.l(libshutdown.o)
    0x0800025a   0x0800025a   0x00000000   Code   RO         4592    .ARM.Collect$$libshutdown$$00000002  c_w.l(libshutdown2.o)
    0x0800025a   0x0800025a   0x00000000   Code   RO         4594    .ARM.Collect$$libshutdown$$00000004  c_w.l(libshutdown2.o)
    0x0800025a   0x0800025a   0x00000000   Code   RO         4596    .ARM.Collect$$libshutdown$$00000006  c_w.l(libshutdown2.o)
    0x0800025a   0x0800025a   0x00000000   Code   RO         4599    .ARM.Collect$$libshutdown$$00000009  c_w.l(libshutdown2.o)
    0x0800025a   0x0800025a   0x00000000   Code   RO         4602    .ARM.Collect$$libshutdown$$0000000C  c_w.l(libshutdown2.o)
    0x0800025a   0x0800025a   0x00000000   Code   RO         4604    .ARM.Collect$$libshutdown$$0000000E  c_w.l(libshutdown2.o)
    0x0800025a   0x0800025a   0x00000000   Code   RO         4607    .ARM.Collect$$libshutdown$$00000011  c_w.l(libshutdown2.o)
    0x0800025a   0x0800025a   0x00000002   Code   RO         4608    .ARM.Collect$$libshutdown$$00000012  c_w.l(libshutdown2.o)
    0x0800025c   0x0800025c   0x00000000   Code   RO         4435    .ARM.Collect$$rtentry$$00000000  c_w.l(__rtentry.o)
    0x0800025c   0x0800025c   0x00000000   Code   RO         4448    .ARM.Collect$$rtentry$$00000002  c_w.l(__rtentry2.o)
    0x0800025c   0x0800025c   0x00000006   Code   RO         4460    .ARM.Collect$$rtentry$$00000004  c_w.l(__rtentry4.o)
    0x08000262   0x08000262   0x00000000   Code   RO         4450    .ARM.Collect$$rtentry$$00000009  c_w.l(__rtentry2.o)
    0x08000262   0x08000262   0x00000004   Code   RO         4451    .ARM.Collect$$rtentry$$0000000A  c_w.l(__rtentry2.o)
    0x08000266   0x08000266   0x00000000   Code   RO         4453    .ARM.Collect$$rtentry$$0000000C  c_w.l(__rtentry2.o)
    0x08000266   0x08000266   0x00000008   Code   RO         4454    .ARM.Collect$$rtentry$$0000000D  c_w.l(__rtentry2.o)
    0x0800026e   0x0800026e   0x00000002   Code   RO         4483    .ARM.Collect$$rtexit$$00000000  c_w.l(rtexit.o)
    0x08000270   0x08000270   0x00000000   Code   RO         4539    .ARM.Collect$$rtexit$$00000002  c_w.l(rtexit2.o)
    0x08000270   0x08000270   0x00000004   Code   RO         4540    .ARM.Collect$$rtexit$$00000003  c_w.l(rtexit2.o)
    0x08000274   0x08000274   0x00000006   Code   RO         4541    .ARM.Collect$$rtexit$$00000004  c_w.l(rtexit2.o)
    0x0800027a   0x0800027a   0x00000002   PAD
    0x0800027c   0x0800027c   0x00000040   Code   RO            4    .text               startup_stm32l452xx.o
    0x080002bc   0x080002bc   0x000000ee   Code   RO         4407    .text               c_w.l(lludivv7m.o)
    0x080003aa   0x080003aa   0x0000003e   Code   RO         4409    .text               c_w.l(strlen.o)
    0x080003e8   0x080003e8   0x0000008a   Code   RO         4411    .text               c_w.l(rt_memcpy_v6.o)
    0x08000472   0x08000472   0x00000064   Code   RO         4413    .text               c_w.l(rt_memcpy_w.o)
    0x080004d6   0x080004d6   0x0000004e   Code   RO         4415    .text               c_w.l(rt_memclr_w.o)
    0x08000524   0x08000524   0x00000080   Code   RO         4417    .text               c_w.l(strcmpv7m.o)
    0x080005a4   0x080005a4   0x00000006   Code   RO         4419    .text               c_w.l(heapauxi.o)
    0x080005aa   0x080005aa   0x0000004a   Code   RO         4466    .text               c_w.l(sys_stackheap_outer.o)
    0x080005f4   0x080005f4   0x00000012   Code   RO         4468    .text               c_w.l(exit.o)
    0x08000606   0x08000606   0x00000002   PAD
    0x08000608   0x08000608   0x00000008   Code   RO         4480    .text               c_w.l(libspace.o)
    0x08000610   0x08000610   0x0000000c   Code   RO         4536    .text               c_w.l(sys_exit.o)
    0x0800061c   0x0800061c   0x00000002   Code   RO         4555    .text               c_w.l(use_no_semi.o)
    0x0800061e   0x0800061e   0x00000000   Code   RO         4557    .text               c_w.l(indicate_semi.o)
    0x0800061e   0x0800061e   0x00000002   PAD
    0x08000620   0x08000620   0x00000744   Code   RO         4379    i.AT_Init           at_command.o
    0x08000d64   0x08000d64   0x00000004   Code   RO          260    i.BusFault_Handler  stm32l4xx_it.o
    0x08000d68   0x08000d68   0x00000002   Code   RO          261    i.DebugMon_Handler  stm32l4xx_it.o
    0x08000d6a   0x08000d6a   0x00000006   Code   RO           13    i.Error_Handler     main.o
    0x08000d70   0x08000d70   0x0000005a   Code   RO         2184    i.HAL_DMA_Abort     stm32l4xx_hal_dma.o
    0x08000dca   0x08000dca   0x0000005c   Code   RO         2185    i.HAL_DMA_Abort_IT  stm32l4xx_hal_dma.o
    0x08000e26   0x08000e26   0x00000002   PAD
    0x08000e28   0x08000e28   0x00000028   Code   RO          841    i.HAL_Delay         stm32l4xx_hal.o
    0x08000e50   0x08000e50   0x000001c0   Code   RO         2120    i.HAL_GPIO_Init     stm32l4xx_hal_gpio.o
    0x08001010   0x08001010   0x00000014   Code   RO         2123    i.HAL_GPIO_TogglePin  stm32l4xx_hal_gpio.o
    0x08001024   0x08001024   0x0000000a   Code   RO         2124    i.HAL_GPIO_WritePin  stm32l4xx_hal_gpio.o
    0x0800102e   0x0800102e   0x00000002   PAD
    0x08001030   0x08001030   0x0000000c   Code   RO          845    i.HAL_GetTick       stm32l4xx_hal.o
    0x0800103c   0x0800103c   0x00000018   Code   RO          851    i.HAL_IncTick       stm32l4xx_hal.o
    0x08001054   0x08001054   0x0000001e   Code   RO          852    i.HAL_Init          stm32l4xx_hal.o
    0x08001072   0x08001072   0x00000002   PAD
    0x08001074   0x08001074   0x00000058   Code   RO          853    i.HAL_InitTick      stm32l4xx_hal.o
    0x080010cc   0x080010cc   0x00000040   Code   RO          360    i.HAL_MspInit       stm32l4xx_hal_msp.o
    0x0800110c   0x0800110c   0x00000028   Code   RO         2637    i.HAL_NVIC_EnableIRQ  stm32l4xx_hal_cortex.o
    0x08001134   0x08001134   0x00000082   Code   RO         2643    i.HAL_NVIC_SetPriority  stm32l4xx_hal_cortex.o
    0x080011b6   0x080011b6   0x00000002   PAD
    0x080011b8   0x080011b8   0x00000028   Code   RO         2644    i.HAL_NVIC_SetPriorityGrouping  stm32l4xx_hal_cortex.o
    0x080011e0   0x080011e0   0x0000008c   Code   RO         2411    i.HAL_PWREx_ControlVoltageScaling  stm32l4xx_hal_pwr_ex.o
    0x0800126c   0x0800126c   0x00000010   Code   RO         2438    i.HAL_PWREx_GetVoltageRange  stm32l4xx_hal_pwr_ex.o
    0x0800127c   0x0800127c   0x00000014   Code   RO         2303    i.HAL_PWR_EnableBkUpAccess  stm32l4xx_hal_pwr.o
    0x08001290   0x08001290   0x00000410   Code   RO         1723    i.HAL_RCCEx_PeriphCLKConfig  stm32l4xx_hal_rcc_ex.o
    0x080016a0   0x080016a0   0x000001b4   Code   RO         1595    i.HAL_RCC_ClockConfig  stm32l4xx_hal_rcc.o
    0x08001854   0x08001854   0x0000000c   Code   RO         1599    i.HAL_RCC_GetHCLKFreq  stm32l4xx_hal_rcc.o
    0x08001860   0x08001860   0x00000024   Code   RO         1601    i.HAL_RCC_GetPCLK1Freq  stm32l4xx_hal_rcc.o
    0x08001884   0x08001884   0x00000024   Code   RO         1602    i.HAL_RCC_GetPCLK2Freq  stm32l4xx_hal_rcc.o
    0x080018a8   0x080018a8   0x000000ec   Code   RO         1604    i.HAL_RCC_GetSysClockFreq  stm32l4xx_hal_rcc.o
    0x08001994   0x08001994   0x00000750   Code   RO         1607    i.HAL_RCC_OscConfig  stm32l4xx_hal_rcc.o
    0x080020e4   0x080020e4   0x00000002   Code   RO          594    i.HAL_RTCEx_AlarmBEventCallback  stm32l4xx_hal_rtc_ex.o
    0x080020e6   0x080020e6   0x00000002   Code   RO          420    i.HAL_RTC_AlarmAEventCallback  stm32l4xx_hal_rtc.o
    0x080020e8   0x080020e8   0x0000006c   Code   RO          421    i.HAL_RTC_AlarmIRQHandler  stm32l4xx_hal_rtc.o
    0x08002154   0x08002154   0x000000b0   Code   RO          433    i.HAL_RTC_Init      stm32l4xx_hal_rtc.o
    0x08002204   0x08002204   0x00000058   Code   RO          362    i.HAL_RTC_MspInit   stm32l4xx_hal_msp.o
    0x0800225c   0x0800225c   0x00000218   Code   RO          438    i.HAL_RTC_SetAlarm_IT  stm32l4xx_hal_rtc.o
    0x08002474   0x08002474   0x000000cc   Code   RO          439    i.HAL_RTC_SetDate   stm32l4xx_hal_rtc.o
    0x08002540   0x08002540   0x000000f8   Code   RO          440    i.HAL_RTC_SetTime   stm32l4xx_hal_rtc.o
    0x08002638   0x08002638   0x00000038   Code   RO          441    i.HAL_RTC_WaitForSynchro  stm32l4xx_hal_rtc.o
    0x08002670   0x08002670   0x00000034   Code   RO         2648    i.HAL_SYSTICK_Config  stm32l4xx_hal_cortex.o
    0x080026a4   0x080026a4   0x00000002   Code   RO         3571    i.HAL_TIMEx_Break2Callback  stm32l4xx_hal_tim_ex.o
    0x080026a6   0x080026a6   0x00000002   Code   RO         3572    i.HAL_TIMEx_BreakCallback  stm32l4xx_hal_tim_ex.o
    0x080026a8   0x080026a8   0x00000002   Code   RO         3573    i.HAL_TIMEx_CommutCallback  stm32l4xx_hal_tim_ex.o
    0x080026aa   0x080026aa   0x00000002   PAD
    0x080026ac   0x080026ac   0x00000094   Code   RO         3593    i.HAL_TIMEx_MasterConfigSynchronization  stm32l4xx_hal_tim_ex.o
    0x08002740   0x08002740   0x0000006e   Code   RO         2846    i.HAL_TIM_Base_Init  stm32l4xx_hal_tim.o
    0x080027ae   0x080027ae   0x00000002   PAD
    0x080027b0   0x080027b0   0x00000040   Code   RO          364    i.HAL_TIM_Base_MspInit  stm32l4xx_hal_msp.o
    0x080027f0   0x080027f0   0x00000084   Code   RO         2851    i.HAL_TIM_Base_Start_IT  stm32l4xx_hal_tim.o
    0x08002874   0x08002874   0x00000110   Code   RO         2855    i.HAL_TIM_ConfigClockSource  stm32l4xx_hal_tim.o
    0x08002984   0x08002984   0x00000002   Code   RO         2880    i.HAL_TIM_IC_CaptureCallback  stm32l4xx_hal_tim.o
    0x08002986   0x08002986   0x000001b8   Code   RO         2894    i.HAL_TIM_IRQHandler  stm32l4xx_hal_tim.o
    0x08002b3e   0x08002b3e   0x00000002   Code   RO         2897    i.HAL_TIM_OC_DelayElapsedCallback  stm32l4xx_hal_tim.o
    0x08002b40   0x08002b40   0x00000002   Code   RO         2924    i.HAL_TIM_PWM_PulseFinishedCallback  stm32l4xx_hal_tim.o
    0x08002b42   0x08002b42   0x00000002   Code   RO           14    i.HAL_TIM_PeriodElapsedCallback  main.o
    0x08002b44   0x08002b44   0x00000002   Code   RO         2937    i.HAL_TIM_TriggerCallback  stm32l4xx_hal_tim.o
    0x08002b46   0x08002b46   0x00000002   Code   RO         3865    i.HAL_UARTEx_RxEventCallback  stm32l4xx_hal_uart.o
    0x08002b48   0x08002b48   0x00000002   Code   RO         4263    i.HAL_UARTEx_WakeupCallback  stm32l4xx_hal_uart_ex.o
    0x08002b4a   0x08002b4a   0x00000002   Code   RO         3881    i.HAL_UART_ErrorCallback  stm32l4xx_hal_uart.o
    0x08002b4c   0x08002b4c   0x00000348   Code   RO         3884    i.HAL_UART_IRQHandler  stm32l4xx_hal_uart.o
    0x08002e94   0x08002e94   0x00000074   Code   RO         3885    i.HAL_UART_Init     stm32l4xx_hal_uart.o
    0x08002f08   0x08002f08   0x000001a8   Code   RO          366    i.HAL_UART_MspInit  stm32l4xx_hal_msp.o
    0x080030b0   0x080030b0   0x00000070   Code   RO         3890    i.HAL_UART_Receive_IT  stm32l4xx_hal_uart.o
    0x08003120   0x08003120   0x00000098   Code   RO           15    i.HAL_UART_RxCpltCallback  main.o
    0x080031b8   0x080031b8   0x000000d8   Code   RO         3894    i.HAL_UART_Transmit  stm32l4xx_hal_uart.o
    0x08003290   0x08003290   0x00000002   Code   RO         3897    i.HAL_UART_TxCpltCallback  stm32l4xx_hal_uart.o
    0x08003292   0x08003292   0x00000004   Code   RO          262    i.HardFault_Handler  stm32l4xx_it.o
    0x08003296   0x08003296   0x00000002   PAD
    0x08003298   0x08003298   0x000000c4   Code   RO           16    i.MX_GPIO_Init      main.o
    0x0800335c   0x0800335c   0x000000d4   Code   RO           17    i.MX_RTC_Init       main.o
    0x08003430   0x08003430   0x00000070   Code   RO           18    i.MX_TIM2_Init      main.o
    0x080034a0   0x080034a0   0x00000040   Code   RO           19    i.MX_UART4_Init     main.o
    0x080034e0   0x080034e0   0x00000040   Code   RO           20    i.MX_USART1_UART_Init  main.o
    0x08003520   0x08003520   0x00000040   Code   RO           21    i.MX_USART3_UART_Init  main.o
    0x08003560   0x08003560   0x00000004   Code   RO          263    i.MemManage_Handler  stm32l4xx_it.o
    0x08003564   0x08003564   0x00000004   Code   RO          264    i.NMI_Handler       stm32l4xx_it.o
    0x08003568   0x08003568   0x00000002   Code   RO          265    i.PendSV_Handler    stm32l4xx_it.o
    0x0800356a   0x0800356a   0x00000002   PAD
    0x0800356c   0x0800356c   0x00000188   Code   RO         1727    i.RCCEx_PLLSAI1_Config  stm32l4xx_hal_rcc_ex.o
    0x080036f4   0x080036f4   0x0000009c   Code   RO         1608    i.RCC_SetFlashLatencyFromMSIRange  stm32l4xx_hal_rcc.o
    0x08003790   0x08003790   0x00000010   Code   RO          266    i.RTC_Alarm_IRQHandler  stm32l4xx_it.o
    0x080037a0   0x080037a0   0x0000001c   Code   RO          443    i.RTC_ByteToBcd2    stm32l4xx_hal_rtc.o
    0x080037bc   0x080037bc   0x00000044   Code   RO          444    i.RTC_EnterInitMode  stm32l4xx_hal_rtc.o
    0x08003800   0x08003800   0x00000068   Code   RO          445    i.RTC_ExitInitMode  stm32l4xx_hal_rtc.o
    0x08003868   0x08003868   0x00000002   Code   RO          267    i.SVC_Handler       stm32l4xx_it.o
    0x0800386a   0x0800386a   0x00000008   Code   RO          268    i.SysTick_Handler   stm32l4xx_it.o
    0x08003872   0x08003872   0x00000002   PAD
    0x08003874   0x08003874   0x00000094   Code   RO           22    i.SystemClock_Config  main.o
    0x08003908   0x08003908   0x00000014   Code   RO         4343    i.SystemInit        system_stm32l4xx.o
    0x0800391c   0x0800391c   0x00000010   Code   RO          269    i.TIM2_IRQHandler   stm32l4xx_it.o
    0x0800392c   0x0800392c   0x00000084   Code   RO         2939    i.TIM_Base_SetConfig  stm32l4xx_hal_tim.o
    0x080039b0   0x080039b0   0x00000016   Code   RO         2950    i.TIM_ETR_SetConfig  stm32l4xx_hal_tim.o
    0x080039c6   0x080039c6   0x00000012   Code   RO         2951    i.TIM_ITRx_SetConfig  stm32l4xx_hal_tim.o
    0x080039d8   0x080039d8   0x00000026   Code   RO         2959    i.TIM_TI1_ConfigInputStage  stm32l4xx_hal_tim.o
    0x080039fe   0x080039fe   0x00000028   Code   RO         2961    i.TIM_TI2_ConfigInputStage  stm32l4xx_hal_tim.o
    0x08003a26   0x08003a26   0x00000002   PAD
    0x08003a28   0x08003a28   0x00000074   Code   RO           23    i.UART1_GetData     main.o
    0x08003a9c   0x08003a9c   0x00000074   Code   RO           24    i.UART3_GetData     main.o
    0x08003b10   0x08003b10   0x000000f8   Code   RO         3899    i.UART_AdvFeatureConfig  stm32l4xx_hal_uart.o
    0x08003c08   0x08003c08   0x00000072   Code   RO         3900    i.UART_CheckIdleState  stm32l4xx_hal_uart.o
    0x08003c7a   0x08003c7a   0x00000018   Code   RO         3901    i.UART_DMAAbortOnError  stm32l4xx_hal_uart.o
    0x08003c92   0x08003c92   0x00000064   Code   RO         3911    i.UART_EndRxTransfer  stm32l4xx_hal_uart.o
    0x08003cf6   0x08003cf6   0x0000002e   Code   RO         3912    i.UART_EndTransmit_IT  stm32l4xx_hal_uart.o
    0x08003d24   0x08003d24   0x000000cc   Code   RO         3914    i.UART_RxISR_16BIT  stm32l4xx_hal_uart.o
    0x08003df0   0x08003df0   0x000000c8   Code   RO         3915    i.UART_RxISR_8BIT   stm32l4xx_hal_uart.o
    0x08003eb8   0x08003eb8   0x0000032e   Code   RO         3916    i.UART_SetConfig    stm32l4xx_hal_uart.o
    0x080041e6   0x080041e6   0x00000002   PAD
    0x080041e8   0x080041e8   0x000000fc   Code   RO         3918    i.UART_Start_Receive_IT  stm32l4xx_hal_uart.o
    0x080042e4   0x080042e4   0x000000f8   Code   RO         3921    i.UART_WaitOnFlagUntilTimeout  stm32l4xx_hal_uart.o
    0x080043dc   0x080043dc   0x00000010   Code   RO          270    i.USART1_IRQHandler  stm32l4xx_it.o
    0x080043ec   0x080043ec   0x00000010   Code   RO          271    i.USART3_IRQHandler  stm32l4xx_it.o
    0x080043fc   0x080043fc   0x00000004   Code   RO          272    i.UsageFault_Handler  stm32l4xx_it.o
    0x08004400   0x08004400   0x00000010   Code   RO         2650    i.__NVIC_GetPriorityGrouping  stm32l4xx_hal_cortex.o
    0x08004410   0x08004410   0x00000028   Code   RO         2651    i.__NVIC_SetPriority  stm32l4xx_hal_cortex.o
    0x08004438   0x08004438   0x00000050   Code   RO           25    i.enable_Sim        main.o
    0x08004488   0x08004488   0x000002ac   Code   RO           26    i.get_And_Send_Current_Time  main.o
    0x08004734   0x08004734   0x00000114   Code   RO           28    i.handle_Check_Data_Module  main.o
    0x08004848   0x08004848   0x0000027c   Code   RO           29    i.handle_Data_Module  main.o
    0x08004ac4   0x08004ac4   0x00000078   Code   RO           30    i.main              main.o
    0x08004b3c   0x08004b3c   0x00000018   Code   RO         4464    x$fpl$dcmpinf       fz_wm.l(dcmpi.o)
    0x08004b54   0x08004b54   0x000002b0   Code   RO         4424    x$fpl$ddiv          fz_wm.l(ddiv.o)
    0x08004e04   0x08004e04   0x0000002e   Code   RO         4428    x$fpl$dflt          fz_wm.l(dflt_clz.o)
    0x08004e32   0x08004e32   0x00000026   Code   RO         4427    x$fpl$dfltu         fz_wm.l(dflt_clz.o)
    0x08004e58   0x08004e58   0x00000078   Code   RO         4440    x$fpl$dleqf         fz_wm.l(dleqf.o)
    0x08004ed0   0x08004ed0   0x0000009c   Code   RO         4442    x$fpl$dnaninf       fz_wm.l(dnaninf.o)
    0x08004f6c   0x08004f6c   0x0000000c   Code   RO         4444    x$fpl$dretinf       fz_wm.l(dretinf.o)
    0x08004f78   0x08004f78   0x0000006c   Code   RO         4433    x$fpl$drleqf        fz_wm.l(drleqf.o)
    0x08004fe4   0x08004fe4   0x0000000a   Code   RO         4551    x$fpl$fpinit        fz_wm.l(fpinit.o)
    0x08004fee   0x08004fee   0x00000000   Code   RO         4446    x$fpl$usenofp       fz_wm.l(usenofp.o)
    0x08004fee   0x08004fee   0x00000002   PAD
    0x08004ff0   0x08004ff0   0x00000048   Data   RO         4344    .constdata          system_stm32l4xx.o
    0x08005038   0x08005038   0x00000020   Data   RO         4609    Region$$Table       anon$$obj.o


    Execution Region RW_IRAM2 (Exec base: 0x10000000, Load base: 0x08005274, Size: 0x00000000, Max: 0x00008000, ABSOLUTE)

    **** No section assigned to this execution region ****


    Execution Region RW_IRAM1 (Exec base: 0x20000000, Load base: 0x08005058, Size: 0x00002030, Max: 0x00020000, ABSOLUTE, COMPRESSED[0x0000021c])

    Exec Addr    Load Addr    Size         Type   Attr      Idx    E Section Name        Object

    0x20000000   COMPRESSED   0x00000068   Data   RW           32    .data               main.o
    0x20000068   COMPRESSED   0x00000009   Data   RW          869    .data               stm32l4xx_hal.o
    0x20000071   COMPRESSED   0x00000003   PAD
    0x20000074   COMPRESSED   0x00000004   Data   RW         4345    .data               system_stm32l4xx.o
    0x20000078   COMPRESSED   0x000004e2   Data   RW         4381    .data               at_command.o
    0x2000055a   COMPRESSED   0x00000002   PAD
    0x2000055c        -       0x000013e4   Zero   RW           31    .bss                main.o
    0x20001940        -       0x0000008c   Zero   RW         4380    .bss                at_command.o
    0x200019cc        -       0x00000060   Zero   RW         4481    .bss                c_w.l(libspace.o)
    0x20001a2c   COMPRESSED   0x00000004   PAD
    0x20001a30        -       0x00000200   Zero   RW            2    HEAP                startup_stm32l452xx.o
    0x20001c30        -       0x00000400   Zero   RW            1    STACK               startup_stm32l452xx.o


==============================================================================

Image component sizes


      Code (inc. data)   RO Data    RW Data    ZI Data      Debug   Object Name

      1860        346          0       1250        140       7005   at_command.o
      3048        374          0        104       5092     760075   main.o
        64         26        404          0       1536        828   startup_stm32l452xx.o
       194         32          0          9          0      13425   stm32l4xx_hal.o
       318         22          0          0          0      34247   stm32l4xx_hal_cortex.o
       182          0          0          0          0       1715   stm32l4xx_hal_dma.o
       478         30          0          0          0       2637   stm32l4xx_hal_gpio.o
       640         44          0          0          0       3122   stm32l4xx_hal_msp.o
        20          6          0          0          0        531   stm32l4xx_hal_pwr.o
       156         18          0          0          0       1326   stm32l4xx_hal_pwr_ex.o
      2784        108          0          0          0       7276   stm32l4xx_hal_rcc.o
      1432         24          0          0          0       2924   stm32l4xx_hal_rcc_ex.o
      1530         32          0          0          0       8094   stm32l4xx_hal_rtc.o
         2          0          0          0          0        956   stm32l4xx_hal_rtc_ex.o
      1212         38          0          0          0       9503   stm32l4xx_hal_tim.o
       154         14          0          0          0       3048   stm32l4xx_hal_tim_ex.o
      3540         74          0          0          0      15333   stm32l4xx_hal_uart.o
         2          0          0          0          0        940   stm32l4xx_hal_uart_ex.o
        98         24          0          0          0       6019   stm32l4xx_it.o
        20          6         72          4          0       1141   system_stm32l4xx.o

    ----------------------------------------------------------------------
     17756       1218        508       1372       6768     880145   Object Totals
         0          0         32          0          0          0   (incl. Generated)
        22          0          0          5          0          0   (incl. Padding)

    ----------------------------------------------------------------------

      Code (inc. data)   RO Data    RW Data    ZI Data      Debug   Library Member Name

       100          0          0          0          0          0   __dclz77c.o
         8          0          0          0          0         68   __main.o
         0          0          0          0          0          0   __rtentry.o
        12          0          0          0          0          0   __rtentry2.o
         6          0          0          0          0          0   __rtentry4.o
        52          8          0          0          0          0   __scatter.o
        28          0          0          0          0          0   __scatter_zi.o
        18          0          0          0          0         80   exit.o
         6          0          0          0          0        152   heapauxi.o
         0          0          0          0          0          0   indicate_semi.o
         2          0          0          0          0          0   libinit.o
         6          0          0          0          0          0   libinit2.o
         2          0          0          0          0          0   libshutdown.o
         2          0          0          0          0          0   libshutdown2.o
         8          4          0          0         96         68   libspace.o
       238          0          0          0          0        100   lludivv7m.o
        78          0          0          0          0         80   rt_memclr_w.o
       138          0          0          0          0         68   rt_memcpy_v6.o
       100          0          0          0          0         80   rt_memcpy_w.o
         2          0          0          0          0          0   rtexit.o
        10          0          0          0          0          0   rtexit2.o
       128          0          0          0          0         68   strcmpv7m.o
        62          0          0          0          0         76   strlen.o
        12          4          0          0          0         68   sys_exit.o
        74          0          0          0          0         80   sys_stackheap_outer.o
         2          0          0          0          0         68   use_no_semi.o
        24          0          0          0          0        116   dcmpi.o
       688        140          0          0          0        256   ddiv.o
        84          0          0          0          0        232   dflt_clz.o
       120          4          0          0          0        140   dleqf.o
       156          4          0          0          0        140   dnaninf.o
        12          0          0          0          0        116   dretinf.o
       108          0          0          0          0        128   drleqf.o
        10          0          0          0          0        116   fpinit.o
         0          0          0          0          0          0   usenofp.o

    ----------------------------------------------------------------------
      2304        164          0          0        100       2300   Library Totals
         8          0          0          0          4          0   (incl. Padding)

    ----------------------------------------------------------------------

      Code (inc. data)   RO Data    RW Data    ZI Data      Debug   Library Name

      1094         16          0          0         96       1056   c_w.l
      1202        148          0          0          0       1244   fz_wm.l

    ----------------------------------------------------------------------
      2304        164          0          0        100       2300   Library Totals

    ----------------------------------------------------------------------

==============================================================================


      Code (inc. data)   RO Data    RW Data    ZI Data      Debug   

     20060       1382        508       1372       6868     870877   Grand Totals
     20060       1382        508        540       6868     870877   ELF Image Totals (compressed)
     20060       1382        508        540          0          0   ROM Totals

==============================================================================

    Total RO  Size (Code + RO Data)                20568 (  20.09kB)
    Total RW  Size (RW Data + ZI Data)              8240 (   8.05kB)
    Total ROM Size (Code + RO Data + RW Data)      21108 (  20.61kB)

==============================================================================

